BL51 BANKED LINKER/LOCATER V6.22                                                        02/21/2014  20:39:51  PAGE 1


BL51 BANKED LINKER/LOCATER V6.22, INVOKED BY:
D:\KEIL4\C51\BIN\BL51.EXE main.obj, vvspi.obj TO stc15_mini12864_test RAMSIZE (256)


MEMORY MODEL: SMALL


INPUT MODULES INCLUDED:
  main.obj (MAIN)
  vvspi.obj (VVSPI)
  D:\KEIL4\C51\LIB\C51S.LIB (?C_STARTUP)
  D:\KEIL4\C51\LIB\C51S.LIB (?C?CLDPTR)
  D:\KEIL4\C51\LIB\C51S.LIB (?C?CLDOPTR)
  D:\KEIL4\C51\LIB\C51S.LIB (?C?CSTOPTR)
  D:\KEIL4\C51\LIB\C51S.LIB (?C?IMUL)
  D:\KEIL4\C51\LIB\C51S.LIB (?C?LMUL)
  D:\KEIL4\C51\LIB\C51S.LIB (?C?ULSHR)
  D:\KEIL4\C51\LIB\C51S.LIB (?C_INIT)


LINK MAP OF MODULE:  stc15_mini12864_test (MAIN)


            TYPE    BASE      LENGTH    RELOCATION   SEGMENT NAME
            -----------------------------------------------------

            * * * * * * *   D A T A   M E M O R Y   * * * * * * *
            REG     0000H     0008H     ABSOLUTE     "REG BANK 0"
            DATA    0008H     0044H     UNIT         _DATA_GROUP_
            DATA    004CH     0004H     UNIT         ?DT?MAIN
            IDATA   0050H     0001H     UNIT         ?STACK

            * * * * * * *   C O D E   M E M O R Y   * * * * * * *
            CODE    0000H     0003H     ABSOLUTE     
            CODE    0003H     0626H     UNIT         ?CO?MAIN
            CODE    0629H     0207H     UNIT         ?PR?_DISPLAY_GB2312_STRING?MAIN
            CODE    0830H     0183H     UNIT         ?PR?MAIN?MAIN
            CODE    09B3H     00DCH     UNIT         ?C?LIB_CODE
            CODE    0A8FH     00D6H     UNIT         ?PR?_DISPLAY_STRING_5X7?MAIN
            CODE    0B65H     008CH     UNIT         ?C_C51STARTUP
            CODE    0BF1H     007BH     UNIT         ?PR?INITIAL_LCD?MAIN
            CODE    0C6CH     006EH     UNIT         ?PR?_DISPLAY_GRAPHIC_16X16?MAIN
            CODE    0CDAH     0062H     UNIT         ?PR?_DISPLAY_GRAPHIC_8X16?MAIN
            CODE    0D3CH     005BH     UNIT         ?PR?_DISPLAY_128X64?MAIN
            CODE    0D97H     0049H     UNIT         ?PR?_DISPLAY_GRAPHIC_5X7?MAIN
            CODE    0DE0H     0042H     UNIT         ?PR?_GET_N_BYTES_DATA_FROM_ROM?MAIN
            CODE    0E22H     0032H     UNIT         ?PR?_LCD_ADDRESS?MAIN
            CODE    0E54H     0030H     UNIT         ?PR?CLEAR_SCREEN?MAIN
            CODE    0E84H     002BH     UNIT         ?PR?_TRANSFER_DATA_LCD?MAIN
            CODE    0EAFH     002AH     UNIT         ?PR?_DELAY?MAIN
            CODE    0ED9H     0025H     UNIT         ?PR?_TRANSFER_COMMAND_LCD?MAIN
            CODE    0EFEH     001AH     UNIT         ?PR?GET_DATA_FROM_ROM?MAIN
            CODE    0F18H     0019H     UNIT         ?PR?_SEND_COMMAND_TO_ROM?MAIN
            CODE    0F31H     000FH     UNIT         ?PR?INIT_SPI?VVSPI
            CODE    0F40H     000EH     UNIT         ?PR?READBYTE?VVSPI
            CODE    0F4EH     000BH     UNIT         ?PR?_WRITEBYTE?VVSPI
            CODE    0F59H     0007H     UNIT         ?C_INITSEG

BL51 BANKED LINKER/LOCATER V6.22                                                      02/21/2014  20:39:51  PAGE 2




OVERLAY MAP OF MODULE:   stc15_mini12864_test (MAIN)


SEGMENT                                       DATA_GROUP 
  +--> CALLED SEGMENT                       START    LENGTH
-----------------------------------------------------------
?C_C51STARTUP                               -----    -----
  +--> ?PR?MAIN?MAIN
  +--> ?C_INITSEG

?PR?MAIN?MAIN                               -----    -----
  +--> ?PR?INITIAL_LCD?MAIN
  +--> ?PR?CLEAR_SCREEN?MAIN
  +--> ?CO?MAIN
  +--> ?PR?_DISPLAY_128X64?MAIN
  +--> ?PR?_DELAY?MAIN
  +--> ?PR?_DISPLAY_GB2312_STRING?MAIN
  +--> ?PR?_DISPLAY_GRAPHIC_16X16?MAIN
  +--> ?PR?_DISPLAY_STRING_5X7?MAIN

?PR?INITIAL_LCD?MAIN                        -----    -----
  +--> ?PR?_DELAY?MAIN
  +--> ?PR?_TRANSFER_COMMAND_LCD?MAIN

?PR?CLEAR_SCREEN?MAIN                       -----    -----
  +--> ?PR?_TRANSFER_COMMAND_LCD?MAIN
  +--> ?PR?_TRANSFER_DATA_LCD?MAIN

?PR?_DISPLAY_128X64?MAIN                    0008H    0007H
  +--> ?PR?_LCD_ADDRESS?MAIN
  +--> ?PR?_TRANSFER_DATA_LCD?MAIN

?PR?_LCD_ADDRESS?MAIN                       -----    -----
  +--> ?PR?_TRANSFER_COMMAND_LCD?MAIN

?PR?_DISPLAY_GB2312_STRING?MAIN             0008H    0039H
  +--> ?PR?_GET_N_BYTES_DATA_FROM_ROM?MAIN
  +--> ?PR?_DISPLAY_GRAPHIC_16X16?MAIN
  +--> ?PR?_DISPLAY_GRAPHIC_8X16?MAIN

?PR?_GET_N_BYTES_DATA_FROM_ROM?MAIN         0041H    0007H
  +--> ?PR?_SEND_COMMAND_TO_ROM?MAIN
  +--> ?PR?GET_DATA_FROM_ROM?MAIN

?PR?_DISPLAY_GRAPHIC_16X16?MAIN             0041H    000BH
  +--> ?PR?_LCD_ADDRESS?MAIN
  +--> ?PR?_TRANSFER_DATA_LCD?MAIN

?PR?_DISPLAY_GRAPHIC_8X16?MAIN              0041H    000AH
  +--> ?PR?_LCD_ADDRESS?MAIN
  +--> ?PR?_TRANSFER_DATA_LCD?MAIN

?PR?_DISPLAY_STRING_5X7?MAIN                0008H    0011H
  +--> ?PR?_GET_N_BYTES_DATA_FROM_ROM?MAIN
  +--> ?PR?_DISPLAY_GRAPHIC_5X7?MAIN
BL51 BANKED LINKER/LOCATER V6.22                                                      02/21/2014  20:39:51  PAGE 3



?PR?_DISPLAY_GRAPHIC_5X7?MAIN               0019H    0003H
  +--> ?PR?_TRANSFER_COMMAND_LCD?MAIN
  +--> ?PR?_TRANSFER_DATA_LCD?MAIN



SYMBOL TABLE OF MODULE:  stc15_mini12864_test (MAIN)

  VALUE           TYPE          NAME
  ----------------------------------

  -------         MODULE        MAIN
  C:0000H         SYMBOL        _ICE_DUMMY_
  C:0DE6H         PUBLIC        _get_n_bytes_data_from_ROM
  D:0093H         PUBLIC        P0M1
  C:0E22H         PUBLIC        _lcd_address
  D:0080H         PUBLIC        P0
  D:0090H         PUBLIC        P1
  D:00A0H         PUBLIC        P2
  D:00B0H         PUBLIC        P3
  C:0D97H         PUBLIC        _display_graphic_5x7
  C:0BF1H         PUBLIC        initial_lcd
  C:0F18H         PUBLIC        _send_command_to_ROM
  B:0080H.2       PUBLIC        Rom_OUT
  D:00A8H         PUBLIC        IE
  C:0EB3H         PUBLIC        _delay
  D:00B8H         PUBLIC        IP
  B:00A0H.4       PUBLIC        lcd_cs1
  C:0EFEH         SYMBOL        get_data_from_ROM
  B:0080H.5       PUBLIC        Rom_CS
  C:0830H         PUBLIC        main
  B:0080H.3       PUBLIC        Rom_IN
  C:062FH         PUBLIC        _display_GB2312_string
  D:0098H         PUBLIC        SCON
  D:0088H         PUBLIC        TCON
  C:0CDAH         PUBLIC        _display_graphic_8x16
  B:00A0H.5       PUBLIC        lcd_reset
  C:0A93H         PUBLIC        _display_string_5x7
  C:0ED9H         PUBLIC        _transfer_command_lcd
  B:0080H.0       PUBLIC        lcd_sclk
  C:01E9H         PUBLIC        jiong1
  B:0080H.1       PUBLIC        lcd_sid
  D:004CH         PUBLIC        fontaddr
  C:0D3CH         PUBLIC        _display_128x64
  C:0C74H         PUBLIC        _display_graphic_16x16
  D:00C8H         PUBLIC        T2CON
  C:0209H         PUBLIC        lei1
  C:0E54H         PUBLIC        clear_screen
  C:0229H         PUBLIC        bmp1
  B:0080H.4       PUBLIC        Rom_SCK
  B:00A0H.6       PUBLIC        lcd_rs
  D:00D0H         PUBLIC        PSW
  C:0E8AH         PUBLIC        _transfer_data_lcd
  D:0094H         PUBLIC        P0M0
  -------         PROC          _TRANSFER_COMMAND_LCD
  D:0006H         SYMBOL        data1
BL51 BANKED LINKER/LOCATER V6.22                                                      02/21/2014  20:39:51  PAGE 4


  -------         DO            
  D:0005H         SYMBOL        i
  -------         ENDDO         
  C:0ED9H         LINE#         40
  C:0ED9H         LINE#         41
  C:0ED9H         LINE#         43
  C:0EDBH         LINE#         44
  C:0EDDH         LINE#         45
  C:0EDDH         LINE#         46
  C:0EDFH         LINE#         47
  C:0EE7H         LINE#         48
  C:0EE9H         LINE#         49
  C:0EEBH         LINE#         50
  C:0EF9H         LINE#         51
  C:0EFDH         LINE#         52
  -------         ENDPROC       _TRANSFER_COMMAND_LCD
  C:0E84H         SYMBOL        L?0109
  -------         PROC          L?0108
  -------         ENDPROC       L?0108
  C:0E84H         SYMBOL        L?0109
  -------         PROC          _TRANSFER_DATA_LCD
  D:0006H         SYMBOL        data1
  -------         DO            
  D:0005H         SYMBOL        i
  -------         ENDDO         
  C:0E8AH         LINE#         55
  C:0E8AH         LINE#         56
  C:0E8AH         LINE#         58
  C:0E8CH         LINE#         59
  C:0E8EH         LINE#         60
  C:0E8EH         LINE#         61
  C:0E90H         LINE#         62
  C:0E98H         LINE#         63
  C:0E9AH         LINE#         64
  C:0E9CH         LINE#         65
  C:0EAAH         LINE#         66
  C:0EAEH         LINE#         67
  -------         ENDPROC       _TRANSFER_DATA_LCD
  C:0EAFH         SYMBOL        L?0106
  -------         PROC          L?0105
  -------         ENDPROC       L?0105
  C:0EAFH         SYMBOL        L?0106
  -------         PROC          _DELAY
  D:0006H         SYMBOL        n_ms
  -------         DO            
  D:0004H         SYMBOL        j
  D:0002H         SYMBOL        k
  -------         ENDDO         
  C:0EB3H         LINE#         70
  C:0EB3H         LINE#         71
  C:0EB3H         LINE#         73
  C:0EC3H         LINE#         74
  C:0ED8H         LINE#         75
  -------         ENDPROC       _DELAY
  -------         PROC          INITIAL_LCD
  C:0BF1H         LINE#         79
  C:0BF1H         LINE#         80
BL51 BANKED LINKER/LOCATER V6.22                                                      02/21/2014  20:39:51  PAGE 5


  C:0BF1H         LINE#         81
  C:0BF3H         LINE#         82
  C:0BF5H         LINE#         83
  C:0BF7H         LINE#         84
  C:0BFEH         LINE#         85
  C:0C00H         LINE#         86
  C:0C03H         LINE#         87
  C:0C08H         LINE#         88
  C:0C0FH         LINE#         89
  C:0C14H         LINE#         90
  C:0C1BH         LINE#         91
  C:0C20H         LINE#         92
  C:0C27H         LINE#         93
  C:0C2CH         LINE#         94
  C:0C33H         LINE#         95
  C:0C38H         LINE#         96
  C:0C3FH         LINE#         97
  C:0C46H         LINE#         98
  C:0C4DH         LINE#         99
  C:0C54H         LINE#         100
  C:0C5BH         LINE#         101
  C:0C62H         LINE#         102
  C:0C69H         LINE#         103
  C:0C6BH         LINE#         104
  -------         ENDPROC       INITIAL_LCD
  -------         PROC          _LCD_ADDRESS
  D:0006H         SYMBOL        page
  D:0002H         SYMBOL        column
  C:0E22H         LINE#         106
  C:0E26H         LINE#         107
  C:0E26H         LINE#         109
  C:0E2BH         LINE#         110
  C:0E35H         LINE#         111
  C:0E4BH         LINE#         112
  -------         ENDPROC       _LCD_ADDRESS
  -------         PROC          CLEAR_SCREEN
  -------         DO            
  D:0004H         SYMBOL        i
  D:0003H         SYMBOL        j
  -------         ENDDO         
  C:0E54H         LINE#         116
  C:0E54H         LINE#         117
  C:0E54H         LINE#         119
  C:0E56H         LINE#         120
  C:0E58H         LINE#         121
  C:0E5AH         LINE#         122
  C:0E5AH         LINE#         123
  C:0E64H         LINE#         124
  C:0E6BH         LINE#         125
  C:0E71H         LINE#         126
  C:0E73H         LINE#         127
  C:0E73H         LINE#         128
  C:0E79H         LINE#         129
  C:0E7DH         LINE#         130
  C:0E81H         LINE#         131
  C:0E83H         LINE#         132
  -------         ENDPROC       CLEAR_SCREEN
BL51 BANKED LINKER/LOCATER V6.22                                                      02/21/2014  20:39:51  PAGE 6


  -------         PROC          _DISPLAY_128X64
  D:0008H         SYMBOL        dp
  -------         DO            
  D:000BH         SYMBOL        i
  D:000DH         SYMBOL        j
  -------         ENDDO         
  C:0D3CH         LINE#         135
  C:0D42H         LINE#         136
  C:0D42H         LINE#         138
  C:0D44H         LINE#         139
  C:0D49H         LINE#         140
  C:0D49H         LINE#         141
  C:0D59H         LINE#         142
  C:0D5EH         LINE#         143
  C:0D5EH         LINE#         144
  C:0D67H         LINE#         145
  C:0D72H         LINE#         146
  C:0D83H         LINE#         147
  C:0D94H         LINE#         148
  C:0D96H         LINE#         149
  -------         ENDPROC       _DISPLAY_128X64
  -------         PROC          L?0110
  -------         ENDPROC       L?0110
  -------         PROC          _DISPLAY_GRAPHIC_16X16
  D:0041H         SYMBOL        page
  D:0043H         SYMBOL        column
  D:0045H         SYMBOL        dp
  -------         DO            
  D:0048H         SYMBOL        i
  D:004AH         SYMBOL        j
  -------         ENDDO         
  C:0C74H         LINE#         153
  C:0C82H         LINE#         154
  C:0C82H         LINE#         156
  C:0C84H         LINE#         157
  C:0C86H         LINE#         158
  C:0C8BH         LINE#         159
  C:0C8BH         LINE#         160
  C:0C9CH         LINE#         161
  C:0CA1H         LINE#         162
  C:0CA1H         LINE#         163
  C:0CAAH         LINE#         164
  C:0CB5H         LINE#         165
  C:0CC6H         LINE#         166
  C:0CD7H         LINE#         167
  C:0CD9H         LINE#         168
  -------         ENDPROC       _DISPLAY_GRAPHIC_16X16
  -------         PROC          _DISPLAY_GRAPHIC_8X16
  D:0041H         SYMBOL        page
  D:0043H         SYMBOL        column
  D:0044H         SYMBOL        dp
  -------         DO            
  D:0047H         SYMBOL        i
  D:0049H         SYMBOL        j
  -------         ENDDO         
  C:0CDAH         LINE#         172
  C:0CE6H         LINE#         173
BL51 BANKED LINKER/LOCATER V6.22                                                      02/21/2014  20:39:51  PAGE 7


  C:0CE6H         LINE#         175
  C:0CE8H         LINE#         176
  C:0CEDH         LINE#         177
  C:0CEDH         LINE#         178
  C:0CFEH         LINE#         179
  C:0D03H         LINE#         180
  C:0D03H         LINE#         181
  C:0D0CH         LINE#         182
  C:0D17H         LINE#         183
  C:0D28H         LINE#         184
  C:0D39H         LINE#         185
  C:0D3BH         LINE#         186
  -------         ENDPROC       _DISPLAY_GRAPHIC_8X16
  -------         PROC          _DISPLAY_GRAPHIC_5X7
  D:0006H         SYMBOL        page
  D:0005H         SYMBOL        column
  D:0001H         SYMBOL        dp
  -------         DO            
  D:0019H         SYMBOL        col_cnt
  D:0007H         SYMBOL        page_address
  D:001BH         SYMBOL        column_address_L
  D:0004H         SYMBOL        column_address_H
  -------         ENDDO         
  C:0D97H         LINE#         190
  C:0D97H         LINE#         191
  C:0D97H         LINE#         195
  C:0D9BH         LINE#         197
  C:0D9DH         LINE#         199
  C:0DA3H         LINE#         200
  C:0DAAH         LINE#         202
  C:0DAFH         LINE#         203
  C:0DB6H         LINE#         204
  C:0DBDH         LINE#         206
  C:0DC2H         LINE#         207
  C:0DC2H         LINE#         208
  C:0DC5H         LINE#         209
  C:0DCCH         LINE#         210
  C:0DDDH         LINE#         211
  C:0DDFH         LINE#         212
  -------         ENDPROC       _DISPLAY_GRAPHIC_5X7
  -------         PROC          _SEND_COMMAND_TO_ROM
  D:0007H         SYMBOL        datu
  -------         DO            
  D:0006H         SYMBOL        i
  -------         ENDDO         
  C:0F18H         LINE#         215
  C:0F18H         LINE#         216
  C:0F18H         LINE#         218
  C:0F1AH         LINE#         219
  C:0F1AH         LINE#         220
  C:0F1EH         LINE#         221
  C:0F22H         LINE#         223
  C:0F24H         LINE#         224
  C:0F28H         LINE#         225
  C:0F2AH         LINE#         226
  C:0F2CH         LINE#         227
  C:0F30H         LINE#         228
BL51 BANKED LINKER/LOCATER V6.22                                                      02/21/2014  20:39:51  PAGE 8


  -------         ENDPROC       _SEND_COMMAND_TO_ROM
  -------         PROC          GET_DATA_FROM_ROM
  -------         DO            
  D:0006H         SYMBOL        i
  D:0007H         SYMBOL        ret_data
  -------         ENDDO         
  C:0EFEH         LINE#         231
  C:0EFEH         LINE#         232
  C:0EFEH         LINE#         235
  C:0F00H         LINE#         236
  C:0F02H         LINE#         237
  C:0F03H         LINE#         238
  C:0F03H         LINE#         239
  C:0F05H         LINE#         240
  C:0F07H         LINE#         241
  C:0F0BH         LINE#         242
  C:0F0EH         LINE#         243
  C:0F11H         LINE#         245
  C:0F11H         LINE#         246
  C:0F13H         LINE#         247
  C:0F17H         LINE#         248
  C:0F17H         LINE#         249
  -------         ENDPROC       GET_DATA_FROM_ROM
  -------         PROC          L?0111
  -------         ENDPROC       L?0111
  -------         PROC          _GET_N_BYTES_DATA_FROM_ROM
  D:0004H         SYMBOL        addrHigh
  D:0005H         SYMBOL        addrMid
  D:0003H         SYMBOL        addrLow
  D:0044H         SYMBOL        pBuff
  D:0047H         SYMBOL        DataLen
  -------         DO            
  D:0005H         SYMBOL        i
  -------         ENDDO         
  C:0DE6H         LINE#         255
  C:0DE8H         LINE#         256
  C:0DE8H         LINE#         258
  C:0DEAH         LINE#         259
  C:0DECH         LINE#         260
  C:0DEEH         LINE#         261
  C:0DF3H         LINE#         262
  C:0DF8H         LINE#         263
  C:0DFDH         LINE#         264
  C:0E02H         LINE#         265
  C:0E0AH         LINE#         266
  C:0E1FH         LINE#         267
  C:0E21H         LINE#         268
  -------         ENDPROC       _GET_N_BYTES_DATA_FROM_ROM
  C:062BH         SYMBOL        L?0104
  -------         PROC          L?0103
  -------         ENDPROC       L?0103
  C:062BH         SYMBOL        L?0104
  -------         PROC          _DISPLAY_GB2312_STRING
  D:0008H         SYMBOL        y
  D:0009H         SYMBOL        x
  D:000AH         SYMBOL        text
  -------         DO            
BL51 BANKED LINKER/LOCATER V6.22                                                      02/21/2014  20:39:51  PAGE 9


  D:000DH         SYMBOL        i
  D:000EH         SYMBOL        addrHigh
  D:000FH         SYMBOL        addrMid
  D:0010H         SYMBOL        addrLow
  D:0011H         SYMBOL        fontbuf
  -------         DO            
  D:0031H         SYMBOL        fontbuf
  -------         ENDDO         
  -------         ENDDO         
  C:062FH         LINE#         274
  C:0639H         LINE#         275
  C:0639H         LINE#         276
  C:063CH         LINE#         279
  C:0654H         LINE#         280
  C:0654H         LINE#         281
  C:066EH         LINE#         282
  C:066EH         LINE#         286
  C:068EH         LINE#         287
  C:069DH         LINE#         288
  C:069DH         LINE#         290
  C:069DH         LINE#         291
  C:069DH         LINE#         292
  C:069DH         LINE#         293
  C:069DH         LINE#         294
  C:069DH         LINE#         295
  C:069DH         LINE#         296
  C:069DH         LINE#         297
  C:069FH         LINE#         298
  C:06D2H         LINE#         299
  C:06D2H         LINE#         303
  C:06F2H         LINE#         304
  C:0718H         LINE#         305
  C:0730H         LINE#         307
  C:073CH         LINE#         308
  C:074BH         LINE#         309
  C:0751H         LINE#         310
  C:075FH         LINE#         311
  C:0770H         LINE#         312
  C:0774H         LINE#         313
  C:0776H         LINE#         314
  C:0779H         LINE#         315
  C:079AH         LINE#         316
  C:079AH         LINE#         318
  C:07B3H         LINE#         319
  C:07C7H         LINE#         320
  C:07DEH         LINE#         321
  C:07EDH         LINE#         322
  C:07FCH         LINE#         323
  C:0802H         LINE#         325
  C:0810H         LINE#         327
  C:081FH         LINE#         328
  C:0821H         LINE#         329
  C:0827H         LINE#         330
  C:082AH         LINE#         332
  C:082CH         LINE#         333
  C:082FH         LINE#         335
  -------         ENDPROC       _DISPLAY_GB2312_STRING
BL51 BANKED LINKER/LOCATER V6.22                                                      02/21/2014  20:39:51  PAGE 10


  -------         PROC          L?0107
  -------         ENDPROC       L?0107
  -------         PROC          _DISPLAY_STRING_5X7
  D:0008H         SYMBOL        y
  D:0009H         SYMBOL        x
  D:000AH         SYMBOL        text
  -------         DO            
  D:000DH         SYMBOL        i
  D:000EH         SYMBOL        addrHigh
  D:000FH         SYMBOL        addrMid
  D:0010H         SYMBOL        addrLow
  -------         DO            
  D:0011H         SYMBOL        fontbuf
  -------         ENDDO         
  -------         ENDDO         
  C:0A93H         LINE#         337
  C:0A9DH         LINE#         338
  C:0A9DH         LINE#         339
  C:0AA0H         LINE#         341
  C:0AB8H         LINE#         342
  C:0AB8H         LINE#         344
  C:0AC9H         LINE#         345
  C:0AC9H         LINE#         347
  C:0AE2H         LINE#         348
  C:0AF6H         LINE#         349
  C:0B0DH         LINE#         350
  C:0B1CH         LINE#         351
  C:0B2BH         LINE#         352
  C:0B31H         LINE#         354
  C:0B45H         LINE#         356
  C:0B54H         LINE#         357
  C:0B56H         LINE#         358
  C:0B5CH         LINE#         359
  C:0B5FH         LINE#         361
  C:0B61H         LINE#         362
  C:0B64H         LINE#         364
  -------         ENDPROC       _DISPLAY_STRING_5X7
  -------         PROC          MAIN
  C:0830H         LINE#         366
  C:0830H         LINE#         367
  C:0830H         LINE#         368
  C:0833H         LINE#         369
  C:0835H         LINE#         370
  C:0835H         LINE#         371
  C:0835H         LINE#         372
  C:0837H         LINE#         373
  C:0839H         LINE#         374
  C:083CH         LINE#         375
  C:083FH         LINE#         376
  C:0848H         LINE#         377
  C:084BH         LINE#         378
  C:0852H         LINE#         379
  C:085FH         LINE#         380
  C:086CH         LINE#         381
  C:0879H         LINE#         382
  C:087CH         LINE#         383
  C:087FH         LINE#         384
BL51 BANKED LINKER/LOCATER V6.22                                                      02/21/2014  20:39:51  PAGE 11


  C:0886H         LINE#         385
  C:0893H         LINE#         386
  C:08A0H         LINE#         387
  C:08ADH         LINE#         388
  C:08B0H         LINE#         389
  C:08B9H         LINE#         390
  C:08C6H         LINE#         391
  C:08D3H         LINE#         392
  C:08E0H         LINE#         393
  C:08E9H         LINE#         394
  C:08F2H         LINE#         395
  C:08F5H         LINE#         396
  C:08F8H         LINE#         397
  C:0901H         LINE#         398
  C:090AH         LINE#         399
  C:0913H         LINE#         400
  C:0920H         LINE#         401
  C:092DH         LINE#         402
  C:093AH         LINE#         403
  C:0947H         LINE#         404
  C:094AH         LINE#         405
  C:0953H         LINE#         406
  C:0960H         LINE#         407
  C:096DH         LINE#         408
  C:097AH         LINE#         409
  C:097DH         LINE#         410
  C:0986H         LINE#         411
  C:0993H         LINE#         412
  C:09A0H         LINE#         413
  C:09ADH         LINE#         414
  C:09B0H         LINE#         415
  -------         ENDPROC       MAIN
  -------         ENDMOD        MAIN

  -------         MODULE        VVSPI
  C:0000H         SYMBOL        _ICE_DUMMY_
  D:0080H         PUBLIC        P0
  D:0090H         PUBLIC        P1
  D:00B0H         PUBLIC        P3
  D:00CEH         PUBLIC        SPCTL
  D:00A2H         PUBLIC        P_SW1
  D:00A8H         PUBLIC        IE
  C:0F40H         PUBLIC        ReadByte
  D:00B8H         PUBLIC        IP
  C:0F4EH         PUBLIC        _WriteByte
  D:0098H         PUBLIC        SCON
  D:0088H         PUBLIC        TCON
  D:00E0H         PUBLIC        ACC
  D:00CDH         PUBLIC        SPSTAT
  C:0F31H         PUBLIC        init_spi
  D:00C8H         PUBLIC        T2CON
  D:00D0H         PUBLIC        PSW
  D:00CFH         PUBLIC        SPDAT
  -------         PROC          INIT_SPI
  C:0F31H         LINE#         3
  C:0F31H         LINE#         4
  C:0F31H         LINE#         5
BL51 BANKED LINKER/LOCATER V6.22                                                      02/21/2014  20:39:51  PAGE 12


  C:0F33H         LINE#         6
  C:0F35H         LINE#         7
  C:0F37H         LINE#         8
  C:0F39H         LINE#         13
  C:0F3CH         LINE#         14
  C:0F3FH         LINE#         16
  -------         ENDPROC       INIT_SPI
  -------         PROC          _WRITEBYTE
  D:0007H         SYMBOL        temp
  C:0F4EH         LINE#         18
  C:0F4EH         LINE#         19
  C:0F4EH         LINE#         20
  C:0F50H         LINE#         21
  C:0F55H         LINE#         22
  C:0F58H         LINE#         23
  -------         ENDPROC       _WRITEBYTE
  -------         PROC          READBYTE
  -------         DO            
  D:0007H         SYMBOL        temp
  -------         ENDDO         
  C:0F40H         LINE#         25
  C:0F40H         LINE#         26
  C:0F40H         LINE#         29
  C:0F43H         LINE#         30
  C:0F48H         LINE#         31
  C:0F4AH         LINE#         32
  C:0F4DH         LINE#         33
  C:0F4DH         LINE#         34
  -------         ENDPROC       READBYTE
  -------         ENDMOD        VVSPI

  -------         MODULE        ?C?CLDPTR
  C:09B3H         PUBLIC        ?C?CLDPTR
  -------         ENDMOD        ?C?CLDPTR

  -------         MODULE        ?C?CLDOPTR
  C:09CCH         PUBLIC        ?C?CLDOPTR
  -------         ENDMOD        ?C?CLDOPTR

  -------         MODULE        ?C?CSTOPTR
  C:09F9H         PUBLIC        ?C?CSTOPTR
  -------         ENDMOD        ?C?CSTOPTR

  -------         MODULE        ?C?IMUL
  C:0A1BH         PUBLIC        ?C?IMUL
  -------         ENDMOD        ?C?IMUL

  -------         MODULE        ?C?LMUL
  C:0A2DH         PUBLIC        ?C?LMUL
  -------         ENDMOD        ?C?LMUL

  -------         MODULE        ?C?ULSHR
  C:0A7CH         PUBLIC        ?C?ULSHR
  -------         ENDMOD        ?C?ULSHR

*** WARNING L16: UNCALLED SEGMENT, IGNORED FOR OVERLAY PROCESS
    SEGMENT: ?PR?INIT_SPI?VVSPI
BL51 BANKED LINKER/LOCATER V6.22                                                      02/21/2014  20:39:51  PAGE 13



*** WARNING L16: UNCALLED SEGMENT, IGNORED FOR OVERLAY PROCESS
    SEGMENT: ?PR?_WRITEBYTE?VVSPI

*** WARNING L16: UNCALLED SEGMENT, IGNORED FOR OVERLAY PROCESS
    SEGMENT: ?PR?READBYTE?VVSPI

Program Size: data=81.0 xdata=0 code=3936
LINK/LOCATE RUN COMPLETE.  3 WARNING(S),  0 ERROR(S)
