BL51 BANKED LINKER/LOCATER V6.22                                                        01/18/2014  18:12:32  PAGE 1


BL51 BANKED LINKER/LOCATER V6.22, INVOKED BY:
D:\KEIL4\C51\BIN\BL51.EXE hanzi.obj, lcd12864.obj, main.obj, vvspi.obj TO stc12_guangmin_test RAMSIZE (256)


MEMORY MODEL: LARGE


INPUT MODULES INCLUDED:
  hanzi.obj (HANZI)
  lcd12864.obj (LCD12864)
  main.obj (MAIN)
  vvspi.obj (VVSPI)
  D:\KEIL4\C51\LIB\C51L.LIB (?C_STARTUP)
  D:\KEIL4\C51\LIB\C51L.LIB (?C?COPY)
  D:\KEIL4\C51\LIB\C51L.LIB (?C?CLDPTR)
  D:\KEIL4\C51\LIB\C51L.LIB (?C?CLDOPTR)
  D:\KEIL4\C51\LIB\C51L.LIB (?C?CSTPTR)
  D:\KEIL4\C51\LIB\C51L.LIB (?C?CSTOPTR)
  D:\KEIL4\C51\LIB\C51L.LIB (?C?IMUL)
  D:\KEIL4\C51\LIB\C51L.LIB (?C?UIDIV)
  D:\KEIL4\C51\LIB\C51L.LIB (?C?IILDX)
  D:\KEIL4\C51\LIB\C51L.LIB (?C?ILDIX)
  D:\KEIL4\C51\LIB\C51L.LIB (?C?LMUL)
  D:\KEIL4\C51\LIB\C51L.LIB (?C?ULSHR)
  D:\KEIL4\C51\LIB\C51L.LIB (?C?LSTXDATA)
  D:\KEIL4\C51\LIB\C51L.LIB (?C_INIT)


LINK MAP OF MODULE:  stc12_guangmin_test (HANZI)


            TYPE    BASE      LENGTH    RELOCATION   SEGMENT NAME
            -----------------------------------------------------

            * * * * * * *   D A T A   M E M O R Y   * * * * * * *
            REG     0000H     0008H     ABSOLUTE     "REG BANK 0"
                    0008H     0018H                  *** GAP ***
            BIT     0020H.0   0000H.3   UNIT         ?BI?MAIN
            BIT     0020H.3   0000H.1   UNIT         ?BI?_DISPLAYUNDERLINE?LCD12864
            BIT     0020H.4   0000H.1   UNIT         _BIT_GROUP_
                    0020H.5   0000H.3                *** GAP ***
            IDATA   0021H     0001H     UNIT         ?STACK

            * * * * * * *  X D A T A   M E M O R Y  * * * * * * *
            XDATA   0000H     026FH     UNIT         ?XD?LCD12864
            XDATA   026FH     0034H     UNIT         _XDATA_GROUP_
            XDATA   02A3H     000FH     UNIT         ?XD?_LCD_DISP_SZ_CHAR_24?LCD12864
            XDATA   02B2H     000FH     UNIT         ?XD?_LCD_DISP_SZ_CHAR_24_ORIGINAL_X?LCD12864
            XDATA   02C1H     000DH     UNIT         ?XD?_GET24X24BYTESFORMGB2312S?LCD12864
            XDATA   02CEH     000DH     UNIT         ?XD?_LCD_PUTSTRING_24_CY?LCD12864
            XDATA   02DBH     000CH     UNIT         ?XD?_GET24X24NAMEBYTESFORMGB2312S?LCD12864
            XDATA   02E7H     000BH     UNIT         ?XD?_LCD_PUTNAME_24_CY?LCD12864
            XDATA   02F2H     0009H     UNIT         ?XD?_DISPLAYUNDERLINE?LCD12864
            XDATA   02FBH     0008H     UNIT         ?XD?_LCD_PUTCHAR?LCD12864
            XDATA   0303H     0008H     UNIT         ?XD?_DISPLAYCGRAM?LCD12864
            XDATA   030BH     0007H     UNIT         ?XD?_LCD_PUTSTRING_24?LCD12864
            XDATA   0312H     0002H     UNIT         ?XD?MAIN

BL51 BANKED LINKER/LOCATER V6.22                                                      01/18/2014  18:12:32  PAGE 2


            * * * * * * *   C O D E   M E M O R Y   * * * * * * *
            CODE    0000H     0003H     ABSOLUTE     
            CODE    0003H     0363H     UNIT         ?PR?_GB_ADDR?HANZI
            CODE    0366H     0271H     UNIT         ?C?LIB_CODE
            CODE    05D7H     0192H     UNIT         ?PR?_ARRANGENAMEARR?LCD12864
            CODE    0769H     0131H     UNIT         ?PR?_GET24X24NAMEBYTESFORMGB2312S?LCD12864
            CODE    089AH     0131H     UNIT         ?PR?_DISPLAYUNDERLINE?LCD12864
            CODE    09CBH     0119H     UNIT         ?PR?_GET24X24BYTESFORMGB2312S?LCD12864
            CODE    0AE4H     0117H     UNIT         ?C_INITSEG
            CODE    0BFBH     0111H     UNIT         ?PR?_LCD_PUTSTRING_24_CY?LCD12864
            CODE    0D0CH     00F5H     UNIT         ?PR?_GETBYTESFORMGB2312S?LCD12864
            CODE    0E01H     00F1H     UNIT         ?PR?_GETBYTESFORMASCIIS?LCD12864
            CODE    0EF2H     00D8H     UNIT         ?PR?_LCD_PUTNAME_24_CY?LCD12864
            CODE    0FCAH     00CEH     UNIT         ?PR?DISPLAYADC?MAIN
            CODE    1098H     00C1H     UNIT         ?PR?_LCD_DISP_SZ_CHAR_24_ORIGINAL_X?LCD12864
            CODE    1159H     00BFH     UNIT         ?PR?_LCD_DISP_SZ_CHAR_24?LCD12864
            CODE    1218H     0099H     UNIT         ?PR?_LCD_DISP_SZ_SINGLEBYTECHAR?LCD12864
            CODE    12B1H     0096H     UNIT         ?PR?_LCD_DISP_SZ_CHAR?LCD12864
            CODE    1347H     0095H     UNIT         ?PR?_DISPLAYCGRAM?LCD12864
            CODE    13DCH     0091H     UNIT         ?PR?_LCD_PUTSTRING_24?LCD12864
            CODE    146DH     008EH     UNIT         ?PR?_LCD_PUTCHAR?LCD12864
            CODE    14FBH     008CH     UNIT         ?C_C51STARTUP
            CODE    1587H     0085H     UNIT         ?PR?_LCD_PUTSINGLEBYTESTRING?LCD12864
            CODE    160CH     0081H     UNIT         ?PR?_LCD_PUTSTRING?LCD12864
            CODE    168DH     0058H     UNIT         ?PR?_GB_HZZF_LEN?HANZI
            CODE    16E5H     0052H     UNIT         ?PR?_LCD_DISPFILL?LCD12864
            CODE    1737H     0049H     UNIT         ?PR?_LCD_WRDAT?LCD12864
            CODE    1780H     0049H     UNIT         ?PR?LCD_DISPINI?LCD12864
            CODE    17C9H     003EH     UNIT         ?PR?_LCD_WRCMD?LCD12864
            CODE    1807H     0038H     UNIT         ?PR?_GETADVALUEBYCHANNEL?MAIN
            CODE    183FH     002AH     UNIT         ?PR?MAIN?MAIN
            CODE    1869H     0026H     UNIT         ?PR?GETADVALUE?MAIN
            CODE    188FH     0023H     UNIT         ?PR?_DELAYUS?LCD12864
            CODE    18B2H     0015H     UNIT         ?PR?_DELAYMS?MAIN
            CODE    18C7H     0012H     UNIT         ?PR?INIT?MAIN
            CODE    18D9H     0010H     UNIT         ?CO?MAIN
            CODE    18E9H     000FH     UNIT         ?PR?FULLCGRAM?LCD12864
            CODE    18F8H     000FH     UNIT         ?PR?HALFCGRAM?LCD12864
            CODE    1907H     000FH     UNIT         ?PR?EMPTYCGRAM?LCD12864
            CODE    1916H     000FH     UNIT         ?PR?ERRORCGRAM?LCD12864
            CODE    1925H     000FH     UNIT         ?PR?NULLCGRAM?LCD12864
            CODE    1934H     000EH     UNIT         ?PR?READBYTE?VVSPI
            CODE    1942H     000BH     UNIT         ?PR?_WRITEBYTE?VVSPI
            CODE    194DH     0008H     UNIT         ?PR?RESETUNDERLINE?LCD12864
            CODE    1955H     0008H     UNIT         ?PR?_LCD_PUTPOSITION?LCD12864
            CODE    195DH     0007H     UNIT         ?PR?INIT_SPI?VVSPI
            CODE    1964H     0005H     UNIT         ?PR?CLRSCREEN?LCD12864
            CODE    1969H     0003H     UNIT         ?PR?_DELAYUS2X?MAIN



OVERLAY MAP OF MODULE:   stc12_guangmin_test (HANZI)


SEGMENT                                             BIT_GROUP          XDATA_GROUP
  +--> CALLED SEGMENT                            START    LENGTH     START    LENGTH
------------------------------------------------------------------------------------
BL51 BANKED LINKER/LOCATER V6.22                                                      01/18/2014  18:12:32  PAGE 3


?C_C51STARTUP                                    -----    -----      -----    -----
  +--> ?PR?MAIN?MAIN
  +--> ?C_INITSEG

?PR?MAIN?MAIN                                    -----    -----      026FH    0007H
  +--> ?CO?MAIN
  +--> ?PR?INIT?MAIN
  +--> ?PR?_LCD_PUTSTRING?LCD12864
  +--> ?PR?GETADVALUE?MAIN
  +--> ?PR?DISPLAYADC?MAIN

?PR?INIT?MAIN                                    -----    -----      -----    -----
  +--> ?PR?LCD_DISPINI?LCD12864
  +--> ?PR?CLRSCREEN?LCD12864
  +--> ?PR?INIT_SPI?VVSPI

?PR?LCD_DISPINI?LCD12864                         -----    -----      -----    -----
  +--> ?PR?_DELAYUS?LCD12864
  +--> ?PR?_LCD_WRCMD?LCD12864
  +--> ?PR?_LCD_DISPFILL?LCD12864

?PR?_DELAYUS?LCD12864                            -----    -----      -----    -----
  +--> ?PR?_LCD_WRCMD?LCD12864

?PR?_LCD_DISPFILL?LCD12864                       -----    -----      0276H    0002H
  +--> ?PR?_LCD_WRCMD?LCD12864
  +--> ?PR?_LCD_WRDAT?LCD12864

?PR?_LCD_WRDAT?LCD12864                          -----    -----      -----    -----
  +--> ?PR?_DELAYUS?LCD12864

?PR?CLRSCREEN?LCD12864                           -----    -----      -----    -----
  +--> ?PR?_LCD_DISPFILL?LCD12864

?PR?_LCD_PUTSTRING?LCD12864                      -----    -----      0276H    0007H
  +--> ?PR?_GB_HZZF_LEN?HANZI
  +--> ?PR?_LCD_DISP_SZ_CHAR?LCD12864

?PR?_GB_HZZF_LEN?HANZI                           -----    -----      0299H    0003H

?PR?_LCD_DISP_SZ_CHAR?LCD12864                   -----    -----      027DH    0009H
  +--> ?PR?_GETBYTESFORMGB2312S?LCD12864
  +--> ?PR?_DELAYUS?LCD12864
  +--> ?PR?_LCD_WRDAT?LCD12864

?PR?_GETBYTESFORMGB2312S?LCD12864                -----    -----      0286H    000AH
  +--> ?PR?_GB_ADDR?HANZI
  +--> ?PR?_GB_HZZF_LEN?HANZI
  +--> ?PR?_WRITEBYTE?VVSPI
  +--> ?PR?READBYTE?VVSPI

?PR?_GB_ADDR?HANZI                               -----    -----      0299H    000AH

?PR?GETADVALUE?MAIN                              -----    -----      -----    -----
  +--> ?PR?_GETADVALUEBYCHANNEL?MAIN
  +--> ?PR?_DELAYMS?MAIN

BL51 BANKED LINKER/LOCATER V6.22                                                      01/18/2014  18:12:32  PAGE 4


?PR?_GETADVALUEBYCHANNEL?MAIN                    0020H.4  0000H.1    -----    -----

?PR?_DELAYMS?MAIN                                -----    -----      -----    -----
  +--> ?PR?_DELAYUS2X?MAIN

?PR?DISPLAYADC?MAIN                              -----    -----      0276H    0009H
  +--> ?CO?MAIN
  +--> ?PR?_LCD_PUTSINGLEBYTESTRING?LCD12864

?PR?_LCD_PUTSINGLEBYTESTRING?LCD12864            -----    -----      027FH    0007H
  +--> ?PR?_GB_HZZF_LEN?HANZI
  +--> ?PR?_LCD_DISP_SZ_SINGLEBYTECHAR?LCD12864

?PR?_LCD_DISP_SZ_SINGLEBYTECHAR?LCD12864         -----    -----      0286H    0009H
  +--> ?PR?_GETBYTESFORMASCIIS?LCD12864
  +--> ?PR?_DELAYUS?LCD12864
  +--> ?PR?_LCD_WRDAT?LCD12864

?PR?_GETBYTESFORMASCIIS?LCD12864                 -----    -----      028FH    000AH
  +--> ?PR?_GB_ADDR?HANZI
  +--> ?PR?_GB_HZZF_LEN?HANZI
  +--> ?PR?_WRITEBYTE?VVSPI
  +--> ?PR?READBYTE?VVSPI



SYMBOL TABLE OF MODULE:  stc12_guangmin_test (HANZI)

  VALUE           TYPE          NAME
  ----------------------------------

  -------         MODULE        HANZI
  C:0000H         SYMBOL        _ICE_DUMMY_
  C:0003H         PUBLIC        _GB_ADDR
  C:168DH         PUBLIC        _GB_HZZF_len
  -------         PROC          _GB_HZZF_LEN
  X:0299H         SYMBOL        hzStr
  -------         DO            
  D:0007H         SYMBOL        c1
  D:0006H         SYMBOL        c2
  -------         ENDDO         
  C:168DH         LINE#         9
  C:1698H         LINE#         10
  C:1698H         LINE#         12
  C:16ACH         LINE#         13
  C:16B1H         LINE#         14
  C:16B4H         LINE#         15
  C:16BAH         LINE#         16
  C:16BDH         LINE#         17
  C:16D1H         LINE#         18
  C:16DFH         LINE#         19
  C:16E2H         LINE#         20
  C:16E4H         LINE#         22
  -------         ENDPROC       _GB_HZZF_LEN
  -------         PROC          _GB_ADDR
  X:0299H         SYMBOL        HZ
  X:029CH         SYMBOL        HZ_type
BL51 BANKED LINKER/LOCATER V6.22                                                      01/18/2014  18:12:32  PAGE 5


  -------         DO            
  X:029DH         SYMBOL        temp
  X:02A1H         SYMBOL        c1
  X:02A2H         SYMBOL        c2
  -------         ENDDO         
  C:0003H         LINE#         33
  C:0013H         LINE#         34
  C:0013H         LINE#         37
  C:001FH         LINE#         38
  C:001FH         LINE#         40
  C:0025H         LINE#         41
  C:0035H         LINE#         42
  C:0053H         LINE#         43
  C:005AH         LINE#         44
  C:006CH         LINE#         45
  C:0073H         LINE#         46
  C:0085H         LINE#         47
  C:008CH         LINE#         48
  C:00AFH         LINE#         49
  C:00B6H         LINE#         50
  C:00D8H         LINE#         51
  C:00E3H         LINE#         52
  C:0102H         LINE#         54
  C:0105H         LINE#         56
  C:0105H         LINE#         57
  C:0118H         LINE#         58
  C:0122H         LINE#         60
  C:0158H         LINE#         61
  C:0158H         LINE#         62
  C:0170H         LINE#         63
  C:0190H         LINE#         65
  C:01BFH         LINE#         67
  C:01C6H         LINE#         68
  C:01DBH         LINE#         69
  C:01E2H         LINE#         70
  C:0204H         LINE#         71
  C:020BH         LINE#         72
  C:022DH         LINE#         73
  C:0234H         LINE#         74
  C:0258H         LINE#         76
  C:025BH         LINE#         77
  C:025BH         LINE#         80
  C:0273H         LINE#         81
  C:0273H         LINE#         82
  C:029AH         LINE#         83
  C:029AH         LINE#         84
  C:02A1H         LINE#         85
  C:02C5H         LINE#         86
  C:02CCH         LINE#         87
  C:02F2H         LINE#         88
  C:02F9H         LINE#         89
  C:031FH         LINE#         90
  C:0326H         LINE#         91
  C:0351H         LINE#         93
  C:0357H         LINE#         94
  C:0357H         LINE#         95
  C:0365H         LINE#         96
BL51 BANKED LINKER/LOCATER V6.22                                                      01/18/2014  18:12:32  PAGE 6


  -------         ENDPROC       _GB_ADDR
  -------         ENDMOD        HANZI

  -------         MODULE        LCD12864
  C:0000H         SYMBOL        _ICE_DUMMY_
  C:1907H         PUBLIC        EmptyCGRAM
  D:0090H         PUBLIC        P1
  C:18E9H         PUBLIC        FullCGRAM
  D:00A0H         PUBLIC        P2
  D:00B0H         PUBLIC        P3
  X:0000H         PUBLIC        null16x16
  C:1964H         PUBLIC        ClrScreen
  C:089AH         PUBLIC        _DisplayUnderline
  C:1925H         PUBLIC        NullCGRAM
  B:00A0H.4       PUBLIC        DI
  D:00A8H         PUBLIC        IE
  C:05D7H         PUBLIC        _arrangeNameArr
  B:00A0H.5       PUBLIC        EN
  C:17D2H         PUBLIC        _LCD_WrCmd
  C:1218H         PUBLIC        _lcd_disp_sz_SingleBytechar
  X:0020H         PUBLIC        underline16x16
  B:0090H.3       PUBLIC        CS
  C:12B1H         PUBLIC        _lcd_disp_sz_char
  C:174BH         PUBLIC        _LCD_WrDat
  D:00B8H         PUBLIC        IP
  X:0040H         PUBLIC        lbatStateGraph
  X:0043H         PUBLIC        chrBuf_24
  B:00A0H.3       PUBLIC        RW
  C:0D0CH         PUBLIC        _getBytesFormGB2312s
  B:00A0H.2       PUBLIC        LCD_RST
  C:13DCH         PUBLIC        _LCD_PutString_24
  D:0098H         PUBLIC        SCON
  D:0088H         PUBLIC        TCON
  C:0E01H         PUBLIC        _getBytesFormASCIIs
  X:008BH         PUBLIC        nameCharBuf
  X:01ABH         PUBLIC        oldUnderlineX
  X:01ACH         PUBLIC        oldUnderlineY
  X:01ADH         PUBLIC        charArr
  C:1347H         PUBLIC        _DisplayCGRAM
  B:00A0H.0       PUBLIC        CS1
  B:00A0H.1       PUBLIC        CS2
  C:1955H         PUBLIC        _LCD_PutPosition
  C:16E5H         PUBLIC        _LCD_DispFill
  C:194DH         PUBLIC        resetUnderline
  D:0080H         PUBLIC        LCD
  X:01AFH         PUBLIC        chrBuf
  C:1159H         PUBLIC        _lcd_disp_sz_char_24
  X:01CFH         PUBLIC        half16x16
  D:00C8H         PUBLIC        T2CON
  C:1587H         PUBLIC        _LCD_PutSingleByteString
  C:1780H         PUBLIC        LCD_DispIni
  C:18F8H         PUBLIC        HalfCGRAM
  C:160CH         PUBLIC        _LCD_PutString
  C:0BFBH         PUBLIC        _LCD_PutString_24_cy
  C:146DH         PUBLIC        _LCD_PutChar
  C:1098H         PUBLIC        _lcd_disp_sz_char_24_original_x
  C:09CBH         PUBLIC        _get24x24BytesFormGB2312s
BL51 BANKED LINKER/LOCATER V6.22                                                      01/18/2014  18:12:32  PAGE 7


  C:0769H         PUBLIC        _get24x24NameBytesFormGB2312s
  X:01EFH         PUBLIC        error16x16
  X:020FH         PUBLIC        arrow16x16
  C:0EF2H         PUBLIC        _LCD_PutName_24_cy
  C:1916H         PUBLIC        ErrorCGRAM
  X:022FH         PUBLIC        empty16x16
  D:00D0H         PUBLIC        PSW
  C:18A0H         PUBLIC        _delayus
  X:024FH         PUBLIC        full16x16
  C:1890H         SYMBOL        L?0237
  C:1893H         SYMBOL        L?0238
  C:1898H         SYMBOL        L?0239
  -------         PROC          L?0236
  -------         ENDPROC       L?0236
  C:1890H         SYMBOL        L?0237
  C:1893H         SYMBOL        L?0238
  C:1898H         SYMBOL        L?0239
  -------         PROC          _DELAYUS
  D:0006H         SYMBOL        n
  -------         DO            
  D:0004H         SYMBOL        i
  -------         ENDDO         
  C:18A0H         LINE#         47
  C:18A0H         LINE#         48
  C:18A0H         LINE#         50
  C:18B1H         LINE#         51
  -------         ENDPROC       _DELAYUS
  -------         PROC          L?0243
  -------         ENDPROC       L?0243
  -------         PROC          _LCD_WRCMD
  D:0002H         SYMBOL        port
  D:0003H         SYMBOL        cmd
  C:17D2H         LINE#         52
  C:17D6H         LINE#         53
  C:17D6H         LINE#         54
  C:17DDH         LINE#         55
  C:17DFH         LINE#         56
  C:17E3H         LINE#         57
  C:17E5H         LINE#         58
  C:17E8H         LINE#         59
  C:17EAH         LINE#         60
  C:17EAH         LINE#         61
  C:17ECH         LINE#         63
  C:17ECH         LINE#         64
  C:17EEH         LINE#         65
  C:17F5H         LINE#         66
  C:17F7H         LINE#         67
  C:17FAH         LINE#         68
  C:17FAH         LINE#         69
  C:17FCH         LINE#         70
  C:17FEH         LINE#         71
  C:1800H         LINE#         72
  C:1804H         LINE#         73
  C:1806H         LINE#         74
  -------         ENDPROC       _LCD_WRCMD
  C:173EH         SYMBOL        L?0241
  C:173FH         SYMBOL        L?0242
BL51 BANKED LINKER/LOCATER V6.22                                                      01/18/2014  18:12:32  PAGE 8


  -------         PROC          L?0240
  -------         ENDPROC       L?0240
  C:173EH         SYMBOL        L?0241
  C:173FH         SYMBOL        L?0242
  -------         PROC          _LCD_WRDAT
  D:0002H         SYMBOL        port
  D:0003H         SYMBOL        wrdata
  C:174BH         LINE#         76
  C:174FH         LINE#         77
  C:174FH         LINE#         78
  C:1756H         LINE#         79
  C:1758H         LINE#         80
  C:175CH         LINE#         81
  C:175EH         LINE#         82
  C:1761H         LINE#         83
  C:1763H         LINE#         84
  C:1763H         LINE#         85
  C:1765H         LINE#         86
  C:1767H         LINE#         87
  C:176EH         LINE#         88
  C:1770H         LINE#         89
  C:1773H         LINE#         90
  C:1773H         LINE#         91
  C:1775H         LINE#         92
  C:1777H         LINE#         93
  C:1779H         LINE#         94
  C:177DH         LINE#         95
  C:177FH         LINE#         96
  -------         ENDPROC       _LCD_WRDAT
  -------         PROC          _LCD_DISPFILL
  X:0276H         SYMBOL        filldata
  -------         DO            
  X:0277H         SYMBOL        x
  D:0001H         SYMBOL        y
  -------         ENDDO         
  C:16E5H         LINE#         98
  C:16EAH         LINE#         99
  C:16EAH         LINE#         100
  C:16F1H         LINE#         101
  C:16F8H         LINE#         102
  C:16FAH         LINE#         103
  C:16FEH         LINE#         104
  C:1701H         LINE#         105
  C:170AH         LINE#         106
  C:1711H         LINE#         108
  C:1716H         LINE#         109
  C:1720H         LINE#         110
  C:1727H         LINE#         112
  C:1731H         LINE#         113
  C:1736H         LINE#         114
  -------         ENDPROC       _LCD_DISPFILL
  -------         PROC          LCD_DISPINI
  C:1780H         LINE#         116
  C:1780H         LINE#         117
  C:1780H         LINE#         119
  C:1782H         LINE#         120
  C:1789H         LINE#         121
BL51 BANKED LINKER/LOCATER V6.22                                                      01/18/2014  18:12:32  PAGE 9


  C:178BH         LINE#         122
  C:178EH         LINE#         123
  C:1795H         LINE#         124
  C:179CH         LINE#         125
  C:17A3H         LINE#         126
  C:17AAH         LINE#         127
  C:17B1H         LINE#         128
  C:17B6H         LINE#         129
  C:17B8H         LINE#         130
  C:17BBH         LINE#         131
  C:17C2H         LINE#         132
  -------         ENDPROC       LCD_DISPINI
  -------         PROC          _GETBYTESFORMGB2312S
  X:0286H         SYMBOL        chr
  -------         DO            
  X:0289H         SYMBOL        i
  X:028AH         SYMBOL        charSize
  X:028BH         SYMBOL        offsetLen
  X:028CH         SYMBOL        temp_addr
  -------         ENDDO         
  C:0D0CH         LINE#         135
  C:0D17H         LINE#         136
  C:0D20H         LINE#         141
  C:0D2BH         LINE#         142
  C:0D3EH         LINE#         144
  C:0D40H         LINE#         151
  C:0D45H         LINE#         152
  C:0D5CH         LINE#         153
  C:0D73H         LINE#         154
  C:0D85H         LINE#         155
  C:0D8CH         LINE#         156
  C:0D9EH         LINE#         157
  C:0DB0H         LINE#         158
  C:0DB8H         LINE#         159
  C:0DC0H         LINE#         162
  C:0DD3H         LINE#         163
  C:0DE8H         LINE#         164
  C:0DF6H         LINE#         165
  C:0DFEH         LINE#         167
  C:0DFEH         LINE#         168
  C:0E00H         LINE#         169
  -------         ENDPROC       _GETBYTESFORMGB2312S
  -------         PROC          _LCD_DISP_SZ_CHAR
  X:027DH         SYMBOL        cx
  X:027EH         SYMBOL        cy
  D:0001H         SYMBOL        chr
  -------         DO            
  X:027FH         SYMBOL        p
  X:0282H         SYMBOL        i
  X:0283H         SYMBOL        s
  X:0284H         SYMBOL        page
  X:0285H         SYMBOL        port
  -------         ENDDO         
  C:12B1H         LINE#         171
  C:12B9H         LINE#         172
  C:12B9H         LINE#         176
  C:12BCH         LINE#         177
BL51 BANKED LINKER/LOCATER V6.22                                                      01/18/2014  18:12:32  PAGE 10


  C:12CAH         LINE#         178
  C:12D7H         LINE#         179
  C:12D7H         LINE#         180
  C:12DAH         LINE#         181
  C:12DBH         LINE#         182
  C:12DDH         LINE#         184
  C:12DDH         LINE#         185
  C:12E0H         LINE#         186
  C:12EDH         LINE#         188
  C:12EDH         LINE#         190
  C:12FCH         LINE#         191
  C:12FCH         LINE#         192
  C:1301H         LINE#         193
  C:1304H         LINE#         195
  C:130FH         LINE#         196
  C:1312H         LINE#         197
  C:1317H         LINE#         198
  C:1317H         LINE#         199
  C:1321H         LINE#         200
  C:1328H         LINE#         201
  C:1332H         LINE#         202
  C:133EH         LINE#         203
  C:1346H         LINE#         204
  -------         ENDPROC       _LCD_DISP_SZ_CHAR
  -------         PROC          _LCD_PUTSTRING
  X:0276H         SYMBOL        cx
  X:0277H         SYMBOL        cy
  X:0278H         SYMBOL        s
  -------         DO            
  X:027BH         SYMBOL        wordCount
  X:027CH         SYMBOL        charSize
  -------         ENDDO         
  C:160CH         LINE#         205
  C:161DH         LINE#         206
  C:161DH         LINE#         207
  C:1622H         LINE#         211
  C:163BH         LINE#         212
  C:163BH         LINE#         213
  C:1643H         LINE#         214
  C:1657H         LINE#         215
  C:165DH         LINE#         216
  C:1667H         LINE#         217
  C:166EH         LINE#         218
  C:166EH         LINE#         219
  C:1678H         LINE#         220
  C:1678H         LINE#         221
  C:167EH         LINE#         222
  C:168AH         LINE#         223
  C:168CH         LINE#         225
  -------         ENDPROC       _LCD_PUTSTRING
  -------         PROC          _GET24X24BYTESFORMGB2312S
  X:02C1H         SYMBOL        chr
  X:02C4H         SYMBOL        buf
  -------         DO            
  X:02C7H         SYMBOL        i
  X:02C8H         SYMBOL        charSize
  X:02C9H         SYMBOL        offsetLen
BL51 BANKED LINKER/LOCATER V6.22                                                      01/18/2014  18:12:32  PAGE 11


  X:02CAH         SYMBOL        temp_addr
  -------         ENDDO         
  C:09CBH         LINE#         228
  C:09D6H         LINE#         229
  C:09E1H         LINE#         234
  C:09ECH         LINE#         235
  C:09FFH         LINE#         237
  C:0A01H         LINE#         244
  C:0A06H         LINE#         245
  C:0A1DH         LINE#         246
  C:0A34H         LINE#         247
  C:0A46H         LINE#         248
  C:0A4DH         LINE#         249
  C:0A62H         LINE#         250
  C:0A7BH         LINE#         251
  C:0A83H         LINE#         252
  C:0A8BH         LINE#         255
  C:0A9EH         LINE#         256
  C:0ABCH         LINE#         257
  C:0AD9H         LINE#         258
  C:0AE1H         LINE#         260
  C:0AE1H         LINE#         261
  C:0AE3H         LINE#         262
  -------         ENDPROC       _GET24X24BYTESFORMGB2312S
  -------         PROC          _LCD_DISP_SZ_CHAR_24
  X:02A3H         SYMBOL        cx
  X:02A4H         SYMBOL        cy
  D:0001H         SYMBOL        chr
  X:02A8H         SYMBOL        buf
  -------         DO            
  X:02ABH         SYMBOL        p
  X:02AEH         SYMBOL        i
  X:02AFH         SYMBOL        s
  X:02B0H         SYMBOL        page
  X:02B1H         SYMBOL        port
  -------         ENDDO         
  C:1159H         LINE#         265
  C:1161H         LINE#         266
  C:1161H         LINE#         269
  C:1165H         LINE#         270
  C:1165H         LINE#         271
  C:1185H         LINE#         272
  C:1185H         LINE#         273
  C:1193H         LINE#         274
  C:11A0H         LINE#         275
  C:11A0H         LINE#         276
  C:11A3H         LINE#         277
  C:11A4H         LINE#         278
  C:11A6H         LINE#         280
  C:11A6H         LINE#         281
  C:11A9H         LINE#         282
  C:11B7H         LINE#         284
  C:11B7H         LINE#         286
  C:11C6H         LINE#         287
  C:11C6H         LINE#         288
  C:11D1H         LINE#         289
  C:11D4H         LINE#         290
BL51 BANKED LINKER/LOCATER V6.22                                                      01/18/2014  18:12:32  PAGE 12


  C:11DFH         LINE#         291
  C:11E2H         LINE#         292
  C:11E7H         LINE#         293
  C:11E7H         LINE#         294
  C:11F2H         LINE#         295
  C:11F9H         LINE#         296
  C:1203H         LINE#         297
  C:120FH         LINE#         298
  C:1217H         LINE#         299
  -------         ENDPROC       _LCD_DISP_SZ_CHAR_24
  -------         PROC          _LCD_PUTSTRING_24
  X:030BH         SYMBOL        cx
  X:030CH         SYMBOL        cy
  X:030DH         SYMBOL        s
  -------         DO            
  X:0310H         SYMBOL        wordCount
  X:0311H         SYMBOL        charSize
  -------         ENDDO         
  C:13DCH         LINE#         302
  C:13EDH         LINE#         303
  C:13EDH         LINE#         304
  C:13F2H         LINE#         308
  C:140BH         LINE#         309
  C:140BH         LINE#         310
  C:1413H         LINE#         311
  C:1437H         LINE#         312
  C:143DH         LINE#         313
  C:1447H         LINE#         314
  C:144EH         LINE#         315
  C:144EH         LINE#         316
  C:1458H         LINE#         317
  C:1458H         LINE#         318
  C:145EH         LINE#         319
  C:146AH         LINE#         320
  C:146CH         LINE#         322
  -------         ENDPROC       _LCD_PUTSTRING_24
  -------         PROC          _LCD_DISP_SZ_CHAR_24_ORIGINAL_X
  X:02B2H         SYMBOL        x
  X:02B3H         SYMBOL        cy
  D:0001H         SYMBOL        chr
  X:02B7H         SYMBOL        buf
  -------         DO            
  X:02BAH         SYMBOL        p
  X:02BDH         SYMBOL        i
  X:02BEH         SYMBOL        s
  X:02BFH         SYMBOL        page
  X:02C0H         SYMBOL        port
  -------         ENDDO         
  C:1098H         LINE#         323
  C:10A0H         LINE#         324
  C:10A0H         LINE#         327
  C:10A4H         LINE#         328
  C:10A4H         LINE#         329
  C:10C4H         LINE#         330
  C:10C4H         LINE#         331
  C:10D7H         LINE#         332
  C:10E4H         LINE#         333
BL51 BANKED LINKER/LOCATER V6.22                                                      01/18/2014  18:12:32  PAGE 13


  C:10E4H         LINE#         334
  C:10E7H         LINE#         335
  C:10ECH         LINE#         336
  C:10EEH         LINE#         338
  C:10EEH         LINE#         339
  C:10F1H         LINE#         340
  C:10F8H         LINE#         342
  C:10F8H         LINE#         344
  C:1107H         LINE#         345
  C:1107H         LINE#         346
  C:1112H         LINE#         347
  C:1115H         LINE#         348
  C:1120H         LINE#         349
  C:1123H         LINE#         350
  C:1128H         LINE#         351
  C:1128H         LINE#         352
  C:1133H         LINE#         353
  C:113AH         LINE#         354
  C:1144H         LINE#         355
  C:1150H         LINE#         356
  C:1158H         LINE#         357
  -------         ENDPROC       _LCD_DISP_SZ_CHAR_24_ORIGINAL_X
  -------         PROC          _LCD_PUTSTRING_24_CY
  X:02CEH         SYMBOL        cy
  X:02CFH         SYMBOL        s
  -------         DO            
  X:02D2H         SYMBOL        wordCount
  X:02D3H         SYMBOL        charSize
  X:02D4H         SYMBOL        p
  X:02D7H         SYMBOL        x
  -------         ENDDO         
  C:0BFBH         LINE#         359
  C:0C09H         LINE#         360
  C:0C09H         LINE#         361
  C:0C17H         LINE#         364
  C:0C27H         LINE#         365
  C:0C2FH         LINE#         366
  C:0C35H         LINE#         367
  C:0C3FH         LINE#         368
  C:0C42H         LINE#         369
  C:0C4CH         LINE#         370
  C:0C4CH         LINE#         371
  C:0C4EH         LINE#         372
  C:0C5DH         LINE#         373
  C:0C5DH         LINE#         374
  C:0C63H         LINE#         375
  C:0C65H         LINE#         376
  C:0C65H         LINE#         377
  C:0C6BH         LINE#         378
  C:0C6FH         LINE#         379
  C:0C71H         LINE#         380
  C:0C71H         LINE#         381
  C:0C77H         LINE#         382
  C:0C7BH         LINE#         383
  C:0C7FH         LINE#         384
  C:0C81H         LINE#         385
  C:0C81H         LINE#         386
BL51 BANKED LINKER/LOCATER V6.22                                                      01/18/2014  18:12:32  PAGE 14


  C:0C86H         LINE#         387
  C:0C8AH         LINE#         388
  C:0C8EH         LINE#         389
  C:0C92H         LINE#         390
  C:0C92H         LINE#         391
  C:0C97H         LINE#         394
  C:0CB0H         LINE#         395
  C:0CB0H         LINE#         396
  C:0CB8H         LINE#         397
  C:0CE8H         LINE#         398
  C:0CEEH         LINE#         399
  C:0CF8H         LINE#         400
  C:0CFFH         LINE#         401
  C:0CFFH         LINE#         402
  C:0D09H         LINE#         403
  C:0D09H         LINE#         405
  C:0D0BH         LINE#         407
  -------         ENDPROC       _LCD_PUTSTRING_24_CY
  -------         PROC          _GET24X24NAMEBYTESFORMGB2312S
  X:02DBH         SYMBOL        chr
  X:02DEH         SYMBOL        startIndex
  -------         DO            
  X:02E0H         SYMBOL        i
  X:02E1H         SYMBOL        charSize
  X:02E2H         SYMBOL        offsetLen
  X:02E3H         SYMBOL        temp_addr
  -------         ENDDO         
  C:0769H         LINE#         409
  C:077CH         LINE#         410
  C:0787H         LINE#         415
  C:0792H         LINE#         416
  C:07A5H         LINE#         418
  C:07A7H         LINE#         425
  C:07ACH         LINE#         426
  C:07C3H         LINE#         427
  C:07DAH         LINE#         428
  C:07ECH         LINE#         429
  C:07F4H         LINE#         430
  C:0808H         LINE#         431
  C:0829H         LINE#         432
  C:0831H         LINE#         433
  C:0839H         LINE#         436
  C:084CH         LINE#         437
  C:0874H         LINE#         438
  C:088FH         LINE#         439
  C:0897H         LINE#         441
  C:0897H         LINE#         442
  C:0899H         LINE#         443
  -------         ENDPROC       _GET24X24NAMEBYTESFORMGB2312S
  -------         PROC          _ARRANGENAMEARR
  D:0007H         SYMBOL        wordCount
  -------         DO            
  D:0002H         SYMBOL        m
  -------         ENDDO         
  C:05D7H         LINE#         444
  C:05D7H         LINE#         447
  C:05ECH         LINE#         448
BL51 BANKED LINKER/LOCATER V6.22                                                      01/18/2014  18:12:32  PAGE 15


  C:05ECH         LINE#         449
  C:05EEH         LINE#         450
  C:05F8H         LINE#         451
  C:05F8H         LINE#         452
  C:05FCH         LINE#         453
  C:0610H         LINE#         454
  C:0628H         LINE#         455
  C:0628H         LINE#         456
  C:0633H         LINE#         457
  C:0637H         LINE#         458
  C:064BH         LINE#         459
  C:0663H         LINE#         461
  C:0663H         LINE#         462
  C:066EH         LINE#         463
  C:0670H         LINE#         464
  C:067AH         LINE#         465
  C:067BH         LINE#         467
  C:067BH         LINE#         468
  C:067BH         LINE#         470
  C:067FH         LINE#         471
  C:0697H         LINE#         472
  C:06A2H         LINE#         473
  C:06A4H         LINE#         474
  C:06AEH         LINE#         475
  C:06AFH         LINE#         476
  C:06AFH         LINE#         477
  C:06AFH         LINE#         478
  C:06B3H         LINE#         479
  C:06CBH         LINE#         480
  C:06D6H         LINE#         481
  C:06DAH         LINE#         482
  C:06EEH         LINE#         483
  C:0706H         LINE#         484
  C:0708H         LINE#         485
  C:0708H         LINE#         486
  C:0714H         LINE#         487
  C:0714H         LINE#         488
  C:071FH         LINE#         489
  C:0723H         LINE#         490
  C:0737H         LINE#         491
  C:074FH         LINE#         492
  C:0751H         LINE#         493
  C:0751H         LINE#         494
  C:075DH         LINE#         495
  C:075DH         LINE#         497
  C:0768H         LINE#         499
  C:0768H         LINE#         500
  C:0768H         LINE#         501
  -------         ENDPROC       _ARRANGENAMEARR
  -------         PROC          _LCD_PUTNAME_24_CY
  X:02E7H         SYMBOL        cy
  X:02E8H         SYMBOL        s
  -------         DO            
  X:02EBH         SYMBOL        m
  X:02ECH         SYMBOL        wordCount
  X:02EDH         SYMBOL        charSize
  X:02EEH         SYMBOL        p
BL51 BANKED LINKER/LOCATER V6.22                                                      01/18/2014  18:12:32  PAGE 16


  X:02F1H         SYMBOL        offsetLen
  -------         ENDDO         
  C:0EF2H         LINE#         502
  C:0F00H         LINE#         503
  C:0F14H         LINE#         505
  C:0F17H         LINE#         506
  C:0F17H         LINE#         507
  C:0F19H         LINE#         508
  C:0F32H         LINE#         509
  C:0F32H         LINE#         510
  C:0F3AH         LINE#         511
  C:0F53H         LINE#         512
  C:0F59H         LINE#         513
  C:0F63H         LINE#         514
  C:0F6AH         LINE#         515
  C:0F6AH         LINE#         516
  C:0F74H         LINE#         517
  C:0F74H         LINE#         519
  C:0F76H         LINE#         520
  C:0F7EH         LINE#         522
  C:0F7EH         LINE#         523
  C:0F8DH         LINE#         524
  C:0FC1H         LINE#         525
  C:0FC9H         LINE#         527
  -------         ENDPROC       _LCD_PUTNAME_24_CY
  -------         PROC          _GETBYTESFORMASCIIS
  X:028FH         SYMBOL        chr
  -------         DO            
  X:0292H         SYMBOL        i
  X:0293H         SYMBOL        charSize
  X:0294H         SYMBOL        offsetLen
  X:0295H         SYMBOL        temp_addr
  -------         ENDDO         
  C:0E01H         LINE#         528
  C:0E0CH         LINE#         529
  C:0E15H         LINE#         534
  C:0E20H         LINE#         535
  C:0E33H         LINE#         537
  C:0E35H         LINE#         544
  C:0E3AH         LINE#         545
  C:0E51H         LINE#         546
  C:0E68H         LINE#         547
  C:0E7AH         LINE#         548
  C:0E81H         LINE#         549
  C:0E93H         LINE#         550
  C:0EA5H         LINE#         551
  C:0EADH         LINE#         552
  C:0EB5H         LINE#         555
  C:0EC8H         LINE#         556
  C:0EDBH         LINE#         557
  C:0EE7H         LINE#         558
  C:0EEFH         LINE#         560
  C:0EEFH         LINE#         561
  C:0EF1H         LINE#         562
  -------         ENDPROC       _GETBYTESFORMASCIIS
  -------         PROC          _LCD_DISP_SZ_SINGLEBYTECHAR
  X:0286H         SYMBOL        cy
BL51 BANKED LINKER/LOCATER V6.22                                                      01/18/2014  18:12:32  PAGE 17


  X:0287H         SYMBOL        cx
  D:0001H         SYMBOL        chr
  -------         DO            
  X:0288H         SYMBOL        p
  X:028BH         SYMBOL        i
  X:028CH         SYMBOL        s
  X:028DH         SYMBOL        page
  X:028EH         SYMBOL        port
  -------         ENDDO         
  C:1218H         LINE#         563
  C:1220H         LINE#         564
  C:1220H         LINE#         568
  C:1223H         LINE#         569
  C:1231H         LINE#         570
  C:123EH         LINE#         571
  C:123EH         LINE#         572
  C:1241H         LINE#         573
  C:1242H         LINE#         574
  C:1244H         LINE#         576
  C:1244H         LINE#         577
  C:1247H         LINE#         578
  C:1256H         LINE#         580
  C:1256H         LINE#         582
  C:1265H         LINE#         583
  C:1265H         LINE#         584
  C:126AH         LINE#         585
  C:126DH         LINE#         586
  C:1278H         LINE#         587
  C:127BH         LINE#         588
  C:1280H         LINE#         589
  C:1280H         LINE#         590
  C:128BH         LINE#         591
  C:1292H         LINE#         592
  C:129CH         LINE#         593
  C:12A8H         LINE#         594
  C:12B0H         LINE#         595
  -------         ENDPROC       _LCD_DISP_SZ_SINGLEBYTECHAR
  -------         PROC          _LCD_PUTSINGLEBYTESTRING
  X:027FH         SYMBOL        cx
  X:0280H         SYMBOL        cy
  X:0281H         SYMBOL        s
  -------         DO            
  X:0284H         SYMBOL        wordCount
  X:0285H         SYMBOL        charSize
  -------         ENDDO         
  C:1587H         LINE#         596
  C:1598H         LINE#         597
  C:1598H         LINE#         598
  C:159DH         LINE#         602
  C:15B6H         LINE#         603
  C:15B6H         LINE#         604
  C:15BEH         LINE#         605
  C:15D6H         LINE#         606
  C:15DCH         LINE#         607
  C:15E6H         LINE#         608
  C:15EDH         LINE#         609
  C:15EDH         LINE#         610
BL51 BANKED LINKER/LOCATER V6.22                                                      01/18/2014  18:12:32  PAGE 18


  C:15F7H         LINE#         611
  C:15F7H         LINE#         612
  C:15FDH         LINE#         613
  C:1609H         LINE#         614
  C:160BH         LINE#         616
  -------         ENDPROC       _LCD_PUTSINGLEBYTESTRING
  -------         PROC          _LCD_PUTCHAR
  D:0007H         SYMBOL        cx
  X:02FBH         SYMBOL        cy
  D:0003H         SYMBOL        chr
  -------         DO            
  X:02FCH         SYMBOL        p
  X:02FFH         SYMBOL        i
  X:0300H         SYMBOL        s
  X:0301H         SYMBOL        page
  X:0302H         SYMBOL        port
  -------         ENDDO         
  C:146DH         LINE#         618
  C:1472H         LINE#         621
  C:1474H         LINE#         622
  C:1477H         LINE#         624
  C:1483H         LINE#         625
  C:148CH         LINE#         626
  C:148CH         LINE#         627
  C:148FH         LINE#         628
  C:1490H         LINE#         629
  C:1492H         LINE#         631
  C:1492H         LINE#         632
  C:1495H         LINE#         633
  C:149FH         LINE#         635
  C:149FH         LINE#         637
  C:14AEH         LINE#         638
  C:14AEH         LINE#         639
  C:14B4H         LINE#         640
  C:14B7H         LINE#         641
  C:14C2H         LINE#         642
  C:14C5H         LINE#         643
  C:14CAH         LINE#         644
  C:14CAH         LINE#         645
  C:14D5H         LINE#         646
  C:14DCH         LINE#         647
  C:14E6H         LINE#         648
  C:14F2H         LINE#         649
  C:14FAH         LINE#         650
  -------         ENDPROC       _LCD_PUTCHAR
  -------         PROC          FULLCGRAM
  C:18E9H         LINE#         652
  C:18E9H         LINE#         653
  C:18E9H         LINE#         654
  C:18F7H         LINE#         655
  -------         ENDPROC       FULLCGRAM
  -------         PROC          HALFCGRAM
  C:18F8H         LINE#         656
  C:18F8H         LINE#         657
  C:18F8H         LINE#         658
  C:1906H         LINE#         659
  -------         ENDPROC       HALFCGRAM
BL51 BANKED LINKER/LOCATER V6.22                                                      01/18/2014  18:12:32  PAGE 19


  -------         PROC          EMPTYCGRAM
  C:1907H         LINE#         660
  C:1907H         LINE#         661
  C:1907H         LINE#         662
  C:1915H         LINE#         663
  -------         ENDPROC       EMPTYCGRAM
  -------         PROC          ERRORCGRAM
  C:1916H         LINE#         664
  C:1916H         LINE#         665
  C:1916H         LINE#         666
  C:1924H         LINE#         667
  -------         ENDPROC       ERRORCGRAM
  -------         PROC          NULLCGRAM
  C:1925H         LINE#         668
  C:1925H         LINE#         669
  C:1925H         LINE#         670
  C:1933H         LINE#         671
  -------         ENDPROC       NULLCGRAM
  -------         PROC          _DISPLAYCGRAM
  D:0007H         SYMBOL        cx
  X:0303H         SYMBOL        cy
  -------         DO            
  X:0304H         SYMBOL        p
  X:0307H         SYMBOL        i
  X:0308H         SYMBOL        s
  X:0309H         SYMBOL        page
  X:030AH         SYMBOL        port
  -------         ENDDO         
  C:1347H         LINE#         672
  C:134CH         LINE#         673
  C:134CH         LINE#         677
  C:134FH         LINE#         679
  C:1364H         LINE#         680
  C:136DH         LINE#         681
  C:136DH         LINE#         682
  C:1370H         LINE#         683
  C:1371H         LINE#         684
  C:1373H         LINE#         686
  C:1373H         LINE#         687
  C:1376H         LINE#         688
  C:1380H         LINE#         690
  C:1380H         LINE#         692
  C:138FH         LINE#         693
  C:138FH         LINE#         694
  C:1395H         LINE#         695
  C:1398H         LINE#         696
  C:13A3H         LINE#         697
  C:13A6H         LINE#         698
  C:13ABH         LINE#         699
  C:13ABH         LINE#         700
  C:13B6H         LINE#         701
  C:13BDH         LINE#         702
  C:13C7H         LINE#         703
  C:13D3H         LINE#         704
  C:13DBH         LINE#         705
  -------         ENDPROC       _DISPLAYCGRAM
  -------         PROC          RESETUNDERLINE
BL51 BANKED LINKER/LOCATER V6.22                                                      01/18/2014  18:12:32  PAGE 20


  C:194DH         LINE#         707
  C:194DH         LINE#         708
  C:1952H         LINE#         709
  C:1954H         LINE#         710
  -------         ENDPROC       RESETUNDERLINE
  -------         PROC          _DISPLAYUNDERLINE
  X:02F2H         SYMBOL        cx
  X:02F3H         SYMBOL        cy
  B:0020H.3       SYMBOL        display
  -------         DO            
  X:02F4H         SYMBOL        p
  X:02F7H         SYMBOL        i
  X:02F8H         SYMBOL        s
  X:02F9H         SYMBOL        page
  X:02FAH         SYMBOL        port
  -------         ENDDO         
  C:089AH         LINE#         711
  C:08A2H         LINE#         712
  C:08A2H         LINE#         715
  C:08A5H         LINE#         716
  C:08A5H         LINE#         718
  C:08A5H         LINE#         719
  C:08B3H         LINE#         720
  C:08C1H         LINE#         721
  C:08CAH         LINE#         722
  C:08CAH         LINE#         723
  C:08CDH         LINE#         724
  C:08D1H         LINE#         725
  C:08D3H         LINE#         727
  C:08D3H         LINE#         728
  C:08D6H         LINE#         729
  C:08E3H         LINE#         731
  C:08E3H         LINE#         733
  C:08F2H         LINE#         734
  C:08F2H         LINE#         735
  C:08F8H         LINE#         736
  C:08FBH         LINE#         737
  C:0906H         LINE#         738
  C:0909H         LINE#         739
  C:090EH         LINE#         740
  C:090EH         LINE#         741
  C:0911H         LINE#         742
  C:0918H         LINE#         743
  C:0922H         LINE#         744
  C:092EH         LINE#         745
  C:0936H         LINE#         746
  C:0936H         LINE#         747
  C:093FH         LINE#         748
  C:0947H         LINE#         749
  C:0955H         LINE#         750
  C:095EH         LINE#         751
  C:095EH         LINE#         752
  C:0961H         LINE#         753
  C:0965H         LINE#         754
  C:0967H         LINE#         756
  C:0967H         LINE#         757
  C:096AH         LINE#         758
BL51 BANKED LINKER/LOCATER V6.22                                                      01/18/2014  18:12:32  PAGE 21


  C:0977H         LINE#         760
  C:0977H         LINE#         762
  C:0986H         LINE#         763
  C:0986H         LINE#         764
  C:098CH         LINE#         765
  C:098FH         LINE#         766
  C:099AH         LINE#         767
  C:099DH         LINE#         768
  C:09A2H         LINE#         769
  C:09A2H         LINE#         770
  C:09A5H         LINE#         771
  C:09ACH         LINE#         772
  C:09B6H         LINE#         773
  C:09C2H         LINE#         774
  C:09CAH         LINE#         775
  -------         ENDPROC       _DISPLAYUNDERLINE
  -------         PROC          _LCD_PUTPOSITION
  D:0007H         SYMBOL        x
  D:0005H         SYMBOL        y
  C:1955H         LINE#         777
  C:1955H         LINE#         778
  C:1955H         LINE#         779
  -------         ENDPROC       _LCD_PUTPOSITION
  -------         PROC          CLRSCREEN
  C:1964H         LINE#         782
  C:1964H         LINE#         783
  C:1964H         LINE#         784
  -------         ENDPROC       CLRSCREEN
  -------         ENDMOD        LCD12864

  -------         MODULE        MAIN
  C:0000H         SYMBOL        _ICE_DUMMY_
  D:0090H         PUBLIC        P1
  D:00A0H         PUBLIC        P2
  D:00B0H         PUBLIC        P3
  X:0312H         PUBLIC        brightValue
  D:00A8H         PUBLIC        IE
  D:00BDH         PUBLIC        ADC_RES
  D:00B8H         PUBLIC        IP
  X:0313H         PUBLIC        stateValue
  C:183FH         PUBLIC        main
  B:0020H.0       PUBLIC        brightAdFlag
  D:00BCH         PUBLIC        ADC_CONTR
  D:0098H         PUBLIC        SCON
  D:0088H         PUBLIC        TCON
  C:18C7H         PUBLIC        init
  C:18D9H         SYMBOL        _?ix1000
  C:18DEH         SYMBOL        _?ix1001
  C:0FCAH         PUBLIC        displayADC
  C:18E2H         SYMBOL        _?ix1002
  B:0020H.1       PUBLIC        stateAdFlag
  D:00BEH         PUBLIC        ADC_LOW2
  C:18B2H         PUBLIC        _delayMs
  D:009DH         PUBLIC        P1ASF
  B:0020H.2       PUBLIC        infoChanged
  C:1807H         PUBLIC        _getAdValueByChannel
  C:1969H         PUBLIC        _DelayUs2x
BL51 BANKED LINKER/LOCATER V6.22                                                      01/18/2014  18:12:32  PAGE 22


  D:00C8H         PUBLIC        T2CON
  C:1869H         PUBLIC        getAdValue
  D:00D0H         PUBLIC        PSW
  -------         PROC          _DELAYUS2X
  D:0007H         SYMBOL        t
  C:1969H         LINE#         32
  C:1969H         LINE#         33
  C:196BH         LINE#         35
  -------         ENDPROC       _DELAYUS2X
  -------         PROC          _DELAYMS
  D:0006H         SYMBOL        t
  C:18B2H         LINE#         37
  C:18B4H         LINE#         39
  C:18BAH         LINE#         41
  C:18BFH         LINE#         42
  C:18C4H         LINE#         43
  C:18C6H         LINE#         44
  -------         ENDPROC       _DELAYMS
  -------         PROC          INIT
  C:18C7H         LINE#         46
  C:18C7H         LINE#         47
  C:18CAH         LINE#         48
  C:18CDH         LINE#         50
  C:18D0H         LINE#         51
  C:18D3H         LINE#         52
  C:18D6H         LINE#         53
  -------         ENDPROC       INIT
  -------         PROC          _GETADVALUEBYCHANNEL
  D:0007H         SYMBOL        channel
  D:0005H         SYMBOL        bits
  -------         DO            
  D:0002H         SYMBOL        result
  B:0020H.4       SYMBOL        adFinished
  -------         ENDDO         
  C:1807H         LINE#         55
  C:1807H         LINE#         57
  C:1809H         LINE#         59
  C:180EH         LINE#         60
  C:1811H         LINE#         61
  C:1817H         LINE#         62
  C:1819H         LINE#         63
  C:181FH         LINE#         64
  C:181FH         LINE#         65
  C:1831H         LINE#         66
  C:1833H         LINE#         67
  C:1833H         LINE#         68
  C:1837H         LINE#         69
  C:1837H         LINE#         70
  C:183AH         LINE#         71
  C:183EH         LINE#         72
  -------         ENDPROC       _GETADVALUEBYCHANNEL
  -------         PROC          GETADVALUE
  C:1869H         LINE#         73
  C:1869H         LINE#         75
  C:1875H         LINE#         77
  C:1877H         LINE#         78
  C:187CH         LINE#         80
BL51 BANKED LINKER/LOCATER V6.22                                                      01/18/2014  18:12:32  PAGE 23


  C:1888H         LINE#         81
  C:188AH         LINE#         84
  -------         ENDPROC       GETADVALUE
  -------         PROC          DISPLAYADC
  -------         DO            
  X:0276H         SYMBOL        stateValueStr
  X:027BH         SYMBOL        adcBrightStr
  -------         ENDDO         
  C:0FCAH         LINE#         87
  C:0FCAH         LINE#         89
  C:0FDDH         LINE#         90
  C:0FF0H         LINE#         93
  C:0FF3H         LINE#         94
  C:0FF5H         LINE#         95
  C:100BH         LINE#         96
  C:1028H         LINE#         97
  C:103DH         LINE#         98
  C:1048H         LINE#         99
  C:104BH         LINE#         101
  C:1058H         LINE#         103
  C:1058H         LINE#         104
  C:105BH         LINE#         105
  C:105DH         LINE#         106
  C:106CH         LINE#         107
  C:107CH         LINE#         108
  C:1087H         LINE#         109
  C:108AH         LINE#         110
  C:1097H         LINE#         111
  C:1097H         LINE#         113
  -------         ENDPROC       DISPLAYADC
  -------         PROC          MAIN
  -------         DO            
  X:026FH         SYMBOL        str
  -------         ENDDO         
  C:183FH         LINE#         114
  C:183FH         LINE#         115
  C:183FH         LINE#         116
  C:1852H         LINE#         117
  C:1855H         LINE#         120
  C:1861H         LINE#         124
  C:1861H         LINE#         125
  C:1861H         LINE#         127
  C:1864H         LINE#         128
  C:1867H         LINE#         129
  -------         ENDPROC       MAIN
  -------         ENDMOD        MAIN

  -------         MODULE        VVSPI
  C:0000H         SYMBOL        _ICE_DUMMY_
  D:0090H         PUBLIC        P1
  D:00B0H         PUBLIC        P3
  D:00CEH         PUBLIC        SPCTL
  D:00A8H         PUBLIC        IE
  C:1934H         PUBLIC        ReadByte
  D:00B8H         PUBLIC        IP
  C:1942H         PUBLIC        _WriteByte
  D:0098H         PUBLIC        SCON
BL51 BANKED LINKER/LOCATER V6.22                                                      01/18/2014  18:12:32  PAGE 24


  D:0088H         PUBLIC        TCON
  D:00CDH         PUBLIC        SPSTAT
  C:195DH         PUBLIC        init_spi
  D:00C8H         PUBLIC        T2CON
  D:00D0H         PUBLIC        PSW
  D:00CFH         PUBLIC        SPDAT
  -------         PROC          INIT_SPI
  C:195DH         LINE#         3
  C:195DH         LINE#         4
  C:195DH         LINE#         9
  C:1960H         LINE#         10
  C:1963H         LINE#         12
  -------         ENDPROC       INIT_SPI
  -------         PROC          _WRITEBYTE
  D:0007H         SYMBOL        temp
  C:1942H         LINE#         14
  C:1942H         LINE#         15
  C:1942H         LINE#         16
  C:1944H         LINE#         17
  C:1949H         LINE#         18
  C:194CH         LINE#         19
  -------         ENDPROC       _WRITEBYTE
  -------         PROC          READBYTE
  -------         DO            
  D:0007H         SYMBOL        temp
  -------         ENDDO         
  C:1934H         LINE#         21
  C:1934H         LINE#         22
  C:1934H         LINE#         25
  C:1937H         LINE#         26
  C:193CH         LINE#         27
  C:193EH         LINE#         28
  C:1941H         LINE#         29
  C:1941H         LINE#         30
  -------         ENDPROC       READBYTE
  -------         ENDMOD        VVSPI

  -------         MODULE        ?C?COPY
  C:0436H         PUBLIC        ?C?COPY
  -------         ENDMOD        ?C?COPY

  -------         MODULE        ?C?CLDPTR
  C:045CH         PUBLIC        ?C?CLDPTR
  -------         ENDMOD        ?C?CLDPTR

  -------         MODULE        ?C?CLDOPTR
  C:0475H         PUBLIC        ?C?CLDOPTR
  -------         ENDMOD        ?C?CLDOPTR

  -------         MODULE        ?C?CSTPTR
  C:04A2H         PUBLIC        ?C?CSTPTR
  -------         ENDMOD        ?C?CSTPTR

  -------         MODULE        ?C?CSTOPTR
  C:04B4H         PUBLIC        ?C?CSTOPTR
  -------         ENDMOD        ?C?CSTOPTR

BL51 BANKED LINKER/LOCATER V6.22                                                      01/18/2014  18:12:32  PAGE 25


  -------         MODULE        ?C?IMUL
  C:04D6H         PUBLIC        ?C?IMUL
  -------         ENDMOD        ?C?IMUL

  -------         MODULE        ?C?UIDIV
  C:04E8H         PUBLIC        ?C?UIDIV
  -------         ENDMOD        ?C?UIDIV

  -------         MODULE        ?C?IILDX
  C:053DH         PUBLIC        ?C?IILDX
  -------         ENDMOD        ?C?IILDX

  -------         MODULE        ?C?ILDIX
  C:0553H         PUBLIC        ?C?ILDIX
  -------         ENDMOD        ?C?ILDIX

  -------         MODULE        ?C?LMUL
  C:0569H         PUBLIC        ?C?LMUL
  -------         ENDMOD        ?C?LMUL

  -------         MODULE        ?C?ULSHR
  C:05B8H         PUBLIC        ?C?ULSHR
  -------         ENDMOD        ?C?ULSHR

  -------         MODULE        ?C?LSTXDATA
  C:05CBH         PUBLIC        ?C?LSTXDATA
  -------         ENDMOD        ?C?LSTXDATA

*** WARNING L16: UNCALLED SEGMENT, IGNORED FOR OVERLAY PROCESS
    SEGMENT: ?PR?_LCD_PUTSTRING_24?LCD12864

*** WARNING L16: UNCALLED SEGMENT, IGNORED FOR OVERLAY PROCESS
    SEGMENT: ?PR?_LCD_PUTSTRING_24_CY?LCD12864

*** WARNING L16: UNCALLED SEGMENT, IGNORED FOR OVERLAY PROCESS
    SEGMENT: ?PR?_LCD_PUTNAME_24_CY?LCD12864

*** WARNING L16: UNCALLED SEGMENT, IGNORED FOR OVERLAY PROCESS
    SEGMENT: ?PR?_LCD_PUTCHAR?LCD12864

*** WARNING L16: UNCALLED SEGMENT, IGNORED FOR OVERLAY PROCESS
    SEGMENT: ?PR?FULLCGRAM?LCD12864

*** WARNING L16: UNCALLED SEGMENT, IGNORED FOR OVERLAY PROCESS
    SEGMENT: ?PR?HALFCGRAM?LCD12864

*** WARNING L16: UNCALLED SEGMENT, IGNORED FOR OVERLAY PROCESS
    SEGMENT: ?PR?EMPTYCGRAM?LCD12864

*** WARNING L16: UNCALLED SEGMENT, IGNORED FOR OVERLAY PROCESS
    SEGMENT: ?PR?ERRORCGRAM?LCD12864

*** WARNING L16: UNCALLED SEGMENT, IGNORED FOR OVERLAY PROCESS
    SEGMENT: ?PR?NULLCGRAM?LCD12864

*** WARNING L16: UNCALLED SEGMENT, IGNORED FOR OVERLAY PROCESS
    SEGMENT: ?PR?_DISPLAYCGRAM?LCD12864
BL51 BANKED LINKER/LOCATER V6.22                                                      01/18/2014  18:12:32  PAGE 26



*** WARNING L16: UNCALLED SEGMENT, IGNORED FOR OVERLAY PROCESS
    SEGMENT: ?PR?RESETUNDERLINE?LCD12864

*** WARNING L16: UNCALLED SEGMENT, IGNORED FOR OVERLAY PROCESS
    SEGMENT: ?PR?_LCD_PUTPOSITION?LCD12864

Program Size: data=9.5 xdata=788 code=6508
LINK/LOCATE RUN COMPLETE.  12 WARNING(S),  0 ERROR(S)
