BL51 BANKED LINKER/LOCATER V6.22                                                        01/18/2014  17:34:42  PAGE 1


BL51 BANKED LINKER/LOCATER V6.22, INVOKED BY:
D:\KEIL4\C51\BIN\BL51.EXE lcd12864.obj, main.obj TO stc12_62256_test RAMSIZE (256)


MEMORY MODEL: SMALL


INPUT MODULES INCLUDED:
  lcd12864.obj (LCD12864)
  main.obj (MAIN)
  D:\KEIL4\C51\LIB\C51S.LIB (?C_STARTUP)
  D:\KEIL4\C51\LIB\C51S.LIB (?C?CLDPTR)
  D:\KEIL4\C51\LIB\C51S.LIB (?C_INIT)


LINK MAP OF MODULE:  stc12_62256_test (LCD12864)


            TYPE    BASE      LENGTH    RELOCATION   SEGMENT NAME
            -----------------------------------------------------

            * * * * * * *   D A T A   M E M O R Y   * * * * * * *
            REG     0000H     0008H     ABSOLUTE     "REG BANK 0"
            DATA    0008H     0008H     UNIT         _DATA_GROUP_
            DATA    0010H     0003H     UNIT         ?DT?LCD12864
            IDATA   0013H     0001H     UNIT         ?STACK

            * * * * * * *  X D A T A   M E M O R Y  * * * * * * *
            XDATA   0000H     00E0H     UNIT         ?XD?LCD12864

            * * * * * * *   C O D E   M E M O R Y   * * * * * * *
            CODE    0000H     0003H     ABSOLUTE     
            CODE    0003H     0102H     UNIT         ?C_INITSEG
            CODE    0105H     008CH     UNIT         ?C_C51STARTUP
            CODE    0191H     0084H     UNIT         ?PR?_DISPLAYCGRAM?LCD12864
            CODE    0215H     0049H     UNIT         ?PR?LCD_DISPINI?LCD12864
            CODE    025EH     0048H     UNIT         ?PR?_LCD_DISPFILL?LCD12864
            CODE    02A6H     002FH     UNIT         ?PR?_LCD_WRCMD?LCD12864
            CODE    02D5H     0026H     UNIT         ?PR?_LCD_WRDAT?LCD12864
            CODE    02FBH     001AH     UNIT         ?PR?_DELAYUS?LCD12864
            CODE    0315H     0019H     UNIT         ?C?LIB_CODE
            CODE    032EH     0012H     UNIT         ?PR?MAIN?MAIN
            CODE    0340H     000AH     UNIT         ?PR?FULLCGRAM?LCD12864
            CODE    034AH     000AH     UNIT         ?PR?HALFCGRAM?LCD12864
            CODE    0354H     000AH     UNIT         ?PR?EMPTYCGRAM?LCD12864
            CODE    035EH     000AH     UNIT         ?PR?ERRORCGRAM?LCD12864
            CODE    0368H     000AH     UNIT         ?PR?NULLCGRAM?LCD12864
            CODE    0372H     0005H     UNIT         ?PR?CLRSCREEN?LCD12864



OVERLAY MAP OF MODULE:   stc12_62256_test (LCD12864)


SEGMENT                              DATA_GROUP 
  +--> CALLED SEGMENT              START    LENGTH
--------------------------------------------------
?C_C51STARTUP                      -----    -----
BL51 BANKED LINKER/LOCATER V6.22                                                      01/18/2014  17:34:42  PAGE 2


  +--> ?PR?MAIN?MAIN
  +--> ?C_INITSEG

?PR?MAIN?MAIN                      -----    -----
  +--> ?PR?LCD_DISPINI?LCD12864
  +--> ?PR?CLRSCREEN?LCD12864
  +--> ?PR?FULLCGRAM?LCD12864
  +--> ?PR?_DISPLAYCGRAM?LCD12864

?PR?LCD_DISPINI?LCD12864           -----    -----
  +--> ?PR?_DELAYUS?LCD12864
  +--> ?PR?_LCD_WRCMD?LCD12864
  +--> ?PR?_LCD_DISPFILL?LCD12864

?PR?_LCD_WRCMD?LCD12864            -----    -----
  +--> ?PR?_DELAYUS?LCD12864

?PR?_LCD_DISPFILL?LCD12864         0008H    0002H
  +--> ?PR?_LCD_WRCMD?LCD12864
  +--> ?PR?_LCD_WRDAT?LCD12864

?PR?_LCD_WRDAT?LCD12864            -----    -----
  +--> ?PR?_DELAYUS?LCD12864

?PR?CLRSCREEN?LCD12864             -----    -----
  +--> ?PR?_LCD_DISPFILL?LCD12864

?PR?_DISPLAYCGRAM?LCD12864         0008H    0008H
  +--> ?PR?_LCD_WRCMD?LCD12864
  +--> ?PR?_DELAYUS?LCD12864
  +--> ?PR?_LCD_WRDAT?LCD12864



SYMBOL TABLE OF MODULE:  stc12_62256_test (LCD12864)

  VALUE           TYPE          NAME
  ----------------------------------

  -------         MODULE        LCD12864
  C:0000H         SYMBOL        _ICE_DUMMY_
  C:0354H         PUBLIC        EmptyCGRAM
  D:0090H         PUBLIC        P1
  C:0340H         PUBLIC        FullCGRAM
  D:00A0H         PUBLIC        P2
  D:00B0H         PUBLIC        P3
  X:0000H         PUBLIC        null16x16
  C:0372H         PUBLIC        ClrScreen
  C:0368H         PUBLIC        NullCGRAM
  B:00A0H.4       PUBLIC        DI
  D:00A8H         PUBLIC        IE
  B:00A0H.5       PUBLIC        EN
  C:02AFH         PUBLIC        _LCD_WrCmd
  X:0020H         PUBLIC        underline16x16
  C:02D5H         PUBLIC        _LCD_WrDat
  D:00B8H         PUBLIC        IP
  D:0010H         PUBLIC        lbatStateGraph
BL51 BANKED LINKER/LOCATER V6.22                                                      01/18/2014  17:34:42  PAGE 3


  B:00A0H.3       PUBLIC        RW
  B:00A0H.2       PUBLIC        LCD_RST
  D:0098H         PUBLIC        SCON
  D:0088H         PUBLIC        TCON
  C:0191H         PUBLIC        _DisplayCGRAM
  B:00A0H.0       PUBLIC        CS1
  B:00A0H.1       PUBLIC        CS2
  C:025EH         PUBLIC        _LCD_DispFill
  D:0080H         PUBLIC        LCD
  X:0040H         PUBLIC        half16x16
  D:00C8H         PUBLIC        T2CON
  C:0215H         PUBLIC        LCD_DispIni
  C:034AH         PUBLIC        HalfCGRAM
  X:0060H         PUBLIC        error16x16
  X:0080H         PUBLIC        arrow16x16
  C:035EH         PUBLIC        ErrorCGRAM
  X:00A0H         PUBLIC        empty16x16
  D:00D0H         PUBLIC        PSW
  C:0303H         PUBLIC        _delayus
  X:00C0H         PUBLIC        full16x16
  C:02FFH         SYMBOL        L?0039
  -------         PROC          L?0038
  -------         ENDPROC       L?0038
  C:02FFH         SYMBOL        L?0039
  -------         PROC          _DELAYUS
  D:0006H         SYMBOL        n
  -------         DO            
  D:0004H         SYMBOL        i
  -------         ENDDO         
  C:0303H         LINE#         46
  C:0303H         LINE#         47
  C:0303H         LINE#         49
  C:0314H         LINE#         50
  -------         ENDPROC       _DELAYUS
  -------         PROC          L?0040
  -------         ENDPROC       L?0040
  -------         PROC          _LCD_WRCMD
  D:0002H         SYMBOL        port
  D:0003H         SYMBOL        cmd
  C:02AFH         LINE#         51
  C:02AFH         LINE#         52
  C:02AFH         LINE#         53
  C:02B2H         LINE#         54
  C:02B4H         LINE#         55
  C:02B7H         LINE#         56
  C:02B9H         LINE#         57
  C:02BCH         LINE#         58
  C:02BEH         LINE#         59
  C:02BEH         LINE#         60
  C:02C0H         LINE#         62
  C:02C0H         LINE#         63
  C:02C2H         LINE#         64
  C:02C5H         LINE#         65
  C:02C7H         LINE#         66
  C:02CAH         LINE#         67
  C:02CAH         LINE#         68
  C:02CCH         LINE#         69
BL51 BANKED LINKER/LOCATER V6.22                                                      01/18/2014  17:34:42  PAGE 4


  C:02CEH         LINE#         70
  C:02D0H         LINE#         71
  C:02D2H         LINE#         72
  C:02D4H         LINE#         73
  -------         ENDPROC       _LCD_WRCMD
  -------         PROC          _LCD_WRDAT
  D:0002H         SYMBOL        port
  D:0003H         SYMBOL        wrdata
  C:02D5H         LINE#         75
  C:02D5H         LINE#         76
  C:02D5H         LINE#         77
  C:02D8H         LINE#         78
  C:02DAH         LINE#         79
  C:02DDH         LINE#         80
  C:02DFH         LINE#         81
  C:02E2H         LINE#         82
  C:02E4H         LINE#         83
  C:02E4H         LINE#         84
  C:02E6H         LINE#         85
  C:02E8H         LINE#         86
  C:02EBH         LINE#         87
  C:02EDH         LINE#         88
  C:02F0H         LINE#         89
  C:02F0H         LINE#         90
  C:02F2H         LINE#         91
  C:02F4H         LINE#         92
  C:02F6H         LINE#         93
  C:02F8H         LINE#         94
  C:02FAH         LINE#         95
  -------         ENDPROC       _LCD_WRDAT
  -------         PROC          _LCD_DISPFILL
  D:0008H         SYMBOL        filldata
  -------         DO            
  D:0009H         SYMBOL        x
  D:0001H         SYMBOL        y
  -------         ENDDO         
  C:025EH         LINE#         97
  C:0260H         LINE#         98
  C:0260H         LINE#         99
  C:0267H         LINE#         100
  C:026EH         LINE#         101
  C:0270H         LINE#         102
  C:0274H         LINE#         103
  C:0277H         LINE#         104
  C:0280H         LINE#         105
  C:0287H         LINE#         107
  C:028AH         LINE#         108
  C:0291H         LINE#         109
  C:0298H         LINE#         111
  C:02A1H         LINE#         112
  C:02A5H         LINE#         113
  -------         ENDPROC       _LCD_DISPFILL
  -------         PROC          LCD_DISPINI
  C:0215H         LINE#         115
  C:0215H         LINE#         116
  C:0215H         LINE#         118
  C:0217H         LINE#         119
BL51 BANKED LINKER/LOCATER V6.22                                                      01/18/2014  17:34:42  PAGE 5


  C:021EH         LINE#         120
  C:0220H         LINE#         121
  C:0223H         LINE#         122
  C:022AH         LINE#         123
  C:0231H         LINE#         124
  C:0238H         LINE#         125
  C:023FH         LINE#         126
  C:0246H         LINE#         127
  C:024BH         LINE#         128
  C:024DH         LINE#         129
  C:0250H         LINE#         130
  C:0257H         LINE#         131
  -------         ENDPROC       LCD_DISPINI
  -------         PROC          FULLCGRAM
  C:0340H         LINE#         137
  C:0340H         LINE#         138
  C:0340H         LINE#         139
  C:0349H         LINE#         140
  -------         ENDPROC       FULLCGRAM
  -------         PROC          HALFCGRAM
  C:034AH         LINE#         141
  C:034AH         LINE#         142
  C:034AH         LINE#         143
  C:0353H         LINE#         144
  -------         ENDPROC       HALFCGRAM
  -------         PROC          EMPTYCGRAM
  C:0354H         LINE#         145
  C:0354H         LINE#         146
  C:0354H         LINE#         147
  C:035DH         LINE#         148
  -------         ENDPROC       EMPTYCGRAM
  -------         PROC          ERRORCGRAM
  C:035EH         LINE#         149
  C:035EH         LINE#         150
  C:035EH         LINE#         151
  C:0367H         LINE#         152
  -------         ENDPROC       ERRORCGRAM
  -------         PROC          NULLCGRAM
  C:0368H         LINE#         153
  C:0368H         LINE#         154
  C:0368H         LINE#         155
  C:0371H         LINE#         156
  -------         ENDPROC       NULLCGRAM
  -------         PROC          _DISPLAYCGRAM
  D:0007H         SYMBOL        cx
  D:0008H         SYMBOL        cy
  -------         DO            
  D:0009H         SYMBOL        p
  D:000CH         SYMBOL        i
  D:000DH         SYMBOL        s
  D:000EH         SYMBOL        page
  D:000FH         SYMBOL        port
  -------         ENDDO         
  C:0191H         LINE#         157
  C:0193H         LINE#         158
  C:0193H         LINE#         162
  C:0195H         LINE#         164
BL51 BANKED LINKER/LOCATER V6.22                                                      01/18/2014  17:34:42  PAGE 6


  C:019EH         LINE#         165
  C:01A4H         LINE#         166
  C:01A4H         LINE#         167
  C:01A7H         LINE#         168
  C:01A8H         LINE#         169
  C:01AAH         LINE#         171
  C:01AAH         LINE#         172
  C:01ADH         LINE#         173
  C:01B5H         LINE#         175
  C:01B5H         LINE#         177
  C:01B8H         LINE#         178
  C:01B8H         LINE#         179
  C:01C6H         LINE#         180
  C:01CDH         LINE#         181
  C:01D7H         LINE#         182
  C:01DEH         LINE#         183
  C:01E1H         LINE#         184
  C:01E1H         LINE#         185
  C:01F0H         LINE#         186
  C:01F7H         LINE#         187
  C:0202H         LINE#         188
  C:020BH         LINE#         189
  C:0214H         LINE#         190
  -------         ENDPROC       _DISPLAYCGRAM
  -------         PROC          CLRSCREEN
  C:0372H         LINE#         194
  C:0372H         LINE#         195
  C:0372H         LINE#         196
  -------         ENDPROC       CLRSCREEN
  -------         ENDMOD        LCD12864

  -------         MODULE        MAIN
  C:0000H         SYMBOL        _ICE_DUMMY_
  D:0090H         PUBLIC        P1
  D:00A0H         PUBLIC        P2
  D:00B0H         PUBLIC        P3
  D:00A8H         PUBLIC        IE
  D:00B8H         PUBLIC        IP
  C:032EH         PUBLIC        main
  D:0098H         PUBLIC        SCON
  D:0088H         PUBLIC        TCON
  D:00C8H         PUBLIC        T2CON
  D:00D0H         PUBLIC        PSW
  -------         PROC          MAIN
  C:032EH         LINE#         23
  C:032EH         LINE#         24
  C:032EH         LINE#         27
  C:0331H         LINE#         28
  C:0334H         LINE#         29
  C:0337H         LINE#         30
  C:033EH         LINE#         31
  C:033EH         LINE#         33
  -------         ENDPROC       MAIN
  -------         ENDMOD        MAIN

  -------         MODULE        ?C?CLDPTR
  C:0315H         PUBLIC        ?C?CLDPTR
BL51 BANKED LINKER/LOCATER V6.22                                                      01/18/2014  17:34:42  PAGE 7


  -------         ENDMOD        ?C?CLDPTR

*** WARNING L16: UNCALLED SEGMENT, IGNORED FOR OVERLAY PROCESS
    SEGMENT: ?PR?HALFCGRAM?LCD12864

*** WARNING L16: UNCALLED SEGMENT, IGNORED FOR OVERLAY PROCESS
    SEGMENT: ?PR?EMPTYCGRAM?LCD12864

*** WARNING L16: UNCALLED SEGMENT, IGNORED FOR OVERLAY PROCESS
    SEGMENT: ?PR?ERRORCGRAM?LCD12864

*** WARNING L16: UNCALLED SEGMENT, IGNORED FOR OVERLAY PROCESS
    SEGMENT: ?PR?NULLCGRAM?LCD12864

Program Size: data=20.0 xdata=224 code=887
LINK/LOCATE RUN COMPLETE.  4 WARNING(S),  0 ERROR(S)
