BL51 BANKED LINKER/LOCATER V6.22                                                        02/25/2014  14:05:21  PAGE 1


BL51 BANKED LINKER/LOCATER V6.22, INVOKED BY:
D:\KEIL4\C51\BIN\BL51.EXE hanzi.obj, insideStorage.obj, lcd12864.obj, main.obj, vvspi.obj, useful.obj, config.obj, yuyin
>> .obj TO stc_terminal_v01 RAMSIZE (256)


MEMORY MODEL: LARGE


INPUT MODULES INCLUDED:
  hanzi.obj (HANZI)
  insideStorage.obj (INSIDESTORAGE)
  lcd12864.obj (LCD12864)
  main.obj (MAIN)
  vvspi.obj (VVSPI)
  useful.obj (USEFUL)
  config.obj (CONFIG)
  yuyin.obj (YUYIN)
  D:\KEIL4\C51\LIB\C51L.LIB (?C_STARTUP)
  D:\KEIL4\C51\LIB\C51L.LIB (?C?COPY)
  D:\KEIL4\C51\LIB\C51L.LIB (?C?CLDPTR)
  D:\KEIL4\C51\LIB\C51L.LIB (?C?CLDOPTR)
  D:\KEIL4\C51\LIB\C51L.LIB (?C?CSTPTR)
  D:\KEIL4\C51\LIB\C51L.LIB (?C?CSTOPTR)
  D:\KEIL4\C51\LIB\C51L.LIB (?C?IMUL)
  D:\KEIL4\C51\LIB\C51L.LIB (?C?UIDIV)
  D:\KEIL4\C51\LIB\C51L.LIB (?C?IILDX)
  D:\KEIL4\C51\LIB\C51L.LIB (?C?ILDIX)
  D:\KEIL4\C51\LIB\C51L.LIB (?C?LMUL)
  D:\KEIL4\C51\LIB\C51L.LIB (?C?ULSHR)
  D:\KEIL4\C51\LIB\C51L.LIB (?C?LSTXDATA)
  D:\KEIL4\C51\LIB\C51L.LIB (?C?CCASE)
  D:\KEIL4\C51\LIB\C51L.LIB (?C_INIT)


LINK MAP OF MODULE:  stc_terminal_v01 (HANZI)


            TYPE    BASE      LENGTH    RELOCATION   SEGMENT NAME
            -----------------------------------------------------

            * * * * * * *   D A T A   M E M O R Y   * * * * * * *
            REG     0000H     0008H     ABSOLUTE     "REG BANK 0"
            REG     0008H     0008H     ABSOLUTE     "REG BANK 1"
                    0010H     0010H                  *** GAP ***
            BIT     0020H.0   0001H.3   UNIT         ?BI?MAIN
            BIT     0021H.3   0000H.4   UNIT         ?BI?CONFIG
            BIT     0021H.7   0000H.1   UNIT         ?BI?LCD12864
            BIT     0022H.0   0000H.1   UNIT         _BIT_GROUP_
                    0022H.1   0000H.7                *** GAP ***
            IDATA   0023H     0001H     UNIT         ?STACK

            * * * * * * *  X D A T A   M E M O R Y  * * * * * * *
            XDATA   0000H     026FH     UNIT         ?XD?LCD12864
            XDATA   026FH     009BH     UNIT         ?XD?MAIN
            XDATA   030AH     0055H     UNIT         ?XD?CONFIG
            XDATA   035FH     0036H     UNIT         _XDATA_GROUP_
            XDATA   0395H     000FH     UNIT         ?XD?_LCD_DISP_SZ_CHAR_24?LCD12864
            XDATA   03A4H     000DH     UNIT         ?XD?_LCD_PUTSTRING_24_CY?LCD12864
BL51 BANKED LINKER/LOCATER V6.22                                                      02/25/2014  14:05:21  PAGE 2


            XDATA   03B1H     0007H     UNIT         ?XD?_LCD_PUTSTRING_24?LCD12864

            * * * * * * *   C O D E   M E M O R Y   * * * * * * *
            CODE    0000H     0003H     ABSOLUTE     
            CODE    0003H     0003H     ABSOLUTE     
            CODE    0006H     0005H     UNIT         ?PR?CLRSCREEN?LCD12864
            CODE    000BH     0003H     ABSOLUTE     
            CODE    000EH     0033H     UNIT         ?PR?DISPLOCKINFO?MAIN
                    0041H     0002H                  *** GAP ***
            CODE    0043H     0003H     ABSOLUTE     
            CODE    0046H     03CCH     UNIT         ?PR?IR_WORK?CONFIG
            CODE    0412H     0363H     UNIT         ?PR?_GB_ADDR?HANZI
            CODE    0775H     0297H     UNIT         ?C?LIB_CODE
            CODE    0A0CH     0208H     UNIT         ?C_INITSEG
            CODE    0C14H     01FAH     UNIT         ?PR?STATETEST?MAIN
            CODE    0E0EH     0192H     UNIT         ?PR?_ARRANGENAMEARR?LCD12864
            CODE    0FA0H     014FH     UNIT         ?PR?_DISPLAYUNDERLINE?LCD12864
            CODE    10EFH     0131H     UNIT         ?PR?_GET24X24NAMEBYTESFORMGB2312S?LCD12864
            CODE    1220H     0119H     UNIT         ?PR?_GET24X24BYTESFORMGB2312S?LCD12864
            CODE    1339H     0111H     UNIT         ?PR?_LCD_PUTSTRING_24_CY?LCD12864
            CODE    144AH     0110H     UNIT         ?PR?UART2?MAIN
            CODE    155AH     00F5H     UNIT         ?PR?_GETBYTESFORMGB2312S?LCD12864
            CODE    164FH     00F1H     UNIT         ?PR?_GETBYTESFORMASCIIS?LCD12864
            CODE    1740H     00EAH     UNIT         ?PR?DISPLAYADC?MAIN
            CODE    182AH     00D8H     UNIT         ?PR?_LCD_PUTNAME_24_CY?LCD12864
            CODE    1902H     00D0H     UNIT         ?PR?_LCD_DISP_SZ_CHAR_24_ORIGINAL_X?LCD12864
            CODE    19D2H     00CEH     UNIT         ?PR?_LCD_DISP_SZ_CHAR_24?LCD12864
            CODE    1AA0H     00A8H     UNIT         ?PR?_LCD_DISP_SZ_SINGLEBYTECHAR?LCD12864
            CODE    1B48H     00A5H     UNIT         ?PR?_LCD_DISP_SZ_CHAR?LCD12864
            CODE    1BEDH     00A4H     UNIT         ?PR?_DISPLAYCGRAM?LCD12864
            CODE    1C91H     009DH     UNIT         ?PR?_LCD_PUTCHAR?LCD12864
            CODE    1D2EH     0094H     UNIT         ?PR?TIMER0_ISR?MAIN
            CODE    1DC2H     0091H     UNIT         ?PR?_LCD_PUTSTRING_24?LCD12864
            CODE    1E53H     008CH     UNIT         ?C_C51STARTUP
            CODE    1EDFH     0085H     UNIT         ?PR?_LCD_PUTSINGLEBYTESTRING?LCD12864
            CODE    1F64H     0081H     UNIT         ?PR?_LCD_PUTSTRING?LCD12864
            CODE    1FE5H     007FH     UNIT         ?PR?STORAGEBASEINFO?MAIN
            CODE    2064H     007DH     UNIT         ?PR?DISPLAYSTAFFINFO?MAIN
            CODE    20E1H     007DH     UNIT         ?PR?UPDATESTAFFINFOIFNECCESARY?MAIN
            CODE    215EH     0079H     UNIT         ?PR?RETREIVEBASEINFO?MAIN
            CODE    21D7H     0073H     UNIT         ?PR?_LCD_DISPFILL?LCD12864
            CODE    224AH     0067H     UNIT         ?PR?_SETCHARGETIMEARR?MAIN
            CODE    22B1H     0067H     UNIT         ?PR?GETADVALUE?MAIN
            CODE    2318H     0066H     UNIT         ?PR?INIT?MAIN
            CODE    237EH     005CH     UNIT         ?CO?MAIN
            CODE    23DAH     005AH     UNIT         ?PR?_LCD_WRDAT?LCD12864
            CODE    2434H     0058H     UNIT         ?PR?_GB_HZZF_LEN?HANZI
            CODE    248CH     0056H     UNIT         ?PR?LCD_DISPINI?LCD12864
            CODE    24E2H     0056H     UNIT         ?PR?DISPLAYBATSTATE?MAIN
            CODE    2538H     0054H     UNIT         ?PR?_SHOWMENUITEM?CONFIG
            CODE    258CH     0053H     UNIT         ?PR?RETREIVECONFIG?CONFIG
            CODE    25DFH     0050H     UNIT         ?PR?_LCD_WRCMD?LCD12864
            CODE    262FH     004EH     UNIT         ?PR?_SHOWADDRESS?MAIN
            CODE    267DH     0047H     UNIT         ?PR?IREXPROCESS?CONFIG
            CODE    26C4H     0046H     UNIT         ?PR?SAVECONFIG?CONFIG
            CODE    270AH     0041H     UNIT         ?CO?CONFIG
            CODE    274BH     0041H     UNIT         ?PR?_YUYIN?YUYIN
BL51 BANKED LINKER/LOCATER V6.22                                                      02/25/2014  14:05:21  PAGE 3


            CODE    278CH     003EH     UNIT         ?PR?MAIN?MAIN
            CODE    27CAH     003EH     UNIT         ?PR?IRCORDPRO?CONFIG
            CODE    2808H     003BH     UNIT         ?PR?EX0_ISR?MAIN
            CODE    2843H     0038H     UNIT         ?PR?_GETADVALUEBYCHANNEL?MAIN
            CODE    287BH     0037H     UNIT         ?PR?SHOWTIMEIFNECCESARY?MAIN
            CODE    28B2H     002EH     UNIT         ?PR?DISPDIGIT?CONFIG
            CODE    28E0H     0028H     UNIT         ?PR?STARTSETTINGIFNECESSARY?MAIN
            CODE    2908H     0025H     UNIT         ?PR?REDISPLAYSTAFFINFOIFNECESSARY?MAIN
            CODE    292DH     0024H     UNIT         ?PR?LOCKIFNECCESSARY?MAIN
            CODE    2951H     001DH     UNIT         ?PR?_YUYINIFOK?MAIN
            CODE    296EH     001AH     UNIT         ?PR?IRINIT?CONFIG
            CODE    2988H     0019H     UNIT         ?PR?_IAPPROGRAMBYTE?INSIDESTORAGE
            CODE    29A1H     0019H     UNIT         ?PR?YUYINIFNECCESSARY?MAIN
            CODE    29BAH     0018H     UNIT         ?PR?_IAPREADBYTE?INSIDESTORAGE
            CODE    29D2H     0017H     UNIT         ?PR?_DELAYMS?USEFUL
            CODE    29E9H     0015H     UNIT         ?PR?_IAPERASESECTOR?INSIDESTORAGE
            CODE    29FEH     0015H     UNIT         ?PR?_DELAYUS?USEFUL
            CODE    2A13H     0010H     UNIT         ?PR?IRTIME0PROCESS?CONFIG
            CODE    2A23H     000FH     UNIT         ?PR?FULLCGRAM?LCD12864
            CODE    2A32H     000FH     UNIT         ?PR?HALFCGRAM?LCD12864
            CODE    2A41H     000FH     UNIT         ?PR?EMPTYCGRAM?LCD12864
            CODE    2A50H     000FH     UNIT         ?PR?ERRORCGRAM?LCD12864
            CODE    2A5FH     000FH     UNIT         ?PR?NULLCGRAM?LCD12864
            CODE    2A6EH     000FH     UNIT         ?PR?_SENDDATA?MAIN
            CODE    2A7DH     000FH     UNIT         ?PR?INIT_SPI?VVSPI
            CODE    2A8CH     000FH     UNIT         ?PR?SETINFRAREDFLAG?CONFIG
            CODE    2A9BH     000EH     UNIT         ?PR?READBYTE?VVSPI
            CODE    2AA9H     000EH     UNIT         ?PR?CLEARINFRAREDFLAG?CONFIG
            CODE    2AB7H     000DH     UNIT         ?PR?IAPIDLE?INSIDESTORAGE
            CODE    2AC4H     000CH     UNIT         ?PR?CLEARTIME?MAIN
            CODE    2AD0H     000CH     UNIT         ?PR?PROCESSSETTINGIFNECESSARY?CONFIG
            CODE    2ADCH     000BH     UNIT         ?PR?_WRITEBYTE?VVSPI
            CODE    2AE7H     0008H     UNIT         ?PR?RESETUNDERLINE?LCD12864
            CODE    2AEFH     0008H     UNIT         ?PR?_LCD_PUTPOSITION?LCD12864
            CODE    2AF7H     0006H     UNIT         ?PR?STORAGEINFO?MAIN
            CODE    2AFDH     0006H     UNIT         ?PR?RETREIVEINFO?MAIN
            CODE    2B03H     0005H     UNIT         ?PR?INITYUYIN?YUYIN



OVERLAY MAP OF MODULE:   stc_terminal_v01 (HANZI)


SEGMENT                                             BIT_GROUP          XDATA_GROUP
  +--> CALLED SEGMENT                            START    LENGTH     START    LENGTH
------------------------------------------------------------------------------------
?PR?UART2?MAIN                                   -----    -----      -----    -----
  +--> ?PR?_SENDDATA?MAIN

*** NEW ROOT ***************************************************

?PR?EX0_ISR?MAIN                                 -----    -----      -----    -----
  +--> ?PR?IREXPROCESS?CONFIG

*** NEW ROOT ***************************************************

?PR?TIMER0_ISR?MAIN                              -----    -----      -----    -----
BL51 BANKED LINKER/LOCATER V6.22                                                      02/25/2014  14:05:21  PAGE 4


  +--> ?PR?IRTIME0PROCESS?CONFIG

*** NEW ROOT ***************************************************

?C_C51STARTUP                                    -----    -----      -----    -----
  +--> ?PR?MAIN?MAIN
  +--> ?C_INITSEG

?PR?MAIN?MAIN                                    -----    -----      -----    -----
  +--> ?PR?RETREIVEINFO?MAIN
  +--> ?PR?INIT?MAIN
  +--> ?PR?REDISPLAYSTAFFINFOIFNECESSARY?MAIN
  +--> ?PR?GETADVALUE?MAIN
  +--> ?PR?YUYINIFNECCESSARY?MAIN
  +--> ?PR?UPDATESTAFFINFOIFNECCESARY?MAIN
  +--> ?PR?DISPLAYADC?MAIN
  +--> ?PR?STATETEST?MAIN
  +--> ?PR?DISPLAYBATSTATE?MAIN
  +--> ?PR?SHOWTIMEIFNECCESARY?MAIN
  +--> ?PR?STARTSETTINGIFNECESSARY?MAIN
  +--> ?PR?PROCESSSETTINGIFNECESSARY?CONFIG
  +--> ?PR?LOCKIFNECCESSARY?MAIN

?PR?RETREIVEINFO?MAIN                            -----    -----      -----    -----
  +--> ?PR?RETREIVECONFIG?CONFIG
  +--> ?PR?RETREIVEBASEINFO?MAIN

?PR?RETREIVECONFIG?CONFIG                        -----    -----      035FH    0001H
  +--> ?PR?_IAPREADBYTE?INSIDESTORAGE

?PR?_IAPREADBYTE?INSIDESTORAGE                   -----    -----      -----    -----
  +--> ?PR?IAPIDLE?INSIDESTORAGE

?PR?RETREIVEBASEINFO?MAIN                        -----    -----      035FH    0002H
  +--> ?PR?_IAPREADBYTE?INSIDESTORAGE

?PR?INIT?MAIN                                    -----    -----      -----    -----
  +--> ?PR?LCD_DISPINI?LCD12864
  +--> ?PR?INIT_SPI?VVSPI
  +--> ?PR?INITYUYIN?YUYIN

?PR?LCD_DISPINI?LCD12864                         -----    -----      -----    -----
  +--> ?PR?_DELAYUS?USEFUL
  +--> ?PR?_LCD_WRCMD?LCD12864
  +--> ?PR?_LCD_DISPFILL?LCD12864

?PR?_LCD_WRCMD?LCD12864                          -----    -----      037EH    0002H
  +--> ?PR?_DELAYUS?USEFUL

?PR?_LCD_DISPFILL?LCD12864                       -----    -----      0364H    0003H
  +--> ?PR?_LCD_WRCMD?LCD12864
  +--> ?PR?_LCD_WRDAT?LCD12864

?PR?_LCD_WRDAT?LCD12864                          -----    -----      037EH    0002H
  +--> ?PR?_DELAYUS?USEFUL

?PR?REDISPLAYSTAFFINFOIFNECESSARY?MAIN           0022H.0  0000H.1    -----    -----
BL51 BANKED LINKER/LOCATER V6.22                                                      02/25/2014  14:05:21  PAGE 5


  +--> ?PR?DISPLAYSTAFFINFO?MAIN
  +--> ?PR?_SHOWADDRESS?MAIN

?PR?DISPLAYSTAFFINFO?MAIN                        -----    -----      035FH    0005H
  +--> ?PR?CLRSCREEN?LCD12864
  +--> ?PR?_LCD_PUTSTRING?LCD12864
  +--> ?PR?_LCD_PUTNAME_24_CY?LCD12864

?PR?CLRSCREEN?LCD12864                           -----    -----      -----    -----
  +--> ?PR?_LCD_DISPFILL?LCD12864

?PR?_LCD_PUTSTRING?LCD12864                      -----    -----      0364H    0007H
  +--> ?PR?_GB_HZZF_LEN?HANZI
  +--> ?PR?_LCD_DISP_SZ_CHAR?LCD12864

?PR?_GB_HZZF_LEN?HANZI                           -----    -----      038BH    0003H

?PR?_LCD_DISP_SZ_CHAR?LCD12864                   -----    -----      036BH    0009H
  +--> ?PR?_GETBYTESFORMGB2312S?LCD12864
  +--> ?PR?_LCD_WRCMD?LCD12864
  +--> ?PR?_DELAYUS?USEFUL
  +--> ?PR?_LCD_WRDAT?LCD12864

?PR?_GETBYTESFORMGB2312S?LCD12864                -----    -----      0374H    000AH
  +--> ?PR?_GB_ADDR?HANZI
  +--> ?PR?_GB_HZZF_LEN?HANZI
  +--> ?PR?_WRITEBYTE?VVSPI
  +--> ?PR?READBYTE?VVSPI

?PR?_GB_ADDR?HANZI                               -----    -----      038BH    000AH

?PR?_LCD_PUTNAME_24_CY?LCD12864                  -----    -----      0364H    000BH
  +--> ?PR?_GB_HZZF_LEN?HANZI
  +--> ?PR?_GET24X24NAMEBYTESFORMGB2312S?LCD...
  +--> ?PR?_ARRANGENAMEARR?LCD12864
  +--> ?PR?_LCD_DISP_SZ_CHAR_24_ORIGINAL_X?L...

?PR?_GET24X24NAMEBYTESFORMGB2312S?LCD...         -----    -----      036FH    000CH
  +--> ?PR?_GB_ADDR?HANZI
  +--> ?PR?_GB_HZZF_LEN?HANZI
  +--> ?PR?_WRITEBYTE?VVSPI
  +--> ?PR?READBYTE?VVSPI

?PR?_LCD_DISP_SZ_CHAR_24_ORIGINAL_X?L...         -----    -----      036FH    000FH
  +--> ?PR?_GET24X24BYTESFORMGB2312S?LCD12864
  +--> ?PR?_LCD_WRCMD?LCD12864
  +--> ?PR?_DELAYUS?USEFUL
  +--> ?PR?_LCD_WRDAT?LCD12864

?PR?_GET24X24BYTESFORMGB2312S?LCD12864           -----    -----      037EH    000DH
  +--> ?PR?_GB_ADDR?HANZI
  +--> ?PR?_GB_HZZF_LEN?HANZI
  +--> ?PR?_WRITEBYTE?VVSPI
  +--> ?PR?READBYTE?VVSPI

?PR?_SHOWADDRESS?MAIN                            -----    -----      035FH    0004H
  +--> ?PR?_LCD_PUTSINGLEBYTESTRING?LCD12864
BL51 BANKED LINKER/LOCATER V6.22                                                      02/25/2014  14:05:21  PAGE 6



?PR?_LCD_PUTSINGLEBYTESTRING?LCD12864            -----    -----      0368H    0007H
  +--> ?PR?_GB_HZZF_LEN?HANZI
  +--> ?PR?_LCD_DISP_SZ_SINGLEBYTECHAR?LCD12864

?PR?_LCD_DISP_SZ_SINGLEBYTECHAR?LCD12864         -----    -----      036FH    0009H
  +--> ?PR?_GETBYTESFORMASCIIS?LCD12864
  +--> ?PR?_LCD_WRCMD?LCD12864
  +--> ?PR?_DELAYUS?USEFUL
  +--> ?PR?_LCD_WRDAT?LCD12864

?PR?_GETBYTESFORMASCIIS?LCD12864                 -----    -----      0378H    000AH
  +--> ?PR?_GB_ADDR?HANZI
  +--> ?PR?_GB_HZZF_LEN?HANZI
  +--> ?PR?_WRITEBYTE?VVSPI
  +--> ?PR?READBYTE?VVSPI

?PR?GETADVALUE?MAIN                              -----    -----      -----    -----
  +--> ?PR?_GETADVALUEBYCHANNEL?MAIN
  +--> ?PR?_DELAYMS?USEFUL

?PR?_GETADVALUEBYCHANNEL?MAIN                    0022H.0  0000H.1    -----    -----

?PR?_DELAYMS?USEFUL                              -----    -----      -----    -----
  +--> ?PR?_DELAYUS?USEFUL

?PR?YUYINIFNECCESSARY?MAIN                       -----    -----      -----    -----
  +--> ?PR?_YUYINIFOK?MAIN

?PR?_YUYINIFOK?MAIN                              0022H.0  0000H.1    -----    -----
  +--> ?PR?_YUYIN?YUYIN

?PR?_YUYIN?YUYIN                                 -----    -----      035FH    0001H
  +--> ?PR?_DELAYUS?USEFUL

?PR?UPDATESTAFFINFOIFNECCESARY?MAIN              -----    -----      -----    -----
  +--> ?PR?STORAGEBASEINFO?MAIN
  +--> ?PR?REDISPLAYSTAFFINFOIFNECESSARY?MAIN

?PR?STORAGEBASEINFO?MAIN                         -----    -----      035FH    0002H
  +--> ?PR?_IAPERASESECTOR?INSIDESTORAGE
  +--> ?PR?_IAPPROGRAMBYTE?INSIDESTORAGE

?PR?_IAPERASESECTOR?INSIDESTORAGE                -----    -----      -----    -----
  +--> ?PR?IAPIDLE?INSIDESTORAGE

?PR?_IAPPROGRAMBYTE?INSIDESTORAGE                -----    -----      -----    -----
  +--> ?PR?IAPIDLE?INSIDESTORAGE

?PR?DISPLAYADC?MAIN                              -----    -----      035FH    0009H
  +--> ?CO?MAIN
  +--> ?PR?_LCD_PUTSINGLEBYTESTRING?LCD12864

?PR?STATETEST?MAIN                               -----    -----      035FH    0007H
  +--> ?PR?CLEARTIME?MAIN

?PR?DISPLAYBATSTATE?MAIN                         -----    -----      -----    -----
BL51 BANKED LINKER/LOCATER V6.22                                                      02/25/2014  14:05:21  PAGE 7


  +--> ?PR?NULLCGRAM?LCD12864
  +--> ?PR?EMPTYCGRAM?LCD12864
  +--> ?PR?HALFCGRAM?LCD12864
  +--> ?PR?FULLCGRAM?LCD12864
  +--> ?PR?ERRORCGRAM?LCD12864
  +--> ?PR?_DISPLAYCGRAM?LCD12864
  +--> ?PR?_LCD_PUTSTRING?LCD12864

?PR?_DISPLAYCGRAM?LCD12864                       -----    -----      035FH    0008H
  +--> ?PR?_LCD_WRCMD?LCD12864
  +--> ?PR?_DELAYUS?USEFUL
  +--> ?PR?_LCD_WRDAT?LCD12864

?PR?SHOWTIMEIFNECCESARY?MAIN                     -----    -----      035FH    0001H
  +--> ?PR?_SETCHARGETIMEARR?MAIN
  +--> ?PR?_LCD_PUTSINGLEBYTESTRING?LCD12864

?PR?_SETCHARGETIMEARR?MAIN                       0022H.0  0000H.1    0360H    0002H

?PR?STARTSETTINGIFNECESSARY?MAIN                 -----    -----      -----    -----
  +--> ?PR?CLRSCREEN?LCD12864
  +--> ?CO?MAIN
  +--> ?PR?_LCD_PUTSTRING?LCD12864
  +--> ?PR?SETINFRAREDFLAG?CONFIG

?PR?PROCESSSETTINGIFNECESSARY?CONFIG             -----    -----      -----    -----
  +--> ?PR?IRCORDPRO?CONFIG
  +--> ?PR?IR_WORK?CONFIG

?PR?IR_WORK?CONFIG                               -----    -----      -----    -----
  +--> ?PR?_SHOWMENUITEM?CONFIG
  +--> ?PR?SAVECONFIG?CONFIG
  +--> ?CO?CONFIG
  +--> ?PR?_LCD_PUTSTRING?LCD12864
  +--> ?PR?CLEARINFRAREDFLAG?CONFIG
  +--> ?PR?CLRSCREEN?LCD12864
  +--> ?PR?REDISPLAYSTAFFINFOIFNECESSARY?MAIN
  +--> ?PR?_LCD_PUTCHAR?LCD12864
  +--> ?PR?DISPDIGIT?CONFIG
  +--> ?PR?_LCD_PUTPOSITION?LCD12864

?PR?_SHOWMENUITEM?CONFIG                         0022H.0  0000H.1    035FH    0001H
  +--> ?PR?CLRSCREEN?LCD12864
  +--> ?CO?CONFIG
  +--> ?PR?_LCD_PUTSTRING?LCD12864
  +--> ?PR?_LCD_PUTCHAR?LCD12864

?PR?_LCD_PUTCHAR?LCD12864                        -----    -----      0360H    0008H
  +--> ?PR?_LCD_WRCMD?LCD12864
  +--> ?PR?_DELAYUS?USEFUL
  +--> ?PR?_LCD_WRDAT?LCD12864

?PR?SAVECONFIG?CONFIG                            -----    -----      035FH    0001H
  +--> ?PR?_IAPERASESECTOR?INSIDESTORAGE
  +--> ?PR?_IAPPROGRAMBYTE?INSIDESTORAGE
  +--> ?PR?_IAPREADBYTE?INSIDESTORAGE

BL51 BANKED LINKER/LOCATER V6.22                                                      02/25/2014  14:05:21  PAGE 8


?PR?DISPDIGIT?CONFIG                             -----    -----      -----    -----
  +--> ?PR?_LCD_PUTSTRING?LCD12864

?PR?_LCD_PUTPOSITION?LCD12864                    -----    -----      -----    -----
  +--> ?PR?_DISPLAYUNDERLINE?LCD12864

?PR?_DISPLAYUNDERLINE?LCD12864                   0022H.0  0000H.1    035FH    0009H
  +--> ?PR?_LCD_WRCMD?LCD12864
  +--> ?PR?_DELAYUS?USEFUL
  +--> ?PR?_LCD_WRDAT?LCD12864

?PR?LOCKIFNECCESSARY?MAIN                        -----    -----      -----    -----
  +--> ?PR?DISPLOCKINFO?MAIN
  +--> ?PR?_DELAYMS?USEFUL

?PR?DISPLOCKINFO?MAIN                            0022H.0  0000H.1    -----    -----
  +--> ?CO?MAIN
  +--> ?PR?_LCD_PUTSTRING?LCD12864
  +--> ?PR?_LCD_PUTSINGLEBYTESTRING?LCD12864

?C_INITSEG                                       -----    -----      -----    -----
  +--> ?CO?MAIN
  +--> ?CO?CONFIG



SYMBOL TABLE OF MODULE:  stc_terminal_v01 (HANZI)

  VALUE           TYPE          NAME
  ----------------------------------

  -------         MODULE        HANZI
  C:0000H         SYMBOL        _ICE_DUMMY_
  C:0412H         PUBLIC        _GB_ADDR
  C:2434H         PUBLIC        _GB_HZZF_len
  -------         PROC          _GB_HZZF_LEN
  X:038BH         SYMBOL        hzStr
  -------         DO            
  D:0007H         SYMBOL        c1
  D:0006H         SYMBOL        c2
  -------         ENDDO         
  C:2434H         LINE#         9
  C:243FH         LINE#         10
  C:243FH         LINE#         12
  C:2453H         LINE#         13
  C:2458H         LINE#         14
  C:245BH         LINE#         15
  C:2461H         LINE#         16
  C:2464H         LINE#         17
  C:2478H         LINE#         18
  C:2486H         LINE#         19
  C:2489H         LINE#         20
  C:248BH         LINE#         22
  -------         ENDPROC       _GB_HZZF_LEN
  -------         PROC          _GB_ADDR
  X:038BH         SYMBOL        HZ
  X:038EH         SYMBOL        HZ_type
BL51 BANKED LINKER/LOCATER V6.22                                                      02/25/2014  14:05:21  PAGE 9


  -------         DO            
  X:038FH         SYMBOL        temp
  X:0393H         SYMBOL        c1
  X:0394H         SYMBOL        c2
  -------         ENDDO         
  C:0412H         LINE#         33
  C:0422H         LINE#         34
  C:0422H         LINE#         37
  C:042EH         LINE#         38
  C:042EH         LINE#         40
  C:0434H         LINE#         41
  C:0444H         LINE#         42
  C:0462H         LINE#         43
  C:0469H         LINE#         44
  C:047BH         LINE#         45
  C:0482H         LINE#         46
  C:0494H         LINE#         47
  C:049BH         LINE#         48
  C:04BEH         LINE#         49
  C:04C5H         LINE#         50
  C:04E7H         LINE#         51
  C:04F2H         LINE#         52
  C:0511H         LINE#         54
  C:0514H         LINE#         56
  C:0514H         LINE#         57
  C:0527H         LINE#         58
  C:0531H         LINE#         60
  C:0567H         LINE#         61
  C:0567H         LINE#         62
  C:057FH         LINE#         63
  C:059FH         LINE#         65
  C:05CEH         LINE#         67
  C:05D5H         LINE#         68
  C:05EAH         LINE#         69
  C:05F1H         LINE#         70
  C:0613H         LINE#         71
  C:061AH         LINE#         72
  C:063CH         LINE#         73
  C:0643H         LINE#         74
  C:0667H         LINE#         76
  C:066AH         LINE#         77
  C:066AH         LINE#         80
  C:0682H         LINE#         81
  C:0682H         LINE#         82
  C:06A9H         LINE#         83
  C:06A9H         LINE#         84
  C:06B0H         LINE#         85
  C:06D4H         LINE#         86
  C:06DBH         LINE#         87
  C:0701H         LINE#         88
  C:0708H         LINE#         89
  C:072EH         LINE#         90
  C:0735H         LINE#         91
  C:0760H         LINE#         93
  C:0766H         LINE#         94
  C:0766H         LINE#         95
  C:0774H         LINE#         96
BL51 BANKED LINKER/LOCATER V6.22                                                      02/25/2014  14:05:21  PAGE 10


  -------         ENDPROC       _GB_ADDR
  -------         ENDMOD        HANZI

  -------         MODULE        INSIDESTORAGE
  C:0000H         SYMBOL        _ICE_DUMMY_
  D:0090H         PUBLIC        P1
  D:00B0H         PUBLIC        P3
  C:29E9H         PUBLIC        _IapEraseSector
  D:00A8H         PUBLIC        IE
  C:2988H         PUBLIC        _IapProgramByte
  D:00C5H         PUBLIC        IAP_CMD
  D:00B8H         PUBLIC        IP
  C:2AB7H         PUBLIC        IapIdle
  D:00C3H         PUBLIC        IAP_ADDRH
  D:00C4H         PUBLIC        IAP_ADDRL
  C:29BAH         PUBLIC        _IapReadByte
  D:0098H         PUBLIC        SCON
  D:0088H         PUBLIC        TCON
  D:00C7H         PUBLIC        IAP_CONTR
  D:00C2H         PUBLIC        IAP_DATA
  D:00C8H         PUBLIC        T2CON
  D:00C6H         PUBLIC        IAP_TRIG
  D:00D0H         PUBLIC        PSW
  -------         PROC          IAPIDLE
  C:2AB7H         LINE#         7
  C:2AB7H         LINE#         8
  C:2AB7H         LINE#         9
  C:2ABAH         LINE#         10
  C:2ABCH         LINE#         11
  C:2ABEH         LINE#         12
  C:2AC1H         LINE#         13
  C:2AC3H         LINE#         14
  -------         ENDPROC       IAPIDLE
  -------         PROC          _IAPREADBYTE
  D:0006H         SYMBOL        addr
  -------         DO            
  D:0007H         SYMBOL        dat
  -------         ENDDO         
  C:29BAH         LINE#         17
  C:29BAH         LINE#         18
  C:29BAH         LINE#         21
  C:29BDH         LINE#         22
  C:29C0H         LINE#         23
  C:29C2H         LINE#         24
  C:29C5H         LINE#         25
  C:29C8H         LINE#         26
  C:29CBH         LINE#         27
  C:29CCH         LINE#         28
  C:29CEH         LINE#         29
  C:29D1H         LINE#         31
  C:29D1H         LINE#         32
  -------         ENDPROC       _IAPREADBYTE
  -------         PROC          _IAPPROGRAMBYTE
  D:0006H         SYMBOL        addr
  D:0005H         SYMBOL        dat
  C:2988H         LINE#         35
  C:2988H         LINE#         36
BL51 BANKED LINKER/LOCATER V6.22                                                      02/25/2014  14:05:21  PAGE 11


  C:2988H         LINE#         37
  C:298BH         LINE#         38
  C:298EH         LINE#         39
  C:2990H         LINE#         40
  C:2993H         LINE#         41
  C:2997H         LINE#         42
  C:299AH         LINE#         43
  C:299DH         LINE#         44
  C:299EH         LINE#         45
  -------         ENDPROC       _IAPPROGRAMBYTE
  -------         PROC          _IAPERASESECTOR
  D:0006H         SYMBOL        addr
  C:29E9H         LINE#         48
  C:29E9H         LINE#         49
  C:29E9H         LINE#         50
  C:29ECH         LINE#         51
  C:29EFH         LINE#         52
  C:29F1H         LINE#         53
  C:29F4H         LINE#         54
  C:29F7H         LINE#         55
  C:29FAH         LINE#         56
  C:29FBH         LINE#         57
  -------         ENDPROC       _IAPERASESECTOR
  -------         ENDMOD        INSIDESTORAGE

  -------         MODULE        LCD12864
  C:0000H         SYMBOL        _ICE_DUMMY_
  C:2A41H         PUBLIC        EmptyCGRAM
  D:0090H         PUBLIC        P1
  C:2A23H         PUBLIC        FullCGRAM
  D:00A0H         PUBLIC        P2
  D:00B0H         PUBLIC        P3
  X:0000H         PUBLIC        null16x16
  C:0006H         PUBLIC        ClrScreen
  C:0FA0H         PUBLIC        _DisplayUnderline
  C:2A5FH         PUBLIC        NullCGRAM
  B:00A0H.4       PUBLIC        DI
  D:00A8H         PUBLIC        IE
  C:0E0EH         PUBLIC        _arrangeNameArr
  B:00A0H.5       PUBLIC        EN
  C:25E9H         PUBLIC        _LCD_WrCmd
  C:1AA0H         PUBLIC        _lcd_disp_sz_SingleBytechar
  X:0020H         PUBLIC        underline16x16
  B:0090H.2       PUBLIC        CS
  C:1B48H         PUBLIC        _lcd_disp_sz_char
  C:23EEH         PUBLIC        _LCD_WrDat
  D:00B8H         PUBLIC        IP
  X:0040H         PUBLIC        lbatStateGraph
  X:0043H         PUBLIC        chrBuf_24
  B:00A0H.3       PUBLIC        RW
  C:155AH         PUBLIC        _getBytesFormGB2312s
  B:00A0H.2       PUBLIC        LCD_RST
  C:1DC2H         PUBLIC        _LCD_PutString_24
  D:0098H         PUBLIC        SCON
  D:0088H         PUBLIC        TCON
  C:164FH         PUBLIC        _getBytesFormASCIIs
  X:008BH         PUBLIC        nameCharBuf
BL51 BANKED LINKER/LOCATER V6.22                                                      02/25/2014  14:05:21  PAGE 12


  X:01ABH         PUBLIC        oldUnderlineX
  X:01ACH         PUBLIC        oldUnderlineY
  X:01ADH         PUBLIC        charArr
  C:1BEDH         PUBLIC        _DisplayCGRAM
  B:00B0H.7       PUBLIC        CS1
  B:00A0H.1       PUBLIC        CS2
  C:2AEFH         PUBLIC        _LCD_PutPosition
  C:21D7H         PUBLIC        _LCD_DispFill
  C:2AE7H         PUBLIC        resetUnderline
  D:0080H         PUBLIC        LCD
  X:01AFH         PUBLIC        chrBuf
  B:0021H.7       PUBLIC        infoChanged
  C:19D2H         PUBLIC        _lcd_disp_sz_char_24
  X:01CFH         PUBLIC        half16x16
  D:00C8H         PUBLIC        T2CON
  C:1EDFH         PUBLIC        _LCD_PutSingleByteString
  C:248CH         PUBLIC        LCD_DispIni
  C:2A32H         PUBLIC        HalfCGRAM
  C:1F64H         PUBLIC        _LCD_PutString
  C:1339H         PUBLIC        _LCD_PutString_24_cy
  C:1C91H         PUBLIC        _LCD_PutChar
  C:1902H         PUBLIC        _lcd_disp_sz_char_24_original_x
  C:1220H         PUBLIC        _get24x24BytesFormGB2312s
  C:10EFH         PUBLIC        _get24x24NameBytesFormGB2312s
  X:01EFH         PUBLIC        error16x16
  X:020FH         PUBLIC        arrow16x16
  C:182AH         PUBLIC        _LCD_PutName_24_cy
  C:2A50H         PUBLIC        ErrorCGRAM
  X:022FH         PUBLIC        empty16x16
  D:00D0H         PUBLIC        PSW
  X:024FH         PUBLIC        full16x16
  C:25E0H         SYMBOL        L?0235
  C:25E3H         SYMBOL        L?0236
  -------         PROC          L?0234
  -------         ENDPROC       L?0234
  C:25E0H         SYMBOL        L?0235
  C:25E3H         SYMBOL        L?0236
  -------         PROC          _LCD_WRCMD
  X:037EH         SYMBOL        port
  X:037FH         SYMBOL        cmd
  C:25E9H         LINE#         48
  C:25F1H         LINE#         49
  C:25F1H         LINE#         50
  C:25F8H         LINE#         51
  C:25FAH         LINE#         52
  C:2601H         LINE#         53
  C:2603H         LINE#         54
  C:260AH         LINE#         55
  C:260CH         LINE#         56
  C:260CH         LINE#         57
  C:260EH         LINE#         59
  C:260EH         LINE#         60
  C:2610H         LINE#         61
  C:2617H         LINE#         62
  C:2619H         LINE#         63
  C:2620H         LINE#         64
  C:2620H         LINE#         65
BL51 BANKED LINKER/LOCATER V6.22                                                      02/25/2014  14:05:21  PAGE 13


  C:2622H         LINE#         66
  C:2624H         LINE#         67
  C:2626H         LINE#         68
  C:262CH         LINE#         69
  C:262EH         LINE#         70
  -------         ENDPROC       _LCD_WRCMD
  C:23E1H         SYMBOL        L?0232
  C:23E2H         SYMBOL        L?0233
  -------         PROC          L?0231
  -------         ENDPROC       L?0231
  C:23E1H         SYMBOL        L?0232
  C:23E2H         SYMBOL        L?0233
  -------         PROC          _LCD_WRDAT
  X:037EH         SYMBOL        port
  X:037FH         SYMBOL        wrdata
  C:23EEH         LINE#         72
  C:23F6H         LINE#         73
  C:23F6H         LINE#         74
  C:23FDH         LINE#         75
  C:23FFH         LINE#         76
  C:2406H         LINE#         77
  C:2408H         LINE#         78
  C:240FH         LINE#         79
  C:2411H         LINE#         80
  C:2411H         LINE#         81
  C:2413H         LINE#         82
  C:2415H         LINE#         83
  C:241CH         LINE#         84
  C:241EH         LINE#         85
  C:2425H         LINE#         86
  C:2425H         LINE#         87
  C:2427H         LINE#         88
  C:2429H         LINE#         89
  C:242BH         LINE#         90
  C:2431H         LINE#         91
  C:2433H         LINE#         92
  -------         ENDPROC       _LCD_WRDAT
  -------         PROC          _LCD_DISPFILL
  X:0364H         SYMBOL        filldata
  -------         DO            
  X:0365H         SYMBOL        x
  X:0366H         SYMBOL        y
  -------         ENDDO         
  C:21D7H         LINE#         94
  C:21DCH         LINE#         95
  C:21DCH         LINE#         96
  C:21E3H         LINE#         97
  C:21EAH         LINE#         98
  C:21F9H         LINE#         99
  C:2202H         LINE#         100
  C:2209H         LINE#         101
  C:2215H         LINE#         102
  C:221CH         LINE#         104
  C:2221H         LINE#         105
  C:222BH         LINE#         106
  C:2235H         LINE#         108
  C:2241H         LINE#         109
BL51 BANKED LINKER/LOCATER V6.22                                                      02/25/2014  14:05:21  PAGE 14


  C:2249H         LINE#         110
  -------         ENDPROC       _LCD_DISPFILL
  -------         PROC          LCD_DISPINI
  C:248CH         LINE#         112
  C:248CH         LINE#         113
  C:248CH         LINE#         115
  C:248EH         LINE#         116
  C:2495H         LINE#         117
  C:2497H         LINE#         118
  C:249EH         LINE#         119
  C:24A5H         LINE#         120
  C:24ACH         LINE#         121
  C:24B3H         LINE#         122
  C:24BAH         LINE#         123
  C:24C1H         LINE#         124
  C:24C6H         LINE#         125
  C:24CDH         LINE#         126
  C:24D4H         LINE#         127
  C:24DBH         LINE#         128
  -------         ENDPROC       LCD_DISPINI
  -------         PROC          _GETBYTESFORMGB2312S
  X:0374H         SYMBOL        chr
  -------         DO            
  X:0377H         SYMBOL        i
  X:0378H         SYMBOL        charSize
  X:0379H         SYMBOL        offsetLen
  X:037AH         SYMBOL        temp_addr
  -------         ENDDO         
  C:155AH         LINE#         131
  C:1565H         LINE#         132
  C:156EH         LINE#         137
  C:1579H         LINE#         138
  C:158CH         LINE#         140
  C:158EH         LINE#         147
  C:1593H         LINE#         148
  C:15AAH         LINE#         149
  C:15C1H         LINE#         150
  C:15D3H         LINE#         151
  C:15DAH         LINE#         152
  C:15ECH         LINE#         153
  C:15FEH         LINE#         154
  C:1606H         LINE#         155
  C:160EH         LINE#         158
  C:1621H         LINE#         159
  C:1636H         LINE#         160
  C:1644H         LINE#         161
  C:164CH         LINE#         163
  C:164CH         LINE#         164
  C:164EH         LINE#         165
  -------         ENDPROC       _GETBYTESFORMGB2312S
  -------         PROC          _LCD_DISP_SZ_CHAR
  X:036BH         SYMBOL        cx
  X:036CH         SYMBOL        cy
  D:0001H         SYMBOL        chr
  -------         DO            
  X:036DH         SYMBOL        p
  X:0370H         SYMBOL        i
BL51 BANKED LINKER/LOCATER V6.22                                                      02/25/2014  14:05:21  PAGE 15


  X:0371H         SYMBOL        s
  X:0372H         SYMBOL        page
  X:0373H         SYMBOL        port
  -------         ENDDO         
  C:1B48H         LINE#         167
  C:1B50H         LINE#         168
  C:1B50H         LINE#         172
  C:1B53H         LINE#         173
  C:1B61H         LINE#         174
  C:1B6EH         LINE#         175
  C:1B6EH         LINE#         176
  C:1B71H         LINE#         177
  C:1B72H         LINE#         178
  C:1B74H         LINE#         180
  C:1B74H         LINE#         181
  C:1B77H         LINE#         182
  C:1B84H         LINE#         184
  C:1B84H         LINE#         186
  C:1B93H         LINE#         187
  C:1B93H         LINE#         188
  C:1B9BH         LINE#         189
  C:1BA2H         LINE#         191
  C:1BB1H         LINE#         192
  C:1BB8H         LINE#         193
  C:1BBDH         LINE#         194
  C:1BBDH         LINE#         195
  C:1BC7H         LINE#         196
  C:1BCEH         LINE#         197
  C:1BD8H         LINE#         198
  C:1BE4H         LINE#         199
  C:1BECH         LINE#         200
  -------         ENDPROC       _LCD_DISP_SZ_CHAR
  -------         PROC          _LCD_PUTSTRING
  X:0364H         SYMBOL        cx
  X:0365H         SYMBOL        cy
  X:0366H         SYMBOL        s
  -------         DO            
  X:0369H         SYMBOL        wordCount
  X:036AH         SYMBOL        charSize
  -------         ENDDO         
  C:1F64H         LINE#         201
  C:1F75H         LINE#         202
  C:1F75H         LINE#         203
  C:1F7AH         LINE#         207
  C:1F93H         LINE#         208
  C:1F93H         LINE#         209
  C:1F9BH         LINE#         210
  C:1FAFH         LINE#         211
  C:1FB5H         LINE#         212
  C:1FBFH         LINE#         213
  C:1FC6H         LINE#         214
  C:1FC6H         LINE#         215
  C:1FD0H         LINE#         216
  C:1FD0H         LINE#         217
  C:1FD6H         LINE#         218
  C:1FE2H         LINE#         219
  C:1FE4H         LINE#         221
BL51 BANKED LINKER/LOCATER V6.22                                                      02/25/2014  14:05:21  PAGE 16


  -------         ENDPROC       _LCD_PUTSTRING
  -------         PROC          _GET24X24BYTESFORMGB2312S
  X:037EH         SYMBOL        chr
  X:0381H         SYMBOL        buf
  -------         DO            
  X:0384H         SYMBOL        i
  X:0385H         SYMBOL        charSize
  X:0386H         SYMBOL        offsetLen
  X:0387H         SYMBOL        temp_addr
  -------         ENDDO         
  C:1220H         LINE#         224
  C:122BH         LINE#         225
  C:1236H         LINE#         230
  C:1241H         LINE#         231
  C:1254H         LINE#         233
  C:1256H         LINE#         240
  C:125BH         LINE#         241
  C:1272H         LINE#         242
  C:1289H         LINE#         243
  C:129BH         LINE#         244
  C:12A2H         LINE#         245
  C:12B7H         LINE#         246
  C:12D0H         LINE#         247
  C:12D8H         LINE#         248
  C:12E0H         LINE#         251
  C:12F3H         LINE#         252
  C:1311H         LINE#         253
  C:132EH         LINE#         254
  C:1336H         LINE#         256
  C:1336H         LINE#         257
  C:1338H         LINE#         258
  -------         ENDPROC       _GET24X24BYTESFORMGB2312S
  -------         PROC          _LCD_DISP_SZ_CHAR_24
  X:0395H         SYMBOL        cx
  X:0396H         SYMBOL        cy
  D:0001H         SYMBOL        chr
  X:039AH         SYMBOL        buf
  -------         DO            
  X:039DH         SYMBOL        p
  X:03A0H         SYMBOL        i
  X:03A1H         SYMBOL        s
  X:03A2H         SYMBOL        page
  X:03A3H         SYMBOL        port
  -------         ENDDO         
  C:19D2H         LINE#         261
  C:19DAH         LINE#         262
  C:19DAH         LINE#         265
  C:19DEH         LINE#         266
  C:19DEH         LINE#         267
  C:19FEH         LINE#         268
  C:19FEH         LINE#         269
  C:1A0CH         LINE#         270
  C:1A19H         LINE#         271
  C:1A19H         LINE#         272
  C:1A1CH         LINE#         273
  C:1A1DH         LINE#         274
  C:1A1FH         LINE#         276
BL51 BANKED LINKER/LOCATER V6.22                                                      02/25/2014  14:05:21  PAGE 17


  C:1A1FH         LINE#         277
  C:1A22H         LINE#         278
  C:1A30H         LINE#         280
  C:1A30H         LINE#         282
  C:1A3FH         LINE#         283
  C:1A3FH         LINE#         284
  C:1A4DH         LINE#         285
  C:1A54H         LINE#         286
  C:1A63H         LINE#         287
  C:1A6AH         LINE#         288
  C:1A6FH         LINE#         289
  C:1A6FH         LINE#         290
  C:1A7AH         LINE#         291
  C:1A81H         LINE#         292
  C:1A8BH         LINE#         293
  C:1A97H         LINE#         294
  C:1A9FH         LINE#         295
  -------         ENDPROC       _LCD_DISP_SZ_CHAR_24
  -------         PROC          _LCD_PUTSTRING_24
  X:03B1H         SYMBOL        cx
  X:03B2H         SYMBOL        cy
  X:03B3H         SYMBOL        s
  -------         DO            
  X:03B6H         SYMBOL        wordCount
  X:03B7H         SYMBOL        charSize
  -------         ENDDO         
  C:1DC2H         LINE#         298
  C:1DD3H         LINE#         299
  C:1DD3H         LINE#         300
  C:1DD8H         LINE#         304
  C:1DF1H         LINE#         305
  C:1DF1H         LINE#         306
  C:1DF9H         LINE#         307
  C:1E1DH         LINE#         308
  C:1E23H         LINE#         309
  C:1E2DH         LINE#         310
  C:1E34H         LINE#         311
  C:1E34H         LINE#         312
  C:1E3EH         LINE#         313
  C:1E3EH         LINE#         314
  C:1E44H         LINE#         315
  C:1E50H         LINE#         316
  C:1E52H         LINE#         318
  -------         ENDPROC       _LCD_PUTSTRING_24
  -------         PROC          _LCD_DISP_SZ_CHAR_24_ORIGINAL_X
  X:036FH         SYMBOL        x
  X:0370H         SYMBOL        cy
  D:0001H         SYMBOL        chr
  X:0374H         SYMBOL        buf
  -------         DO            
  X:0377H         SYMBOL        p
  X:037AH         SYMBOL        i
  X:037BH         SYMBOL        s
  X:037CH         SYMBOL        page
  X:037DH         SYMBOL        port
  -------         ENDDO         
  C:1902H         LINE#         319
BL51 BANKED LINKER/LOCATER V6.22                                                      02/25/2014  14:05:21  PAGE 18


  C:190AH         LINE#         320
  C:190AH         LINE#         323
  C:190EH         LINE#         324
  C:190EH         LINE#         325
  C:192EH         LINE#         326
  C:192EH         LINE#         327
  C:1941H         LINE#         328
  C:194EH         LINE#         329
  C:194EH         LINE#         330
  C:1951H         LINE#         331
  C:1956H         LINE#         332
  C:1958H         LINE#         334
  C:1958H         LINE#         335
  C:195BH         LINE#         336
  C:1962H         LINE#         338
  C:1962H         LINE#         340
  C:1971H         LINE#         341
  C:1971H         LINE#         342
  C:197FH         LINE#         343
  C:1986H         LINE#         344
  C:1995H         LINE#         345
  C:199CH         LINE#         346
  C:19A1H         LINE#         347
  C:19A1H         LINE#         348
  C:19ACH         LINE#         349
  C:19B3H         LINE#         350
  C:19BDH         LINE#         351
  C:19C9H         LINE#         352
  C:19D1H         LINE#         353
  -------         ENDPROC       _LCD_DISP_SZ_CHAR_24_ORIGINAL_X
  -------         PROC          _LCD_PUTSTRING_24_CY
  X:03A4H         SYMBOL        cy
  X:03A5H         SYMBOL        s
  -------         DO            
  X:03A8H         SYMBOL        wordCount
  X:03A9H         SYMBOL        charSize
  X:03AAH         SYMBOL        p
  X:03ADH         SYMBOL        x
  -------         ENDDO         
  C:1339H         LINE#         355
  C:1347H         LINE#         356
  C:1347H         LINE#         357
  C:1355H         LINE#         360
  C:1365H         LINE#         361
  C:136DH         LINE#         362
  C:1373H         LINE#         363
  C:137DH         LINE#         364
  C:1380H         LINE#         365
  C:138AH         LINE#         366
  C:138AH         LINE#         367
  C:138CH         LINE#         368
  C:139BH         LINE#         369
  C:139BH         LINE#         370
  C:13A1H         LINE#         371
  C:13A3H         LINE#         372
  C:13A3H         LINE#         373
  C:13A9H         LINE#         374
BL51 BANKED LINKER/LOCATER V6.22                                                      02/25/2014  14:05:21  PAGE 19


  C:13ADH         LINE#         375
  C:13AFH         LINE#         376
  C:13AFH         LINE#         377
  C:13B5H         LINE#         378
  C:13B9H         LINE#         379
  C:13BDH         LINE#         380
  C:13BFH         LINE#         381
  C:13BFH         LINE#         382
  C:13C4H         LINE#         383
  C:13C8H         LINE#         384
  C:13CCH         LINE#         385
  C:13D0H         LINE#         386
  C:13D0H         LINE#         387
  C:13D5H         LINE#         390
  C:13EEH         LINE#         391
  C:13EEH         LINE#         392
  C:13F6H         LINE#         393
  C:1426H         LINE#         394
  C:142CH         LINE#         395
  C:1436H         LINE#         396
  C:143DH         LINE#         397
  C:143DH         LINE#         398
  C:1447H         LINE#         399
  C:1447H         LINE#         401
  C:1449H         LINE#         403
  -------         ENDPROC       _LCD_PUTSTRING_24_CY
  -------         PROC          _GET24X24NAMEBYTESFORMGB2312S
  X:036FH         SYMBOL        chr
  X:0372H         SYMBOL        startIndex
  -------         DO            
  X:0374H         SYMBOL        i
  X:0375H         SYMBOL        charSize
  X:0376H         SYMBOL        offsetLen
  X:0377H         SYMBOL        temp_addr
  -------         ENDDO         
  C:10EFH         LINE#         405
  C:1102H         LINE#         406
  C:110DH         LINE#         411
  C:1118H         LINE#         412
  C:112BH         LINE#         414
  C:112DH         LINE#         421
  C:1132H         LINE#         422
  C:1149H         LINE#         423
  C:1160H         LINE#         424
  C:1172H         LINE#         425
  C:117AH         LINE#         426
  C:118EH         LINE#         427
  C:11AFH         LINE#         428
  C:11B7H         LINE#         429
  C:11BFH         LINE#         432
  C:11D2H         LINE#         433
  C:11FAH         LINE#         434
  C:1215H         LINE#         435
  C:121DH         LINE#         437
  C:121DH         LINE#         438
  C:121FH         LINE#         439
  -------         ENDPROC       _GET24X24NAMEBYTESFORMGB2312S
BL51 BANKED LINKER/LOCATER V6.22                                                      02/25/2014  14:05:21  PAGE 20


  -------         PROC          _ARRANGENAMEARR
  D:0007H         SYMBOL        wordCount
  -------         DO            
  D:0002H         SYMBOL        m
  -------         ENDDO         
  C:0E0EH         LINE#         440
  C:0E0EH         LINE#         443
  C:0E23H         LINE#         444
  C:0E23H         LINE#         445
  C:0E25H         LINE#         446
  C:0E2FH         LINE#         447
  C:0E2FH         LINE#         448
  C:0E33H         LINE#         449
  C:0E47H         LINE#         450
  C:0E5FH         LINE#         451
  C:0E5FH         LINE#         452
  C:0E6AH         LINE#         453
  C:0E6EH         LINE#         454
  C:0E82H         LINE#         455
  C:0E9AH         LINE#         457
  C:0E9AH         LINE#         458
  C:0EA5H         LINE#         459
  C:0EA7H         LINE#         460
  C:0EB1H         LINE#         461
  C:0EB2H         LINE#         463
  C:0EB2H         LINE#         464
  C:0EB2H         LINE#         466
  C:0EB6H         LINE#         467
  C:0ECEH         LINE#         468
  C:0ED9H         LINE#         469
  C:0EDBH         LINE#         470
  C:0EE5H         LINE#         471
  C:0EE6H         LINE#         472
  C:0EE6H         LINE#         473
  C:0EE6H         LINE#         474
  C:0EEAH         LINE#         475
  C:0F02H         LINE#         476
  C:0F0DH         LINE#         477
  C:0F11H         LINE#         478
  C:0F25H         LINE#         479
  C:0F3DH         LINE#         480
  C:0F3FH         LINE#         481
  C:0F3FH         LINE#         482
  C:0F4BH         LINE#         483
  C:0F4BH         LINE#         484
  C:0F56H         LINE#         485
  C:0F5AH         LINE#         486
  C:0F6EH         LINE#         487
  C:0F86H         LINE#         488
  C:0F88H         LINE#         489
  C:0F88H         LINE#         490
  C:0F94H         LINE#         491
  C:0F94H         LINE#         493
  C:0F9FH         LINE#         495
  C:0F9FH         LINE#         496
  C:0F9FH         LINE#         497
  -------         ENDPROC       _ARRANGENAMEARR
BL51 BANKED LINKER/LOCATER V6.22                                                      02/25/2014  14:05:21  PAGE 21


  -------         PROC          _LCD_PUTNAME_24_CY
  X:0364H         SYMBOL        cy
  X:0365H         SYMBOL        s
  -------         DO            
  X:0368H         SYMBOL        m
  X:0369H         SYMBOL        wordCount
  X:036AH         SYMBOL        charSize
  X:036BH         SYMBOL        p
  X:036EH         SYMBOL        offsetLen
  -------         ENDDO         
  C:182AH         LINE#         498
  C:1838H         LINE#         499
  C:184CH         LINE#         501
  C:184FH         LINE#         502
  C:184FH         LINE#         503
  C:1851H         LINE#         504
  C:186AH         LINE#         505
  C:186AH         LINE#         506
  C:1872H         LINE#         507
  C:188BH         LINE#         508
  C:1891H         LINE#         509
  C:189BH         LINE#         510
  C:18A2H         LINE#         511
  C:18A2H         LINE#         512
  C:18ACH         LINE#         513
  C:18ACH         LINE#         515
  C:18AEH         LINE#         516
  C:18B6H         LINE#         518
  C:18B6H         LINE#         519
  C:18C5H         LINE#         520
  C:18F9H         LINE#         521
  C:1901H         LINE#         523
  -------         ENDPROC       _LCD_PUTNAME_24_CY
  -------         PROC          _GETBYTESFORMASCIIS
  X:0378H         SYMBOL        chr
  -------         DO            
  X:037BH         SYMBOL        i
  X:037CH         SYMBOL        charSize
  X:037DH         SYMBOL        offsetLen
  X:037EH         SYMBOL        temp_addr
  -------         ENDDO         
  C:164FH         LINE#         524
  C:165AH         LINE#         525
  C:1663H         LINE#         530
  C:166EH         LINE#         531
  C:1681H         LINE#         533
  C:1683H         LINE#         540
  C:1688H         LINE#         541
  C:169FH         LINE#         542
  C:16B6H         LINE#         543
  C:16C8H         LINE#         544
  C:16CFH         LINE#         545
  C:16E1H         LINE#         546
  C:16F3H         LINE#         547
  C:16FBH         LINE#         548
  C:1703H         LINE#         551
  C:1716H         LINE#         552
BL51 BANKED LINKER/LOCATER V6.22                                                      02/25/2014  14:05:21  PAGE 22


  C:1729H         LINE#         553
  C:1735H         LINE#         554
  C:173DH         LINE#         556
  C:173DH         LINE#         557
  C:173FH         LINE#         558
  -------         ENDPROC       _GETBYTESFORMASCIIS
  -------         PROC          _LCD_DISP_SZ_SINGLEBYTECHAR
  X:036FH         SYMBOL        cy
  X:0370H         SYMBOL        cx
  D:0001H         SYMBOL        chr
  -------         DO            
  X:0371H         SYMBOL        p
  X:0374H         SYMBOL        i
  X:0375H         SYMBOL        s
  X:0376H         SYMBOL        page
  X:0377H         SYMBOL        port
  -------         ENDDO         
  C:1AA0H         LINE#         559
  C:1AA8H         LINE#         560
  C:1AA8H         LINE#         564
  C:1AABH         LINE#         565
  C:1AB9H         LINE#         566
  C:1AC6H         LINE#         567
  C:1AC6H         LINE#         568
  C:1AC9H         LINE#         569
  C:1ACAH         LINE#         570
  C:1ACCH         LINE#         572
  C:1ACCH         LINE#         573
  C:1ACFH         LINE#         574
  C:1ADEH         LINE#         576
  C:1ADEH         LINE#         578
  C:1AEDH         LINE#         579
  C:1AEDH         LINE#         580
  C:1AF5H         LINE#         581
  C:1AFCH         LINE#         582
  C:1B0BH         LINE#         583
  C:1B12H         LINE#         584
  C:1B17H         LINE#         585
  C:1B17H         LINE#         586
  C:1B22H         LINE#         587
  C:1B29H         LINE#         588
  C:1B33H         LINE#         589
  C:1B3FH         LINE#         590
  C:1B47H         LINE#         591
  -------         ENDPROC       _LCD_DISP_SZ_SINGLEBYTECHAR
  -------         PROC          _LCD_PUTSINGLEBYTESTRING
  X:0368H         SYMBOL        cx
  X:0369H         SYMBOL        cy
  X:036AH         SYMBOL        s
  -------         DO            
  X:036DH         SYMBOL        wordCount
  X:036EH         SYMBOL        charSize
  -------         ENDDO         
  C:1EDFH         LINE#         592
  C:1EF0H         LINE#         593
  C:1EF0H         LINE#         594
  C:1EF5H         LINE#         598
BL51 BANKED LINKER/LOCATER V6.22                                                      02/25/2014  14:05:21  PAGE 23


  C:1F0EH         LINE#         599
  C:1F0EH         LINE#         600
  C:1F16H         LINE#         601
  C:1F2EH         LINE#         602
  C:1F34H         LINE#         603
  C:1F3EH         LINE#         604
  C:1F45H         LINE#         605
  C:1F45H         LINE#         606
  C:1F4FH         LINE#         607
  C:1F4FH         LINE#         608
  C:1F55H         LINE#         609
  C:1F61H         LINE#         610
  C:1F63H         LINE#         612
  -------         ENDPROC       _LCD_PUTSINGLEBYTESTRING
  -------         PROC          _LCD_PUTCHAR
  D:0007H         SYMBOL        cx
  X:0360H         SYMBOL        cy
  D:0003H         SYMBOL        chr
  -------         DO            
  X:0361H         SYMBOL        p
  X:0364H         SYMBOL        i
  X:0365H         SYMBOL        s
  X:0366H         SYMBOL        page
  X:0367H         SYMBOL        port
  -------         ENDDO         
  C:1C91H         LINE#         614
  C:1C96H         LINE#         617
  C:1C98H         LINE#         618
  C:1C9BH         LINE#         620
  C:1CA7H         LINE#         621
  C:1CB0H         LINE#         622
  C:1CB0H         LINE#         623
  C:1CB3H         LINE#         624
  C:1CB4H         LINE#         625
  C:1CB6H         LINE#         627
  C:1CB6H         LINE#         628
  C:1CB9H         LINE#         629
  C:1CC3H         LINE#         631
  C:1CC3H         LINE#         633
  C:1CD2H         LINE#         634
  C:1CD2H         LINE#         635
  C:1CDBH         LINE#         636
  C:1CE2H         LINE#         637
  C:1CF1H         LINE#         638
  C:1CF8H         LINE#         639
  C:1CFDH         LINE#         640
  C:1CFDH         LINE#         641
  C:1D08H         LINE#         642
  C:1D0FH         LINE#         643
  C:1D19H         LINE#         644
  C:1D25H         LINE#         645
  C:1D2DH         LINE#         646
  -------         ENDPROC       _LCD_PUTCHAR
  -------         PROC          FULLCGRAM
  C:2A23H         LINE#         648
  C:2A23H         LINE#         649
  C:2A23H         LINE#         650
BL51 BANKED LINKER/LOCATER V6.22                                                      02/25/2014  14:05:21  PAGE 24


  C:2A31H         LINE#         651
  -------         ENDPROC       FULLCGRAM
  -------         PROC          HALFCGRAM
  C:2A32H         LINE#         652
  C:2A32H         LINE#         653
  C:2A32H         LINE#         654
  C:2A40H         LINE#         655
  -------         ENDPROC       HALFCGRAM
  -------         PROC          EMPTYCGRAM
  C:2A41H         LINE#         656
  C:2A41H         LINE#         657
  C:2A41H         LINE#         658
  C:2A4FH         LINE#         659
  -------         ENDPROC       EMPTYCGRAM
  -------         PROC          ERRORCGRAM
  C:2A50H         LINE#         660
  C:2A50H         LINE#         661
  C:2A50H         LINE#         662
  C:2A5EH         LINE#         663
  -------         ENDPROC       ERRORCGRAM
  -------         PROC          NULLCGRAM
  C:2A5FH         LINE#         664
  C:2A5FH         LINE#         665
  C:2A5FH         LINE#         666
  C:2A6DH         LINE#         667
  -------         ENDPROC       NULLCGRAM
  -------         PROC          _DISPLAYCGRAM
  D:0007H         SYMBOL        cx
  X:035FH         SYMBOL        cy
  -------         DO            
  X:0360H         SYMBOL        p
  X:0363H         SYMBOL        i
  X:0364H         SYMBOL        s
  X:0365H         SYMBOL        page
  X:0366H         SYMBOL        port
  -------         ENDDO         
  C:1BEDH         LINE#         668
  C:1BF2H         LINE#         669
  C:1BF2H         LINE#         673
  C:1BF5H         LINE#         675
  C:1C0AH         LINE#         676
  C:1C13H         LINE#         677
  C:1C13H         LINE#         678
  C:1C16H         LINE#         679
  C:1C17H         LINE#         680
  C:1C19H         LINE#         682
  C:1C19H         LINE#         683
  C:1C1CH         LINE#         684
  C:1C26H         LINE#         686
  C:1C26H         LINE#         688
  C:1C35H         LINE#         689
  C:1C35H         LINE#         690
  C:1C3EH         LINE#         691
  C:1C45H         LINE#         692
  C:1C54H         LINE#         693
  C:1C5BH         LINE#         694
  C:1C60H         LINE#         695
BL51 BANKED LINKER/LOCATER V6.22                                                      02/25/2014  14:05:21  PAGE 25


  C:1C60H         LINE#         696
  C:1C6BH         LINE#         697
  C:1C72H         LINE#         698
  C:1C7CH         LINE#         699
  C:1C88H         LINE#         700
  C:1C90H         LINE#         701
  -------         ENDPROC       _DISPLAYCGRAM
  -------         PROC          RESETUNDERLINE
  C:2AE7H         LINE#         703
  C:2AE7H         LINE#         704
  C:2AECH         LINE#         705
  C:2AEEH         LINE#         706
  -------         ENDPROC       RESETUNDERLINE
  -------         PROC          _DISPLAYUNDERLINE
  X:035FH         SYMBOL        cx
  X:0360H         SYMBOL        cy
  B:0022H.0       SYMBOL        display
  -------         DO            
  X:0361H         SYMBOL        p
  X:0364H         SYMBOL        i
  X:0365H         SYMBOL        s
  X:0366H         SYMBOL        page
  X:0367H         SYMBOL        port
  -------         ENDDO         
  C:0FA0H         LINE#         707
  C:0FA8H         LINE#         708
  C:0FA8H         LINE#         711
  C:0FABH         LINE#         712
  C:0FABH         LINE#         714
  C:0FABH         LINE#         715
  C:0FB9H         LINE#         716
  C:0FC7H         LINE#         717
  C:0FD0H         LINE#         718
  C:0FD0H         LINE#         719
  C:0FD3H         LINE#         720
  C:0FD7H         LINE#         721
  C:0FD9H         LINE#         723
  C:0FD9H         LINE#         724
  C:0FDCH         LINE#         725
  C:0FE9H         LINE#         727
  C:0FE9H         LINE#         729
  C:0FF8H         LINE#         730
  C:0FF8H         LINE#         731
  C:1001H         LINE#         732
  C:1008H         LINE#         733
  C:1017H         LINE#         734
  C:101EH         LINE#         735
  C:1023H         LINE#         736
  C:1023H         LINE#         737
  C:1026H         LINE#         738
  C:102DH         LINE#         739
  C:1037H         LINE#         740
  C:1043H         LINE#         741
  C:104BH         LINE#         742
  C:104BH         LINE#         743
  C:1054H         LINE#         744
  C:105CH         LINE#         745
BL51 BANKED LINKER/LOCATER V6.22                                                      02/25/2014  14:05:21  PAGE 26


  C:106AH         LINE#         746
  C:1073H         LINE#         747
  C:1073H         LINE#         748
  C:1076H         LINE#         749
  C:107AH         LINE#         750
  C:107CH         LINE#         752
  C:107CH         LINE#         753
  C:107FH         LINE#         754
  C:108CH         LINE#         756
  C:108CH         LINE#         758
  C:109BH         LINE#         759
  C:109BH         LINE#         760
  C:10A4H         LINE#         761
  C:10ABH         LINE#         762
  C:10BAH         LINE#         763
  C:10C1H         LINE#         764
  C:10C6H         LINE#         765
  C:10C6H         LINE#         766
  C:10C9H         LINE#         767
  C:10D0H         LINE#         768
  C:10DAH         LINE#         769
  C:10E6H         LINE#         770
  C:10EEH         LINE#         771
  -------         ENDPROC       _DISPLAYUNDERLINE
  -------         PROC          _LCD_PUTPOSITION
  D:0007H         SYMBOL        x
  D:0005H         SYMBOL        y
  C:2AEFH         LINE#         773
  C:2AEFH         LINE#         774
  C:2AEFH         LINE#         775
  -------         ENDPROC       _LCD_PUTPOSITION
  -------         PROC          CLRSCREEN
  C:0006H         LINE#         778
  C:0006H         LINE#         779
  C:0006H         LINE#         780
  -------         ENDPROC       CLRSCREEN
  -------         ENDMOD        LCD12864

  -------         MODULE        MAIN
  C:0000H         SYMBOL        _ICE_DUMMY_
  D:0096H         PUBLIC        P2M0
  D:0095H         PUBLIC        P2M1
  D:00B2H         PUBLIC        P3M0
  D:0090H         PUBLIC        P1
  C:2064H         PUBLIC        displayStaffInfo
  D:00B1H         PUBLIC        P3M1
  D:00A0H         PUBLIC        P2
  X:026FH         PUBLIC        curSentenceIndex
  D:00CAH         PUBLIC        P5M0
  D:00B0H         PUBLIC        P3
  D:00C9H         PUBLIC        P5M1
  D:00C0H         PUBLIC        P4
  X:0270H         PUBLIC        brightValue
  D:00C8H         PUBLIC        P5
  B:00A8H.7       PUBLIC        EA
  C:1FE5H         PUBLIC        storageBaseInfo
  C:2AF7H         PUBLIC        storageInfo
BL51 BANKED LINKER/LOCATER V6.22                                                      02/25/2014  14:05:21  PAGE 27


  C:29A1H         PUBLIC        yuyinIfNeccessary
  X:0271H         PUBLIC        rready
  X:0272H         PUBLIC        fieldName
  B:0020H.0       PUBLIC        isSelected
  X:027BH         PUBLIC        tready
  D:00A8H         PUBLIC        IE
  C:262FH         PUBLIC        _showAddress
  D:00BDH         PUBLIC        ADC_RES
  C:24E2H         PUBLIC        displayBatState
  D:00B8H         PUBLIC        IP
  C:2AC4H         PUBLIC        clearTime
  C:2808H         PUBLIC        EX0_ISR
  X:027CH         PUBLIC        stateValue
  B:00C0H.4       PUBLIC        LED_RXD
  C:278CH         PUBLIC        main
  X:027EH         PUBLIC        chargeTimeArr
  B:0020H.1       PUBLIC        brightAdFlag
  X:0284H         PUBLIC        batAdValArrIndex
  B:00C0H.2       PUBLIC        LED_TXD
  B:0020H.2       PUBLIC        lockFlag
  C:2A6EH         PUBLIC        _sendData
  C:287BH         PUBLIC        showTimeIfNeccesary
  X:0285H         PUBLIC        batAdValArr
  C:2951H         PUBLIC        _yuyinIfOk
  D:00BCH         PUBLIC        ADC_CONTR
  X:0299H         PUBLIC        commState
  D:0098H         PUBLIC        SCON
  D:0089H         PUBLIC        TMOD
  D:0088H         PUBLIC        TCON
  C:2318H         PUBLIC        init
  B:0020H.3       PUBLIC        inAddrSetting
  B:00A0H.0       PUBLIC        RS_485_2
  X:029AH         PUBLIC        bufIndex
  X:029BH         PUBLIC        batState
  X:029CH         PUBLIC        buf
  X:02CCH         PUBLIC        emptyCount
  X:02CDH         PUBLIC        batStateDesc
  C:2908H         PUBLIC        redisplayStaffInfoIfNecessary
  D:00AFH         PUBLIC        IE2
  D:008EH         PUBLIC        AUXR
  X:02DCH         PUBLIC        fullCount
  C:23D1H         SYMBOL        _?ix1000
  C:23D6H         SYMBOL        _?ix1001
  C:1740H         PUBLIC        displayADC
  X:02DEH         PUBLIC        staffInfoBuf
  X:02F9H         PUBLIC        currentChannel
  C:0C14H         PUBLIC        stateTest
  B:0020H.4       PUBLIC        stateAdFlag
  B:00A8H.1       PUBLIC        ET0
  X:02FAH         PUBLIC        isSetted
  B:0088H.5       PUBLIC        TF0
  B:0020H.5       PUBLIC        brightChangeFlag
  B:0020H.6       PUBLIC        tipFlag
  D:00B5H         PUBLIC        IP2
  D:008CH         PUBLIC        TH0
  C:000EH         PUBLIC        dispLockInfo
  B:00A8H.0       PUBLIC        EX0
BL51 BANKED LINKER/LOCATER V6.22                                                      02/25/2014  14:05:21  PAGE 28


  B:0088H.0       PUBLIC        IT0
  D:00BEH         PUBLIC        ADC_LOW2
  D:00D6H         PUBLIC        T2H
  B:00A0H.7       PUBLIC        isLedDisplay
  C:144AH         PUBLIC        Uart2
  D:008AH         PUBLIC        TL0
  D:00D7H         PUBLIC        T2L
  X:02FBH         PUBLIC        ms50Count
  X:02FDH         PUBLIC        chargingCount
  C:224AH         PUBLIC        _setChargeTimeArr
  B:0088H.4       PUBLIC        TR0
  X:02FFH         PUBLIC        updateStaffInteval
  X:0300H         PUBLIC        isInfoSetted
  B:0020H.7       PUBLIC        isInfraredAllowed
  D:009DH         PUBLIC        P1ASF
  X:0301H         PUBLIC        oldBatState
  X:0302H         PUBLIC        yuyinTimeCount
  B:0021H.0       PUBLIC        timeChanged
  C:20E1H         PUBLIC        updateStaffInfoIfNeccesary
  C:2843H         PUBLIC        _getAdValueByChannel
  D:009BH         PUBLIC        S2BUF
  C:1D2EH         PUBLIC        Timer0_isr
  D:009AH         PUBLIC        S2CON
  D:00C8H         PUBLIC        T2CON
  C:22B1H         PUBLIC        getAdValue
  X:0304H         PUBLIC        exCount
  B:0021H.1       PUBLIC        oldTipFlag
  X:0306H         PUBLIC        msCount
  C:292DH         PUBLIC        lockIfNeccessary
  C:215EH         PUBLIC        retreiveBaseInfo
  C:28E0H         PUBLIC        startSettingIfNecessary
  X:0308H         PUBLIC        mCount
  C:2AFDH         PUBLIC        retreiveInfo
  D:00D0H         PUBLIC        PSW
  B:0021H.2       PUBLIC        updateStaffFlag
  B:00C8H.5       PUBLIC        pLock
  -------         PROC          _SHOWADDRESS
  D:0002H         SYMBOL        x
  D:0003H         SYMBOL        y
  -------         DO            
  X:035FH         SYMBOL        localAddressArr
  -------         ENDDO         
  C:262FH         LINE#         122
  C:2633H         LINE#         124
  C:2645H         LINE#         125
  C:2651H         LINE#         126
  C:2660H         LINE#         127
  C:266BH         LINE#         128
  C:266EH         LINE#         129
  -------         ENDPROC       _SHOWADDRESS
  -------         PROC          DISPLAYSTAFFINFO
  -------         DO            
  X:035FH         SYMBOL        m
  X:0360H         SYMBOL        indexi
  X:0361H         SYMBOL        indexj
  X:0362H         SYMBOL        count
  X:0363H         SYMBOL        isChinese
BL51 BANKED LINKER/LOCATER V6.22                                                      02/25/2014  14:05:21  PAGE 29


  -------         ENDDO         
  C:2064H         LINE#         131
  C:2064H         LINE#         132
  C:206FH         LINE#         134
  C:2072H         LINE#         136
  C:2072H         LINE#         137
  C:2075H         LINE#         138
  C:207EH         LINE#         139
  C:207EH         LINE#         140
  C:2083H         LINE#         141
  C:20A2H         LINE#         142
  C:20BBH         LINE#         143
  C:20C8H         LINE#         144
  C:20C8H         LINE#         145
  C:20C8H         LINE#         147
  C:20D3H         LINE#         148
  C:20E0H         LINE#         149
  C:20E0H         LINE#         150
  -------         ENDPROC       DISPLAYSTAFFINFO
  -------         PROC          REDISPLAYSTAFFINFOIFNECESSARY
  B:0022H.0       SYMBOL        instanceFlag
  C:2908H         LINE#         151
  C:2908H         LINE#         152
  C:290BH         LINE#         154
  C:290BH         LINE#         156
  C:2912H         LINE#         157
  C:2915H         LINE#         158
  C:2918H         LINE#         159
  C:2918H         LINE#         160
  C:2918H         LINE#         161
  C:2921H         LINE#         162
  C:2921H         LINE#         163
  C:2923H         LINE#         164
  C:2925H         LINE#         165
  C:2925H         LINE#         166
  C:292CH         LINE#         167
  C:292CH         LINE#         169
  -------         ENDPROC       REDISPLAYSTAFFINFOIFNECESSARY
  -------         PROC          UPDATESTAFFINFOIFNECCESARY
  -------         DO            
  D:0006H         SYMBOL        m
  D:0005H         SYMBOL        n
  D:0007H         SYMBOL        i
  -------         ENDDO         
  C:20E1H         LINE#         171
  C:20E1H         LINE#         172
  C:20E3H         LINE#         173
  C:20E6H         LINE#         174
  C:20E8H         LINE#         175
  C:20EDH         LINE#         176
  C:20EFH         LINE#         177
  C:20F1H         LINE#         179
  C:20F3H         LINE#         182
  C:211FH         LINE#         184
  C:214BH         LINE#         185
  C:2150H         LINE#         187
  C:2155H         LINE#         193
BL51 BANKED LINKER/LOCATER V6.22                                                      02/25/2014  14:05:21  PAGE 30


  C:2158H         LINE#         194
  C:215DH         LINE#         196
  C:215DH         LINE#         197
  -------         ENDPROC       UPDATESTAFFINFOIFNECCESARY
  -------         PROC          _SENDDATA
  D:0007H         SYMBOL        dat
  C:2A6EH         LINE#         199
  C:2A6EH         LINE#         200
  C:2A6EH         LINE#         201
  C:2A70H         LINE#         203
  C:2A72H         LINE#         204
  C:2A77H         LINE#         205
  C:2A7AH         LINE#         206
  C:2A7CH         LINE#         207
  -------         ENDPROC       _SENDDATA
  -------         PROC          UART2
  C:144AH         LINE#         215
  C:1455H         LINE#         218
  C:145DH         LINE#         220
  C:1460H         LINE#         221
  C:146DH         LINE#         222
  C:146DH         LINE#         223
  C:147FH         LINE#         224
  C:147FH         LINE#         225
  C:1485H         LINE#         227
  C:1485H         LINE#         229
  C:148BH         LINE#         230
  C:148BH         LINE#         231
  C:148EH         LINE#         232
  C:148EH         LINE#         233
  C:1494H         LINE#         235
  C:1494H         LINE#         237
  C:149AH         LINE#         238
  C:149AH         LINE#         239
  C:149DH         LINE#         240
  C:149DH         LINE#         241
  C:14A3H         LINE#         243
  C:14A3H         LINE#         244
  C:14A6H         LINE#         245
  C:14A6H         LINE#         246
  C:14A6H         LINE#         247
  C:14A6H         LINE#         248
  C:14A6H         LINE#         249
  C:14BBH         LINE#         250
  C:14BBH         LINE#         252
  C:14C2H         LINE#         253
  C:14C4H         LINE#         254
  C:14CAH         LINE#         255
  C:14CDH         LINE#         256
  C:14D0H         LINE#         257
  C:14D0H         LINE#         258
  C:14D0H         LINE#         259
  C:14D0H         LINE#         260
  C:14D0H         LINE#         261
  C:14D2H         LINE#         262
  C:14D2H         LINE#         264
  C:14D9H         LINE#         265
BL51 BANKED LINKER/LOCATER V6.22                                                      02/25/2014  14:05:21  PAGE 31


  C:14DBH         LINE#         266
  C:14DDH         LINE#         267
  C:14E2H         LINE#         269
  C:14E4H         LINE#         270
  C:14E4H         LINE#         271
  C:14E4H         LINE#         272
  C:14E4H         LINE#         273
  C:14E4H         LINE#         274
  C:14E6H         LINE#         275
  C:14E6H         LINE#         277
  C:14EDH         LINE#         278
  C:14EFH         LINE#         279
  C:14F5H         LINE#         280
  C:14F7H         LINE#         281
  C:1501H         LINE#         283
  C:1503H         LINE#         284
  C:1505H         LINE#         286
  C:1507H         LINE#         287
  C:150CH         LINE#         288
  C:150EH         LINE#         289
  C:150EH         LINE#         290
  C:150EH         LINE#         291
  C:1510H         LINE#         292
  C:1510H         LINE#         293
  C:1518H         LINE#         295
  C:1518H         LINE#         296
  C:152CH         LINE#         297
  C:1534H         LINE#         298
  C:1536H         LINE#         299
  C:153AH         LINE#         300
  C:153CH         LINE#         302
  C:153CH         LINE#         303
  C:153CH         LINE#         304
  C:153EH         LINE#         305
  C:153EH         LINE#         306
  C:153EH         LINE#         307
  C:153EH         LINE#         309
  C:153EH         LINE#         311
  C:153EH         LINE#         312
  C:1543H         LINE#         313
  C:1546H         LINE#         314
  C:154DH         LINE#         315
  C:154FH         LINE#         316
  C:154FH         LINE#         317
  C:1551H         LINE#         318
  C:1551H         LINE#         320
  -------         ENDPROC       UART2
  -------         PROC          _SETCHARGETIMEARR
  D:0002H         SYMBOL        lmCount
  B:0022H.0       SYMBOL        showTime
  -------         DO            
  D:0007H         SYMBOL        m
  -------         DO            
  X:0360H         SYMBOL        minute
  X:0361H         SYMBOL        hour
  -------         ENDDO         
  -------         ENDDO         
BL51 BANKED LINKER/LOCATER V6.22                                                      02/25/2014  14:05:21  PAGE 32


  C:224AH         LINE#         328
  C:224EH         LINE#         329
  C:224EH         LINE#         330
  C:2251H         LINE#         331
  C:2251H         LINE#         332
  C:225CH         LINE#         333
  C:225DH         LINE#         335
  C:225DH         LINE#         336
  C:225DH         LINE#         337
  C:226DH         LINE#         338
  C:227BH         LINE#         339
  C:2287H         LINE#         340
  C:2292H         LINE#         341
  C:2296H         LINE#         342
  C:22A5H         LINE#         343
  C:22B0H         LINE#         345
  C:22B0H         LINE#         346
  -------         ENDPROC       _SETCHARGETIMEARR
  -------         PROC          SHOWTIMEIFNECCESARY
  -------         DO            
  X:035FH         SYMBOL        m
  -------         ENDDO         
  C:287BH         LINE#         347
  C:287BH         LINE#         348
  C:2880H         LINE#         349
  C:2883H         LINE#         351
  C:2883H         LINE#         352
  C:2890H         LINE#         353
  C:289AH         LINE#         354
  C:289CH         LINE#         356
  C:289CH         LINE#         357
  C:28A4H         LINE#         358
  C:28A4H         LINE#         359
  C:28B1H         LINE#         361
  -------         ENDPROC       SHOWTIMEIFNECCESARY
  -------         PROC          CLEARTIME
  C:2AC4H         LINE#         362
  C:2AC4H         LINE#         363
  C:2ACBH         LINE#         364
  C:2ACFH         LINE#         365
  -------         ENDPROC       CLEARTIME
  -------         PROC          INIT
  -------         DO            
  D:0007H         SYMBOL        m
  -------         ENDDO         
  C:2318H         LINE#         366
  C:2318H         LINE#         369
  C:231BH         LINE#         370
  C:231EH         LINE#         372
  C:2321H         LINE#         373
  C:2324H         LINE#         375
  C:2326H         LINE#         376
  C:2329H         LINE#         377
  C:232BH         LINE#         386
  C:232EH         LINE#         387
  C:2331H         LINE#         388
  C:2334H         LINE#         393
BL51 BANKED LINKER/LOCATER V6.22                                                      02/25/2014  14:05:21  PAGE 33


  C:2337H         LINE#         394
  C:233AH         LINE#         395
  C:233CH         LINE#         396
  C:233EH         LINE#         397
  C:2340H         LINE#         402
  C:2343H         LINE#         403
  C:2346H         LINE#         404
  C:2349H         LINE#         405
  C:234CH         LINE#         406
  C:234FH         LINE#         408
  C:2352H         LINE#         410
  C:2355H         LINE#         411
  C:2358H         LINE#         412
  C:235BH         LINE#         419
  C:235DH         LINE#         420
  C:2360H         LINE#         421
  C:2363H         LINE#         427
  C:2365H         LINE#         428
  C:2367H         LINE#         429
  C:2369H         LINE#         431
  C:236CH         LINE#         434
  C:236CH         LINE#         435
  C:2377H         LINE#         436
  C:2377H         LINE#         438
  C:2379H         LINE#         439
  C:237BH         LINE#         440
  -------         ENDPROC       INIT
  -------         PROC          DISPLAYADC
  -------         DO            
  X:035FH         SYMBOL        stateValueStr
  X:0364H         SYMBOL        adcBrightStr
  -------         ENDDO         
  C:1740H         LINE#         447
  C:1740H         LINE#         449
  C:1753H         LINE#         450
  C:1766H         LINE#         451
  C:176CH         LINE#         453
  C:176CH         LINE#         455
  C:176FH         LINE#         456
  C:1771H         LINE#         457
  C:178AH         LINE#         458
  C:17A7H         LINE#         459
  C:17CAH         LINE#         460
  C:17DAH         LINE#         461
  C:17DDH         LINE#         463
  C:17EAH         LINE#         465
  C:17EAH         LINE#         466
  C:17EDH         LINE#         467
  C:17EFH         LINE#         468
  C:17FEH         LINE#         469
  C:180EH         LINE#         470
  C:1819H         LINE#         471
  C:181CH         LINE#         472
  C:1829H         LINE#         473
  C:1829H         LINE#         475
  -------         ENDPROC       DISPLAYADC
  -------         PROC          DISPLAYBATSTATE
BL51 BANKED LINKER/LOCATER V6.22                                                      02/25/2014  14:05:21  PAGE 34


  C:24E2H         LINE#         476
  C:24E2H         LINE#         479
[...]
  -------         PROC          _DELAYMS
  D:0004H         SYMBOL        t
  C:29D2H         LINE#         7
  C:29D6H         LINE#         9
  C:29E0H         LINE#         11
  C:29E0H         LINE#         12
  C:29E3H         LINE#         13
  C:29E3H         LINE#         14
  C:29E6H         LINE#         15
  C:29E8H         LINE#         17
  -------         ENDPROC       _DELAYMS
  -------         ENDMOD        USEFUL

  -------         MODULE        CONFIG
  C:0000H         SYMBOL        _ICE_DUMMY_
  C:267DH         PUBLIC        irExProcess
  D:0090H         PUBLIC        P1
  D:00A0H         PUBLIC        P2
  C:2A13H         PUBLIC        irTime0Process
  D:00B0H         PUBLIC        P3
BL51 BANKED LINKER/LOCATER V6.22                                                      02/25/2014  14:05:21  PAGE 41


  C:26C4H         PUBLIC        saveConfig
  D:00A8H         PUBLIC        IE
  X:030AH         PUBLIC        curSelBit
  B:0021H.3       PUBLIC        startSetting
  D:00B8H         PUBLIC        IP
  B:0021H.4       PUBLIC        irReceiveFlag
  X:030BH         PUBLIC        configValueArr
  C:28B2H         PUBLIC        dispDigit
  D:0098H         PUBLIC        SCON
  D:0089H         PUBLIC        TMOD
  D:0088H         PUBLIC        TCON
  C:2AA9H         PUBLIC        clearInfraredFlag
  X:0311H         PUBLIC        configInitValueArr
  X:0317H         PUBLIC        configMenuArr
  C:27CAH         PUBLIC        Ircordpro
  B:0021H.5       PUBLIC        inSetting
  B:0021H.6       PUBLIC        irProcessFlag
  X:031DH         PUBLIC        digiBuf
  D:008EH         PUBLIC        AUXR
  X:0320H         PUBLIC        IRcord
  C:258CH         PUBLIC        retreiveConfig
  B:00A8H.1       PUBLIC        ET0
  B:0088H.5       PUBLIC        TF0
  C:2AD0H         PUBLIC        processSettingIfNecessary
  D:008CH         PUBLIC        TH0
  B:00A8H.0       PUBLIC        EX0
  B:0088H.0       PUBLIC        IT0
  D:008AH         PUBLIC        TL0
  X:0324H         PUBLIC        digiDispBuf
  X:0328H         PUBLIC        setState
  B:0088H.4       PUBLIC        TR0
  X:0329H         PUBLIC        irData
  X:034AH         PUBLIC        curMenuIndex
  C:0046H         PUBLIC        Ir_work
  D:00C8H         PUBLIC        T2CON
  X:034BH         PUBLIC        irCount
  C:2538H         PUBLIC        _showMenuItem
  X:034CH         PUBLIC        irTime
  C:296EH         PUBLIC        irInit
  X:034DH         PUBLIC        configMenuStrArr
  D:00D0H         PUBLIC        PSW
  C:2A8CH         PUBLIC        setInfraredFlag
  -------         PROC          SETINFRAREDFLAG
  C:2A8CH         LINE#         22
  C:2A8CH         LINE#         23
  C:2A8EH         LINE#         26
  C:2A91H         LINE#         27
  C:2A94H         LINE#         28
  C:2A96H         LINE#         29
  C:2A98H         LINE#         30
  C:2A9AH         LINE#         31
  -------         ENDPROC       SETINFRAREDFLAG
  -------         PROC          CLEARINFRAREDFLAG
  C:2AA9H         LINE#         33
  C:2AA9H         LINE#         34
  C:2AACH         LINE#         35
  C:2AAEH         LINE#         40
BL51 BANKED LINKER/LOCATER V6.22                                                      02/25/2014  14:05:21  PAGE 42


  C:2AB1H         LINE#         41
  C:2AB4H         LINE#         42
  C:2AB6H         LINE#         43
  C:2AB6H         LINE#         45
  -------         ENDPROC       CLEARINFRAREDFLAG
  -------         PROC          _SHOWMENUITEM
  X:035FH         SYMBOL        index
  B:0022H.0       SYMBOL        selected
  C:2538H         LINE#         47
  C:253DH         LINE#         48
  C:2540H         LINE#         49
  C:2546H         LINE#         51
  C:2552H         LINE#         52
  C:2552H         LINE#         53
  C:255FH         LINE#         54
  C:257FH         LINE#         55
  C:2582H         LINE#         56
  C:258BH         LINE#         57
  C:258BH         LINE#         58
  -------         ENDPROC       _SHOWMENUITEM
  -------         PROC          DISPDIGIT
  C:28B2H         LINE#         59
  C:28B2H         LINE#         62
  C:28BCH         LINE#         63
  C:28C6H         LINE#         64
  C:28D0H         LINE#         65
  C:28D3H         LINE#         66
  -------         ENDPROC       DISPDIGIT
  -------         PROC          IR_WORK
  C:0046H         LINE#         71
  C:0046H         LINE#         72
  C:0046H         LINE#         74
  C:0084H         LINE#         76
  C:0084H         LINE#         77
  C:008DH         LINE#         78
  C:008DH         LINE#         79
  C:008FH         LINE#         80
  C:008FH         LINE#         81
  C:0090H         LINE#         84
  C:0090H         LINE#         86
  C:0097H         LINE#         87
  C:009AH         LINE#         88
  C:009FH         LINE#         89
  C:00A2H         LINE#         91
  C:00A5H         LINE#         92
  C:00ADH         LINE#         93
  C:00B0H         LINE#         95
  C:00B5H         LINE#         98
  C:00BFH         LINE#         99
  C:00D7H         LINE#         100
  C:00E4H         LINE#         101
  C:00F8H         LINE#         102
  C:00F8H         LINE#         103
  C:00FBH         LINE#         104
  C:0103H         LINE#         105
  C:0103H         LINE#         106
  C:0103H         LINE#         107
BL51 BANKED LINKER/LOCATER V6.22                                                      02/25/2014  14:05:21  PAGE 43


  C:0103H         LINE#         108
  C:0103H         LINE#         109
  C:0103H         LINE#         110
  C:0103H         LINE#         111
  C:0106H         LINE#         112
  C:0111H         LINE#         113
  C:0119H         LINE#         114
  C:011EH         LINE#         116
  C:0120H         LINE#         117
  C:0121H         LINE#         118
  C:0121H         LINE#         119
  C:0146H         LINE#         120
  C:0149H         LINE#         121
  C:0156H         LINE#         122
  C:015CH         LINE#         125
  C:015CH         LINE#         126
  C:015CH         LINE#         129
  C:015DH         LINE#         130
  C:015DH         LINE#         131
  C:016AH         LINE#         132
  C:016FH         LINE#         134
  C:0172H         LINE#         136
  C:0175H         LINE#         137
  C:0177H         LINE#         138
  C:017CH         LINE#         139
  C:017CH         LINE#         140
  C:0183H         LINE#         141
  C:0186H         LINE#         142
  C:018DH         LINE#         144
  C:0190H         LINE#         145
  C:0197H         LINE#         146
  C:019AH         LINE#         147
  C:01A1H         LINE#         148
  C:01A4H         LINE#         149
  C:01AFH         LINE#         150
  C:01B2H         LINE#         151
  C:01BCH         LINE#         152
  C:01C5H         LINE#         153
  C:01C8H         LINE#         154
  C:01CCH         LINE#         156
  C:01CCH         LINE#         157
  C:01CCH         LINE#         158
  C:01CFH         LINE#         159
  C:01CFH         LINE#         160
  C:01D6H         LINE#         162
  C:01EBH         LINE#         164
  C:01EDH         LINE#         166
  C:01F0H         LINE#         167
  C:01FBH         LINE#         168
  C:020FH         LINE#         169
  C:020FH         LINE#         173
  C:020FH         LINE#         174
  C:0211H         LINE#         175
  C:0211H         LINE#         176
  C:0218H         LINE#         178
  C:022DH         LINE#         180
  C:022FH         LINE#         182
BL51 BANKED LINKER/LOCATER V6.22                                                      02/25/2014  14:05:21  PAGE 44


  C:0232H         LINE#         183
  C:023DH         LINE#         184
  C:0252H         LINE#         185
  C:025AH         LINE#         189
  C:025AH         LINE#         190
  C:025AH         LINE#         191
  C:025AH         LINE#         192
  C:0261H         LINE#         194
  C:0276H         LINE#         196
  C:0278H         LINE#         198
  C:0285H         LINE#         200
  C:02ACH         LINE#         201
  C:02ACH         LINE#         202
  C:02ACH         LINE#         203
  C:02AFH         LINE#         204
  C:02AFH         LINE#         205
  C:02B6H         LINE#         207
  C:02CBH         LINE#         209
  C:02D0H         LINE#         211
  C:02DBH         LINE#         213
  C:0302H         LINE#         214
  C:0302H         LINE#         215
  C:0302H         LINE#         216
  C:0305H         LINE#         217
  C:0305H         LINE#         218
  C:0310H         LINE#         219
  C:031EH         LINE#         220
  C:031EH         LINE#         221
  C:031EH         LINE#         222
  C:0321H         LINE#         223
  C:0321H         LINE#         224
  C:032CH         LINE#         225
  C:033BH         LINE#         226
  C:033BH         LINE#         227
  C:033BH         LINE#         228
  C:033EH         LINE#         229
  C:033EH         LINE#         230
  C:0349H         LINE#         231
  C:0358H         LINE#         232
  C:0358H         LINE#         233
  C:0358H         LINE#         234
  C:035BH         LINE#         235
  C:035BH         LINE#         236
  C:0366H         LINE#         237
  C:0375H         LINE#         238
  C:0375H         LINE#         239
  C:0375H         LINE#         240
  C:0378H         LINE#         241
  C:0378H         LINE#         242
  C:0383H         LINE#         243
  C:0392H         LINE#         244
  C:0392H         LINE#         245
  C:0392H         LINE#         246
  C:0394H         LINE#         247
  C:0394H         LINE#         248
  C:039CH         LINE#         249
  C:03ABH         LINE#         250
BL51 BANKED LINKER/LOCATER V6.22                                                      02/25/2014  14:05:21  PAGE 45


  C:03ABH         LINE#         251
  C:03ABH         LINE#         252
  C:03ADH         LINE#         253
  C:03ADH         LINE#         254
  C:03B5H         LINE#         255
  C:03C4H         LINE#         256
  C:03C4H         LINE#         257
  C:03C4H         LINE#         258
  C:03C6H         LINE#         259
  C:03C6H         LINE#         260
  C:03CEH         LINE#         261
  C:03DDH         LINE#         262
  C:03DDH         LINE#         263
  C:03DDH         LINE#         264
  C:03DFH         LINE#         265
  C:03DFH         LINE#         266
  C:03E6H         LINE#         267
  C:03F5H         LINE#         268
  C:03F5H         LINE#         269
  C:03F5H         LINE#         270
  C:03F7H         LINE#         271
  C:03F7H         LINE#         272
  C:03FEH         LINE#         273
  C:040EH         LINE#         274
  C:0411H         LINE#         275
  C:0411H         LINE#         276
  C:0411H         LINE#         278
  C:0411H         LINE#         280
  C:0411H         LINE#         282
  C:0411H         LINE#         284
  -------         ENDPROC       IR_WORK
  -------         PROC          IRCORDPRO
  -------         DO            
  D:0005H         SYMBOL        i
  D:0004H         SYMBOL        j
  D:0006H         SYMBOL        k
  D:0003H         SYMBOL        cord
  D:0007H         SYMBOL        value
  -------         ENDDO         
  C:27CAH         LINE#         286
  C:27CAH         LINE#         287
  C:27CAH         LINE#         288
  C:27CCH         LINE#         291
  C:27CEH         LINE#         292
  C:27CEH         LINE#         293
  C:27D0H         LINE#         294
  C:27D0H         LINE#         295
  C:27DBH         LINE#         297
  C:27E0H         LINE#         298
  C:27E0H         LINE#         299
  C:27E4H         LINE#         300
  C:27E4H         LINE#         301
  C:27EAH         LINE#         302
  C:27EAH         LINE#         303
  C:27EEH         LINE#         304
  C:27EEH         LINE#         305
  C:27EFH         LINE#         306
BL51 BANKED LINKER/LOCATER V6.22                                                      02/25/2014  14:05:21  PAGE 46


  C:27F4H         LINE#         307
  C:2800H         LINE#         308
  C:2802H         LINE#         309
  C:2807H         LINE#         310
  -------         ENDPROC       IRCORDPRO
  -------         PROC          SAVECONFIG
  -------         DO            
  X:035FH         SYMBOL        m
  -------         ENDDO         
  C:26C4H         LINE#         313
  C:26C4H         LINE#         315
  C:26CAH         LINE#         316
  C:26CFH         LINE#         317
  C:26E4H         LINE#         318
  C:26FDH         LINE#         319
  C:2709H         LINE#         320
  -------         ENDPROC       SAVECONFIG
  -------         PROC          RETREIVECONFIG
  -------         DO            
  X:035FH         SYMBOL        m
  -------         ENDDO         
  C:258CH         LINE#         321
  C:258CH         LINE#         323
  C:259BH         LINE#         325
  C:25B0H         LINE#         326
  C:25BEH         LINE#         327
  C:25D6H         LINE#         328
  C:25D6H         LINE#         329
  C:25DEH         LINE#         330
  -------         ENDPROC       RETREIVECONFIG
  -------         PROC          PROCESSSETTINGIFNECESSARY
  C:2AD0H         LINE#         331
  C:2AD0H         LINE#         334
  C:2AD0H         LINE#         335
  C:2AD3H         LINE#         336
  C:2AD3H         LINE#         337
  C:2AD6H         LINE#         338
  C:2AD9H         LINE#         339
  C:2ADBH         LINE#         340
  C:2ADBH         LINE#         341
  C:2ADBH         LINE#         344
  -------         ENDPROC       PROCESSSETTINGIFNECESSARY
  -------         PROC          IRTIME0PROCESS
  C:2A13H         LINE#         345
  C:2A13H         LINE#         346
  C:2A16H         LINE#         347
  C:2A19H         LINE#         349
  C:2A1CH         LINE#         350
  C:2A1CH         LINE#         351
  C:2A22H         LINE#         352
  C:2A22H         LINE#         353
  -------         ENDPROC       IRTIME0PROCESS
  -------         PROC          IREXPROCESS
  C:267DH         LINE#         354
  C:267DH         LINE#         355
  C:2680H         LINE#         356
  C:2680H         LINE#         358
BL51 BANKED LINKER/LOCATER V6.22                                                      02/25/2014  14:05:21  PAGE 47


  C:2683H         LINE#         359
  C:2683H         LINE#         362
  C:2692H         LINE#         363
  C:2697H         LINE#         364
  C:2697H         LINE#         365
  C:26A6H         LINE#         366
  C:26ABH         LINE#         367
  C:26B1H         LINE#         368
  C:26B5H         LINE#         369
  C:26B5H         LINE#         371
  C:26B7H         LINE#         372
  C:26B9H         LINE#         373
  C:26BBH         LINE#         376
  C:26BBH         LINE#         378
  C:26BCH         LINE#         379
  C:26BCH         LINE#         380
  C:26BEH         LINE#         381
  C:26C3H         LINE#         384
  C:26C3H         LINE#         385
  C:26C3H         LINE#         386
  -------         ENDPROC       IREXPROCESS
  -------         PROC          IRINIT
  C:296EH         LINE#         387
  C:296EH         LINE#         389
  C:2971H         LINE#         390
  C:2974H         LINE#         391
  C:2977H         LINE#         392
  C:297AH         LINE#         393
  C:297DH         LINE#         394
  C:297FH         LINE#         395
  C:2981H         LINE#         396
  C:2983H         LINE#         398
  C:2985H         LINE#         399
  C:2987H         LINE#         402
  -------         ENDPROC       IRINIT
  -------         ENDMOD        CONFIG

  -------         MODULE        YUYIN
  C:0000H         SYMBOL        _ICE_DUMMY_
  D:0090H         PUBLIC        P1
  D:00B0H         PUBLIC        P3
  D:00A8H         PUBLIC        IE
  D:00B8H         PUBLIC        IP
  D:0098H         PUBLIC        SCON
  D:0088H         PUBLIC        TCON
  B:00B0H.5       PUBLIC        dat
  C:274BH         PUBLIC        _yuyin
  C:2B03H         PUBLIC        initYuyin
  B:00B0H.6       PUBLIC        rst
  D:00C8H         PUBLIC        T2CON
  D:00D0H         PUBLIC        PSW
  -------         PROC          INITYUYIN
  C:2B03H         LINE#         3
  C:2B03H         LINE#         4
  C:2B05H         LINE#         5
  C:2B07H         LINE#         6
  -------         ENDPROC       INITYUYIN
BL51 BANKED LINKER/LOCATER V6.22                                                      02/25/2014  14:05:21  PAGE 48


  -------         PROC          _YUYIN
  X:035FH         SYMBOL        cnt
  C:274BH         LINE#         7
  C:2750H         LINE#         8
  C:2756H         LINE#         10
  C:2756H         LINE#         12
  C:2758H         LINE#         13
  C:275FH         LINE#         15
  C:2761H         LINE#         17
  C:2768H         LINE#         18
  C:2771H         LINE#         19
  C:2773H         LINE#         21
  C:277AH         LINE#         22
  C:277CH         LINE#         24
  C:2783H         LINE#         26
  C:2789H         LINE#         27
  C:278BH         LINE#         29
  -------         ENDPROC       _YUYIN
  -------         ENDMOD        YUYIN

  -------         MODULE        ?C?COPY
  C:0845H         PUBLIC        ?C?COPY
  -------         ENDMOD        ?C?COPY

  -------         MODULE        ?C?CLDPTR
  C:086BH         PUBLIC        ?C?CLDPTR
  -------         ENDMOD        ?C?CLDPTR

  -------         MODULE        ?C?CLDOPTR
  C:0884H         PUBLIC        ?C?CLDOPTR
  -------         ENDMOD        ?C?CLDOPTR

  -------         MODULE        ?C?CSTPTR
  C:08B1H         PUBLIC        ?C?CSTPTR
  -------         ENDMOD        ?C?CSTPTR

  -------         MODULE        ?C?CSTOPTR
  C:08C3H         PUBLIC        ?C?CSTOPTR
  -------         ENDMOD        ?C?CSTOPTR

  -------         MODULE        ?C?IMUL
  C:08E5H         PUBLIC        ?C?IMUL
  -------         ENDMOD        ?C?IMUL

  -------         MODULE        ?C?UIDIV
  C:08F7H         PUBLIC        ?C?UIDIV
  -------         ENDMOD        ?C?UIDIV

  -------         MODULE        ?C?IILDX
  C:094CH         PUBLIC        ?C?IILDX
  -------         ENDMOD        ?C?IILDX

  -------         MODULE        ?C?ILDIX
  C:0962H         PUBLIC        ?C?ILDIX
  -------         ENDMOD        ?C?ILDIX

  -------         MODULE        ?C?LMUL
BL51 BANKED LINKER/LOCATER V6.22                                                      02/25/2014  14:05:21  PAGE 49


  C:0978H         PUBLIC        ?C?LMUL
  -------         ENDMOD        ?C?LMUL

  -------         MODULE        ?C?ULSHR
  C:09C7H         PUBLIC        ?C?ULSHR
  -------         ENDMOD        ?C?ULSHR

  -------         MODULE        ?C?LSTXDATA
  C:09DAH         PUBLIC        ?C?LSTXDATA
  -------         ENDMOD        ?C?LSTXDATA

  -------         MODULE        ?C?CCASE
  C:09E6H         PUBLIC        ?C?CCASE
  -------         ENDMOD        ?C?CCASE

*** WARNING L16: UNCALLED SEGMENT, IGNORED FOR OVERLAY PROCESS
    SEGMENT: ?PR?_LCD_PUTSTRING_24?LCD12864

*** WARNING L16: UNCALLED SEGMENT, IGNORED FOR OVERLAY PROCESS
    SEGMENT: ?PR?_LCD_PUTSTRING_24_CY?LCD12864

*** WARNING L16: UNCALLED SEGMENT, IGNORED FOR OVERLAY PROCESS
    SEGMENT: ?PR?RESETUNDERLINE?LCD12864

*** WARNING L16: UNCALLED SEGMENT, IGNORED FOR OVERLAY PROCESS
    SEGMENT: ?PR?STORAGEINFO?MAIN

*** WARNING L16: UNCALLED SEGMENT, IGNORED FOR OVERLAY PROCESS
    SEGMENT: ?PR?IRINIT?CONFIG

Program Size: data=19.1 xdata=952 code=11014
LINK/LOCATE RUN COMPLETE.  5 WARNING(S),  0 ERROR(S)
